Archive member included to satisfy reference by file (symbol)

c:/program files (x86)/embitz2/share/armgcc/bin/../lib/gcc/arm-none-eabi/9.3.1/thumb/v7-m/nofp\libgcc.a(_arm_addsubsf3.o)
                              obj\wc24h-stm32f103-debug\~#\src\ds18xx\ds18xx.o (__aeabi_ui2f)
c:/program files (x86)/embitz2/share/armgcc/bin/../lib/gcc/arm-none-eabi/9.3.1/thumb/v7-m/nofp\libgcc.a(_arm_muldivsf3.o)
                              obj\wc24h-stm32f103-debug\~#\src\ds18xx\ds18xx.o (__aeabi_fdiv)
c:/program files (x86)/embitz2/share/armgcc/bin/../lib/gcc/arm-none-eabi/9.3.1/thumb/v7-m/nofp\libgcc.a(_arm_cmpsf2.o)
                              obj\wc24h-stm32f103-debug\~#\src\ds18xx\ds18xx.o (__aeabi_fcmpeq)
c:/program files (x86)/embitz2/share/armgcc/bin/../lib/gcc/arm-none-eabi/9.3.1/thumb/v7-m/nofp\libgcc.a(_arm_fixunssfsi.o)
                              obj\wc24h-stm32f103-debug\~#\src\ds18xx\ds18xx.o (__aeabi_f2uiz)
c:/program files (x86)/embitz2/share/armgcc/bin/../lib/gcc/arm-none-eabi/9.3.1/thumb/v7-m/nofp\libgcc.a(_aeabi_ldivmod.o)
                              obj\wc24h-stm32f103-debug\~#\src\base\base.o (__aeabi_ldivmod)
c:/program files (x86)/embitz2/share/armgcc/bin/../lib/gcc/arm-none-eabi/9.3.1/thumb/v7-m/nofp\libgcc.a(_udivmoddi4.o)
                              c:/program files (x86)/embitz2/share/armgcc/bin/../lib/gcc/arm-none-eabi/9.3.1/thumb/v7-m/nofp\libgcc.a(_aeabi_ldivmod.o) (__udivmoddi4)
c:/program files (x86)/embitz2/share/armgcc/bin/../lib/gcc/arm-none-eabi/9.3.1/thumb/v7-m/nofp\libgcc.a(_dvmd_tls.o)
                              c:/program files (x86)/embitz2/share/armgcc/bin/../lib/gcc/arm-none-eabi/9.3.1/thumb/v7-m/nofp\libgcc.a(_aeabi_ldivmod.o) (__aeabi_ldiv0)
c:/program files (x86)/embitz2/share/armgcc/bin/../lib/gcc/arm-none-eabi/9.3.1/../../../../arm-none-eabi/lib/thumb/v7-m/nofp\libg_nano.a(lib_a-atoi.o)
                              obj\wc24h-stm32f103-debug\~#\src\main.o (atoi)
c:/program files (x86)/embitz2/share/armgcc/bin/../lib/gcc/arm-none-eabi/9.3.1/../../../../arm-none-eabi/lib/thumb/v7-m/nofp\libg_nano.a(lib_a-exit.o)
                              c:/program files (x86)/embitz2/share/armgcc/bin/../lib/gcc/arm-none-eabi/9.3.1/../../../../arm-none-eabi/lib/thumb/v7-m/nofp/crt0.o (exit)
c:/program files (x86)/embitz2/share/armgcc/bin/../lib/gcc/arm-none-eabi/9.3.1/../../../../arm-none-eabi/lib/thumb/v7-m/nofp\libg_nano.a(lib_a-impure.o)
                              c:/program files (x86)/embitz2/share/armgcc/bin/../lib/gcc/arm-none-eabi/9.3.1/../../../../arm-none-eabi/lib/thumb/v7-m/nofp\libg_nano.a(lib_a-exit.o) (_global_impure_ptr)
c:/program files (x86)/embitz2/share/armgcc/bin/../lib/gcc/arm-none-eabi/9.3.1/../../../../arm-none-eabi/lib/thumb/v7-m/nofp\libg_nano.a(lib_a-init.o)
                              c:/program files (x86)/embitz2/share/armgcc/bin/../lib/gcc/arm-none-eabi/9.3.1/../../../../arm-none-eabi/lib/thumb/v7-m/nofp/crt0.o (__libc_init_array)
c:/program files (x86)/embitz2/share/armgcc/bin/../lib/gcc/arm-none-eabi/9.3.1/../../../../arm-none-eabi/lib/thumb/v7-m/nofp\libg_nano.a(lib_a-memcpy-stub.o)
                              obj\wc24h-stm32f103-debug\~#\src\irmp\irmp.o (memcpy)
c:/program files (x86)/embitz2/share/armgcc/bin/../lib/gcc/arm-none-eabi/9.3.1/../../../../arm-none-eabi/lib/thumb/v7-m/nofp\libg_nano.a(lib_a-memset.o)
                              c:/program files (x86)/embitz2/share/armgcc/bin/../lib/gcc/arm-none-eabi/9.3.1/../../../../arm-none-eabi/lib/thumb/v7-m/nofp/crt0.o (memset)
c:/program files (x86)/embitz2/share/armgcc/bin/../lib/gcc/arm-none-eabi/9.3.1/../../../../arm-none-eabi/lib/thumb/v7-m/nofp\libg_nano.a(lib_a-sprintf.o)
                              obj\wc24h-stm32f103-debug\~#\src\display\display.o (sprintf)
c:/program files (x86)/embitz2/share/armgcc/bin/../lib/gcc/arm-none-eabi/9.3.1/../../../../arm-none-eabi/lib/thumb/v7-m/nofp\libg_nano.a(lib_a-strcat.o)
                              obj\wc24h-stm32f103-debug\~#\src\weather\weather.o (strcat)
c:/program files (x86)/embitz2/share/armgcc/bin/../lib/gcc/arm-none-eabi/9.3.1/../../../../arm-none-eabi/lib/thumb/v7-m/nofp\libg_nano.a(lib_a-strchr.o)
                              obj\wc24h-stm32f103-debug\~#\src\main.o (strchr)
c:/program files (x86)/embitz2/share/armgcc/bin/../lib/gcc/arm-none-eabi/9.3.1/../../../../arm-none-eabi/lib/thumb/v7-m/nofp\libg_nano.a(lib_a-strcmp.o)
                              obj\wc24h-stm32f103-debug\~#\src\esp8266\esp8266.o (strcmp)
c:/program files (x86)/embitz2/share/armgcc/bin/../lib/gcc/arm-none-eabi/9.3.1/../../../../arm-none-eabi/lib/thumb/v7-m/nofp\libg_nano.a(lib_a-strcpy.o)
                              obj\wc24h-stm32f103-debug\~#\src\timeserver\timeserver.o (strcpy)
c:/program files (x86)/embitz2/share/armgcc/bin/../lib/gcc/arm-none-eabi/9.3.1/../../../../arm-none-eabi/lib/thumb/v7-m/nofp\libg_nano.a(lib_a-strlen.o)
                              obj\wc24h-stm32f103-debug\~#\src\display\display.o (strlen)
[...]
Memory Configuration

Name             Origin             Length             Attributes
FLASH            0x08000000         0x00010000         xr
RAM              0x20000000         0x00005000         xrw
*default*        0x00000000         0xffffffff

Linker script and memory map

LOAD c:/program files (x86)/embitz2/share/armgcc/bin/../lib/gcc/arm-none-eabi/9.3.1/thumb/v7-m/nofp/crti.o
LOAD c:/program files (x86)/embitz2/share/armgcc/bin/../lib/gcc/arm-none-eabi/9.3.1/thumb/v7-m/nofp/crtbegin.o
LOAD c:/program files (x86)/embitz2/share/armgcc/bin/../lib/gcc/arm-none-eabi/9.3.1/../../../../arm-none-eabi/lib/thumb/v7-m/nofp/crt0.o
                0x00000000                __HEAP_SIZE = 0x0
                0x00000100                __STACK_SIZE = 0x100
                0x00000000                _Min_Heap_Size = __HEAP_SIZE
                0x00000100                _Min_Stack_Size = __STACK_SIZE
                0x20005000                _estack = (ORIGIN (RAM) + LENGTH (RAM))

.isr_vector     0x08000000      0x10c
                0x08000000                . = ALIGN (0x4)
 *(.isr_vector)
 .isr_vector    0x08000000      0x10c obj\wc24h-stm32f103-debug\src\startup_stm32f103xb.o
                0x08000000                g_pfnVectors
                0x0800010c                . = ALIGN (0x4)

.text           0x0800010c    0x166d8
                0x0800010c                . = ALIGN (0x4)
 *(.text)
 .text          0x0800010c       0x40 c:/program files (x86)/embitz2/share/armgcc/bin/../lib/gcc/arm-none-eabi/9.3.1/thumb/v7-m/nofp/crtbegin.o
 .text          0x0800014c       0xa0 c:/program files (x86)/embitz2/share/armgcc/bin/../lib/gcc/arm-none-eabi/9.3.1/thumb/v7-m/nofp\libgcc.a(_aeabi_ldivmod.o)
                0x0800014c                __aeabi_ldivmod
 .text          0x080001ec      0x2c4 c:/program files (x86)/embitz2/share/armgcc/bin/../lib/gcc/arm-none-eabi/9.3.1/thumb/v7-m/nofp\libgcc.a(_udivmoddi4.o)
                0x080001ec                __udivmoddi4
 .text          0x080004b0        0x4 c:/program files (x86)/embitz2/share/armgcc/bin/../lib/gcc/arm-none-eabi/9.3.1/thumb/v7-m/nofp\libgcc.a(_dvmd_tls.o)
                0x080004b0                __aeabi_idiv0
                0x080004b0                __aeabi_ldiv0
 .text          0x080004b4       0x14 c:/program files (x86)/embitz2/share/armgcc/bin/../lib/gcc/arm-none-eabi/9.3.1/../../../../arm-none-eabi/lib/thumb/v7-m/nofp\libg_nano.a(lib_a-strcmp.o)
                0x080004b4                strcmp
 .text          0x080004c8       0x10 c:/program files (x86)/embitz2/share/armgcc/bin/../lib/gcc/arm-none-eabi/9.3.1/../../../../arm-none-eabi/lib/thumb/v7-m/nofp\libg_nano.a(lib_a-strlen.o)
                0x080004c8                strlen
 *(.text*)
 .text.adc_init
                0x080004d8       0xd0 obj\wc24h-stm32f103-debug\~#\src\adc\adc.o
                0x080004d8                adc_init
 .text.adc_start_single_conversion
                0x080005a8       0x20 obj\wc24h-stm32f103-debug\~#\src\adc\adc.o
                0x080005a8                adc_start_single_conversion
 .text.adc_poll_conversion_value
                0x080005c8       0x4c obj\wc24h-stm32f103-debug\~#\src\adc\adc.o
                0x080005c8                adc_poll_conversion_value
 .text.alarm_read_data_from_eep
                0x08000614      0x104 obj\wc24h-stm32f103-debug\~#\src\alarm\alarm.o
                0x08000614                alarm_read_data_from_eep
 .text.alarm_write_data_to_eep
                0x08000718       0xc4 obj\wc24h-stm32f103-debug\~#\src\alarm\alarm.o
                0x08000718                alarm_write_data_to_eep
 .text.alarm_check_alarm_times
                0x080007dc       0xd4 obj\wc24h-stm32f103-debug\~#\src\alarm\alarm.o
                0x080007dc                alarm_check_alarm_times
 .text.alarm_init
                0x080008b0        0xc obj\wc24h-stm32f103-debug\~#\src\alarm\alarm.o
                0x080008b0                alarm_init
 .text.add_days
                0x080008bc      0x160 obj\wc24h-stm32f103-debug\~#\src\base\base.o
                0x080008bc                add_days
 .text.dayofweek
                0x08000a1c       0x9c obj\wc24h-stm32f103-debug\~#\src\base\base.o
                0x08000a1c                dayofweek
 .text.days_of_month
                0x08000ab8       0x70 obj\wc24h-stm32f103-debug\~#\src\base\base.o
                0x08000ab8                days_of_month
 .text.get_easter
                0x08000b28      0x19c obj\wc24h-stm32f103-debug\~#\src\base\base.o
 .text.init_date_codes
                0x08000cc4      0x38c obj\wc24h-stm32f103-debug\~#\src\base\base.o
                0x08000cc4                init_date_codes
 .text.get_date_by_date_code
                0x08001050       0x30 obj\wc24h-stm32f103-debug\~#\src\base\base.o
                0x08001050                get_date_by_date_code
 .text.htoi     0x08001080       0x92 obj\wc24h-stm32f103-debug\~#\src\base\base.o
                0x08001080                htoi
 .text.strsubst
                0x08001112       0x3c obj\wc24h-stm32f103-debug\~#\src\base\base.o
                0x08001112                strsubst
 *fill*         0x0800114e        0x2 
 .text.my_srand
                0x08001150       0x40 obj\wc24h-stm32f103-debug\~#\src\base\base.o
                0x08001150                my_srand
 .text.my_rand  0x08001190       0xcc obj\wc24h-stm32f103-debug\~#\src\base\base.o
                0x08001190                my_rand
 .text.my_gmtime
                0x0800125c      0x240 obj\wc24h-stm32f103-debug\~#\src\base\base.o
                0x0800125c                my_gmtime
 .text.board_led_init
                0x0800149c       0x40 obj\wc24h-stm32f103-debug\~#\src\board-led\board-led.o
                0x0800149c                board_led_init
 .text.board_led_on
                0x080014dc       0x18 obj\wc24h-stm32f103-debug\~#\src\board-led\board-led.o
                0x080014dc                board_led_on
 .text.board_led_off
                0x080014f4       0x18 obj\wc24h-stm32f103-debug\~#\src\board-led\board-led.o
                0x080014f4                board_led_off
 .text.button_init
                0x0800150c       0x38 obj\wc24h-stm32f103-debug\~#\src\button\button.o
                0x0800150c                button_init
 .text.button_pressed
                0x08001544       0x24 obj\wc24h-stm32f103-debug\~#\src\button\button.o
                0x08001544                button_pressed
 .text.dcf77_time
                0x08001568       0x9c obj\wc24h-stm32f103-debug\~#\src\dcf77\dcf77.o
                0x08001568                dcf77_time
 .text.dcf77_pon_set
                0x08001604       0x18 obj\wc24h-stm32f103-debug\~#\src\dcf77\dcf77.o
 .text.dcf77_pon_reset
                0x0800161c       0x18 obj\wc24h-stm32f103-debug\~#\src\dcf77\dcf77.o
 .text.dcf77_init
                0x08001634       0x68 obj\wc24h-stm32f103-debug\~#\src\dcf77\dcf77.o
                0x08001634                dcf77_init
 .text.dcf77_tick
                0x0800169c      0x798 obj\wc24h-stm32f103-debug\~#\src\dcf77\dcf77.o
                0x0800169c                dcf77_tick
 .text.NVIC_SetPriority
                0x08001e34       0x54 obj\wc24h-stm32f103-debug\~#\src\delay\delay.o
 .text.SysTick_Config
                0x08001e88       0x44 obj\wc24h-stm32f103-debug\~#\src\delay\delay.o
 .text.SysTick_Handler
                0x08001ecc       0x24 obj\wc24h-stm32f103-debug\~#\src\delay\delay.o
                0x08001ecc                SysTick_Handler
 .text.delay_usec
                0x08001ef0       0x48 obj\wc24h-stm32f103-debug\~#\src\delay\delay.o
                0x08001ef0                delay_usec
 .text.delay_msec
                0x08001f38       0x34 obj\wc24h-stm32f103-debug\~#\src\delay\delay.o
                0x08001f38                delay_msec
 .text.delay_sec
                0x08001f6c       0x26 obj\wc24h-stm32f103-debug\~#\src\delay\delay.o
                0x08001f6c                delay_sec
 *fill*         0x08001f92        0x2 
 .text.delay_init
                0x08001f94       0x58 obj\wc24h-stm32f103-debug\~#\src\delay\delay.o
                0x08001f94                delay_init
 .text.dfplayer_uart_init
                0x08001fec       0xec obj\wc24h-stm32f103-debug\~#\src\dfplayer\dfplayer-uart.o
                0x08001fec                dfplayer_uart_init
 .text.dfplayer_uart_putc
                0x080020d8       0x68 obj\wc24h-stm32f103-debug\~#\src\dfplayer\dfplayer-uart.o
                0x080020d8                dfplayer_uart_putc
 .text.dfplayer_uart_getc
                0x08002140       0x5c obj\wc24h-stm32f103-debug\~#\src\dfplayer\dfplayer-uart.o
                0x08002140                dfplayer_uart_getc
 .text.dfplayer_uart_rsize
                0x0800219c       0x14 obj\wc24h-stm32f103-debug\~#\src\dfplayer\dfplayer-uart.o
                0x0800219c                dfplayer_uart_rsize
 .text.USART3_IRQHandler
                0x080021b0       0xec obj\wc24h-stm32f103-debug\~#\src\dfplayer\dfplayer-uart.o
                0x080021b0                USART3_IRQHandler
 .text.calc_checksum
                0x0800229c       0x3e obj\wc24h-stm32f103-debug\~#\src\dfplayer\dfplayer.o
 *fill*         0x080022da        0x2 
 .text.dfplayer_send_cmd
                0x080022dc       0xb0 obj\wc24h-stm32f103-debug\~#\src\dfplayer\dfplayer.o
 .text.dfplayer_read_message
                0x0800238c      0x58c obj\wc24h-stm32f103-debug\~#\src\dfplayer\dfplayer.o
                0x0800238c                dfplayer_read_message
 .text.dfplayer_set_volume
                0x08002918       0x28 obj\wc24h-stm32f103-debug\~#\src\dfplayer\dfplayer.o
                0x08002918                dfplayer_set_volume
 .text.dfplayer_set_eq
                0x08002940       0x28 obj\wc24h-stm32f103-debug\~#\src\dfplayer\dfplayer.o
                0x08002940                dfplayer_set_eq
 .text.dfplayer_source_device
                0x08002968       0x2c obj\wc24h-stm32f103-debug\~#\src\dfplayer\dfplayer.o
                0x08002968                dfplayer_source_device
 .text.dfplayer_reset
                0x08002994       0x10 obj\wc24h-stm32f103-debug\~#\src\dfplayer\dfplayer.o
                0x08002994                dfplayer_reset
 .text.dfplayer_play_folder
                0x080029a4       0x2a obj\wc24h-stm32f103-debug\~#\src\dfplayer\dfplayer.o
                0x080029a4                dfplayer_play_folder
 *fill*         0x080029ce        0x2 
 .text.dfplayer_query_software_version
                0x080029d0       0x24 obj\wc24h-stm32f103-debug\~#\src\dfplayer\dfplayer.o
                0x080029d0                dfplayer_query_software_version
 .text.dfplayer_read_config_from_eep
                0x080029f4      0x100 obj\wc24h-stm32f103-debug\~#\src\dfplayer\dfplayer.o
                0x080029f4                dfplayer_read_config_from_eep
 .text.dfplayer_save_volume
                0x08002af4       0x28 obj\wc24h-stm32f103-debug\~#\src\dfplayer\dfplayer.o
 .text.dfplayer_save_silence_start
                0x08002b1c       0x34 obj\wc24h-stm32f103-debug\~#\src\dfplayer\dfplayer.o
 .text.dfplayer_save_silence_stop
                0x08002b50       0x34 obj\wc24h-stm32f103-debug\~#\src\dfplayer\dfplayer.o
 .text.dfplayer_save_mode
                0x08002b84       0x28 obj\wc24h-stm32f103-debug\~#\src\dfplayer\dfplayer.o
 .text.dfplayer_save_bell_flags
                0x08002bac       0x28 obj\wc24h-stm32f103-debug\~#\src\dfplayer\dfplayer.o
 .text.dfplayer_save_speak_cycle
                0x08002bd4       0x28 obj\wc24h-stm32f103-debug\~#\src\dfplayer\dfplayer.o
 .text.dfplayer_write_config_to_eep
                0x08002bfc       0x3c obj\wc24h-stm32f103-debug\~#\src\dfplayer\dfplayer.o
                0x08002bfc                dfplayer_write_config_to_eep
 .text.dfplayer_set_new_volume
                0x08002c38       0x28 obj\wc24h-stm32f103-debug\~#\src\dfplayer\dfplayer.o
                0x08002c38                dfplayer_set_new_volume
 .text.dfplayer_set_silence_start
                0x08002c60       0x20 obj\wc24h-stm32f103-debug\~#\src\dfplayer\dfplayer.o
                0x08002c60                dfplayer_set_silence_start
 .text.dfplayer_set_silence_stop
                0x08002c80       0x20 obj\wc24h-stm32f103-debug\~#\src\dfplayer\dfplayer.o
                0x08002c80                dfplayer_set_silence_stop
 .text.dfplayer_set_mode
                0x08002ca0       0x20 obj\wc24h-stm32f103-debug\~#\src\dfplayer\dfplayer.o
                0x08002ca0                dfplayer_set_mode
 .text.dfplayer_set_bell_flags
                0x08002cc0       0x20 obj\wc24h-stm32f103-debug\~#\src\dfplayer\dfplayer.o
                0x08002cc0                dfplayer_set_bell_flags
 .text.dfplayer_set_speak_cycle
                0x08002ce0       0x20 obj\wc24h-stm32f103-debug\~#\src\dfplayer\dfplayer.o
                0x08002ce0                dfplayer_set_speak_cycle
 .text.dfplayer_enqueue
                0x08002d00       0x3c obj\wc24h-stm32f103-debug\~#\src\dfplayer\dfplayer.o
                0x08002d00                dfplayer_enqueue
 .text.dfplayer_flush_queue
                0x08002d3c       0x20 obj\wc24h-stm32f103-debug\~#\src\dfplayer\dfplayer.o
                0x08002d3c                dfplayer_flush_queue
 .text.dfplayer_start_queue
                0x08002d5c       0x44 obj\wc24h-stm32f103-debug\~#\src\dfplayer\dfplayer.o
                0x08002d5c                dfplayer_start_queue
 .text.dfplayer_init
                0x08002da0       0x20 obj\wc24h-stm32f103-debug\~#\src\dfplayer\dfplayer.o
                0x08002da0                dfplayer_init
 .text.dfplayer_init2
                0x08002dc0       0x64 obj\wc24h-stm32f103-debug\~#\src\dfplayer\dfplayer.o
 .text.display_refresh_display_leds
                0x08002e24        0xe obj\wc24h-stm32f103-debug\~#\src\display\display.o
                0x08002e24                display_refresh_display_leds
 *fill*         0x08002e32        0x2 
 .text.display_refresh_ambilight_leds
                0x08002e34       0x1c obj\wc24h-stm32f103-debug\~#\src\display\display.o
 .text.display_set_status_led
                0x08002e50       0x16 obj\wc24h-stm32f103-debug\~#\src\display\display.o
                0x08002e50                display_set_status_led
 .text.display_set_status_or_minute_leds
                0x08002e66       0x4a obj\wc24h-stm32f103-debug\~#\src\display\display.o
                0x08002e66                display_set_status_or_minute_leds
 .text.display_set_display_led
                0x08002eb0       0x50 obj\wc24h-stm32f103-debug\~#\src\display\display.o
                0x08002eb0                display_set_display_led
 .text.display_set_ambilight_led
                0x08002f00       0x54 obj\wc24h-stm32f103-debug\~#\src\display\display.o
 .text.display_set_ambilight_leds
                0x08002f54       0x3a obj\wc24h-stm32f103-debug\~#\src\display\display.o
 *fill*         0x08002f8e        0x2 
 .text.display_reset_led_states
                0x08002f90       0x50 obj\wc24h-stm32f103-debug\~#\src\display\display.o
                0x08002f90                display_reset_led_states
 .text.display_led_on
                0x08002fe0       0x3c obj\wc24h-stm32f103-debug\~#\src\display\display.o
 .text.display_word_on
                0x0800301c       0xfc obj\wc24h-stm32f103-debug\~#\src\display\display.o
 .text.dim_dsp_colors
                0x08003118       0xdc obj\wc24h-stm32f103-debug\~#\src\display\display.o
 .text.display_dim_display_dsp_colors
                0x080031f4       0x48 obj\wc24h-stm32f103-debug\~#\src\display\display.o
                0x080031f4                display_dim_display_dsp_colors
 .text.display_dim_ambilight_dsp_colors
                0x0800323c       0x48 obj\wc24h-stm32f103-debug\~#\src\display\display.o
                0x0800323c                display_dim_ambilight_dsp_colors
 .text.display_show_new_display
                0x08003284       0xb4 obj\wc24h-stm32f103-debug\~#\src\display\display.o
 .text.display_set_new_states
                0x08003338       0x6c obj\wc24h-stm32f103-debug\~#\src\display\display.o
 .text.display_show_ambilight_normal_mode
                0x080033a4       0x64 obj\wc24h-stm32f103-debug\~#\src\display\display.o
 .text.display_animation_flush
                0x08003408      0x118 obj\wc24h-stm32f103-debug\~#\src\display\display.o
 .text.display_animation_none
                0x08003520       0x28 obj\wc24h-stm32f103-debug\~#\src\display\display.o
 .text.display_animation_fade
                0x08003548      0x49c obj\wc24h-stm32f103-debug\~#\src\display\display.o
 .text.display_animation_roll_right
                0x080039e4      0x12c obj\wc24h-stm32f103-debug\~#\src\display\display.o
 .text.display_animation_roll_left
                0x08003b10      0x12c obj\wc24h-stm32f103-debug\~#\src\display\display.o
 .text.display_animation_roll_down
                0x08003c3c      0x12c obj\wc24h-stm32f103-debug\~#\src\display\display.o
 .text.display_animation_roll_up
                0x08003d68      0x12c obj\wc24h-stm32f103-debug\~#\src\display\display.o
 .text.display_animation_roll
                0x08003e94       0x5c obj\wc24h-stm32f103-debug\~#\src\display\display.o
 .text.display_animation_calc_implode
                0x08003ef0      0x10c obj\wc24h-stm32f103-debug\~#\src\display\display.o
 .text.display_animation_explode
                0x08003ffc      0x290 obj\wc24h-stm32f103-debug\~#\src\display\display.o
 .text.animation_snake_next_word_in_line
                0x0800428c       0xd0 obj\wc24h-stm32f103-debug\~#\src\display\display.o
 .text.animation_snake_search_next_word
                0x0800435c       0x96 obj\wc24h-stm32f103-debug\~#\src\display\display.o
 *fill*         0x080043f2        0x2 
 .text.display_animation_snake
                0x080043f4      0x3a8 obj\wc24h-stm32f103-debug\~#\src\display\display.o
 .text.display_animation_teletype
                0x0800479c       0xfc obj\wc24h-stm32f103-debug\~#\src\display\display.o
 .text.display_animation_cube
                0x08004898      0x26c obj\wc24h-stm32f103-debug\~#\src\display\display.o
 .text.display_animation_generic_matrix
                0x08004b04      0x3dc obj\wc24h-stm32f103-debug\~#\src\display\display.o
 .text.display_animation_green_matrix
                0x08004ee0        0xe obj\wc24h-stm32f103-debug\~#\src\display\display.o
 .text.display_animation_matrix
                0x08004eee        0xe obj\wc24h-stm32f103-debug\~#\src\display\display.o
 .text.display_animation_drop
                0x08004efc      0x338 obj\wc24h-stm32f103-debug\~#\src\display\display.o
 .text.display_animation_squeeze
                0x08005234      0x1e0 obj\wc24h-stm32f103-debug\~#\src\display\display.o
 .text.display_animation_flicker
                0x08005414      0x100 obj\wc24h-stm32f103-debug\~#\src\display\display.o
 .text.display_animation_random
                0x08005514      0x100 obj\wc24h-stm32f103-debug\~#\src\display\display.o
 .text.display_show_ambilight_off
                0x08005614       0x2c obj\wc24h-stm32f103-debug\~#\src\display\display.o
 .text.display_set_ambilight_power
                0x08005640       0x34 obj\wc24h-stm32f103-debug\~#\src\display\display.o
                0x08005640                display_set_ambilight_power
 .text.display_clock
                0x08005674       0xf8 obj\wc24h-stm32f103-debug\~#\src\display\display.o
                0x08005674                display_clock
 .text.display_calc_dimmed_ambilight_colors
                0x0800576c       0x80 obj\wc24h-stm32f103-debug\~#\src\display\display.o
 .text.display_calc_dimmed_ambilight_marker_colors
                0x080057ec       0x24 obj\wc24h-stm32f103-debug\~#\src\display\display.o
 .text.sync_colors
                0x08005810       0x70 obj\wc24h-stm32f103-debug\~#\src\display\display.o
 .text.desync_colors
                0x08005880       0x48 obj\wc24h-stm32f103-debug\~#\src\display\display.o
 .text.display_init_ambilight_mode_rainbow
                0x080058c8       0x30 obj\wc24h-stm32f103-debug\~#\src\display\display.o
 .text.display_init_ambilight_mode_daylight
                0x080058f8       0x64 obj\wc24h-stm32f103-debug\~#\src\display\display.o
 .text.display_init_ambilight_mode_clock
                0x0800595c        0xe obj\wc24h-stm32f103-debug\~#\src\display\display.o
 .text.display_init_ambilight_mode_clock2
                0x0800596a        0xe obj\wc24h-stm32f103-debug\~#\src\display\display.o
 .text.display_init_ambilight_mode
                0x08005978       0x54 obj\wc24h-stm32f103-debug\~#\src\display\display.o
 .text.display_calc_dimmed_display_colors
                0x080059cc       0x50 obj\wc24h-stm32f103-debug\~#\src\display\display.o
 .text.display_init_color_animation_rainbow
                0x08005a1c       0x30 obj\wc24h-stm32f103-debug\~#\src\display\display.o
 .text.display_init_color_animation_daylight
                0x08005a4c       0x64 obj\wc24h-stm32f103-debug\~#\src\display\display.o
 .text.display_init_color_animation
                0x08005ab0       0x28 obj\wc24h-stm32f103-debug\~#\src\display\display.o
 .text.display_get_icon
                0x08005ad8       0x38 obj\wc24h-stm32f103-debug\~#\src\display\display.o
                0x08005ad8                display_get_icon
 .text.display_get_weather_icon
                0x08005b10       0x30 obj\wc24h-stm32f103-debug\~#\src\display\display.o
                0x08005b10                display_get_weather_icon
 .text.display_read_icon
                0x08005b40       0x3c obj\wc24h-stm32f103-debug\~#\src\display\display.o
                0x08005b40                display_read_icon
 .text.display_read_config_from_eep
                0x08005b7c      0x698 obj\wc24h-stm32f103-debug\~#\src\display\display.o
                0x08005b7c                display_read_config_from_eep
 .text.display_save_display_colors
                0x08006214       0x4c obj\wc24h-stm32f103-debug\~#\src\display\display.o
 .text.display_save_display_mode
                0x08006260       0x28 obj\wc24h-stm32f103-debug\~#\src\display\display.o
                0x08006260                display_save_display_mode
 .text.display_save_display_flags
                0x08006288       0x28 obj\wc24h-stm32f103-debug\~#\src\display\display.o
 .text.display_save_animation_mode
                0x080062b0       0x28 obj\wc24h-stm32f103-debug\~#\src\display\display.o
 .text.display_save_color_animation_mode
                0x080062d8       0x28 obj\wc24h-stm32f103-debug\~#\src\display\display.o
 .text.display_save_brightness
                0x08006300       0x28 obj\wc24h-stm32f103-debug\~#\src\display\display.o
 .text.display_save_automatic_brightness
                0x08006328       0x28 obj\wc24h-stm32f103-debug\~#\src\display\display.o
 .text.display_save_ambilight_colors
                0x08006350       0x4c obj\wc24h-stm32f103-debug\~#\src\display\display.o
 .text.display_save_ambilight_marker_colors
                0x0800639c       0x50 obj\wc24h-stm32f103-debug\~#\src\display\display.o
 .text.display_save_ambilight_brightness
                0x080063ec       0x28 obj\wc24h-stm32f103-debug\~#\src\display\display.o
 .text.display_save_ambilight_mode
                0x08006414       0x28 obj\wc24h-stm32f103-debug\~#\src\display\display.o
 .text.display_save_number_of_ambilight_leds
                0x0800643c       0x28 obj\wc24h-stm32f103-debug\~#\src\display\display.o
 .text.display_save_ambilight_led_offset
                0x08006464       0x28 obj\wc24h-stm32f103-debug\~#\src\display\display.o
 .text.display_save_animation
                0x0800648c       0x70 obj\wc24h-stm32f103-debug\~#\src\display\display.o
 .text.display_save_animations
                0x080064fc       0x28 obj\wc24h-stm32f103-debug\~#\src\display\display.o
 .text.display_save_color_animation
                0x08006524       0x4c obj\wc24h-stm32f103-debug\~#\src\display\display.o
 .text.display_save_color_animations
                0x08006570       0x28 obj\wc24h-stm32f103-debug\~#\src\display\display.o
 .text.display_save_ambilight_mode_deceleration
                0x08006598       0x6c obj\wc24h-stm32f103-debug\~#\src\display\display.o
 .text.display_save_ambilight_mode_decelerations
                0x08006604       0x28 obj\wc24h-stm32f103-debug\~#\src\display\display.o
 .text.display_save_dimmed_display_colors
                0x0800662c       0x48 obj\wc24h-stm32f103-debug\~#\src\display\display.o
 .text.display_save_dimmed_ambilight_colors
                0x08006674       0x48 obj\wc24h-stm32f103-debug\~#\src\display\display.o
 .text.display_set_dimmed_display_color
                0x080066bc       0x38 obj\wc24h-stm32f103-debug\~#\src\display\display.o
                0x080066bc                display_set_dimmed_display_color
 .text.display_set_dimmed_ambilight_color
                0x080066f4       0x38 obj\wc24h-stm32f103-debug\~#\src\display\display.o
                0x080066f4                display_set_dimmed_ambilight_color
 .text.display_save_ticker_deceleration
                0x0800672c       0x2c obj\wc24h-stm32f103-debug\~#\src\display\display.o
 .text.display_save_date_ticker_format
                0x08006758       0x18 obj\wc24h-stm32f103-debug\~#\src\display\display.o
 .text.display_write_config_to_eep
                0x08006770       0x74 obj\wc24h-stm32f103-debug\~#\src\display\display.o
                0x08006770                display_write_config_to_eep
 .text.display_set_ticker_deceleration
                0x080067e4       0x38 obj\wc24h-stm32f103-debug\~#\src\display\display.o
                0x080067e4                display_set_ticker_deceleration
 .text.display_set_date_ticker_format
                0x0800681c       0x30 obj\wc24h-stm32f103-debug\~#\src\display\display.o
                0x0800681c                display_set_date_ticker_format
 .text.display_set_display_flags
                0x0800684c       0x64 obj\wc24h-stm32f103-debug\~#\src\display\display.o
                0x0800684c                display_set_display_flags
 .text.display_set_ambilight_mode
                0x080068b0       0x54 obj\wc24h-stm32f103-debug\~#\src\display\display.o
                0x080068b0                display_set_ambilight_mode
 .text.display_set_number_of_ambilight_leds
                0x08006904       0x34 obj\wc24h-stm32f103-debug\~#\src\display\display.o
                0x08006904                display_set_number_of_ambilight_leds
 .text.display_set_ambilight_led_offset
                0x08006938       0x30 obj\wc24h-stm32f103-debug\~#\src\display\display.o
                0x08006938                display_set_ambilight_led_offset
 .text.display_set_display_mode
                0x08006968       0x64 obj\wc24h-stm32f103-debug\~#\src\display\display.o
                0x08006968                display_set_display_mode
 .text.display_increment_display_mode
                0x080069cc       0x40 obj\wc24h-stm32f103-debug\~#\src\display\display.o
                0x080069cc                display_increment_display_mode
 .text.display_decrement_display_mode
                0x08006a0c       0x3c obj\wc24h-stm32f103-debug\~#\src\display\display.o
                0x08006a0c                display_decrement_display_mode
 .text.display_set_automatic_brightness
                0x08006a48       0x48 obj\wc24h-stm32f103-debug\~#\src\display\display.o
                0x08006a48                display_set_automatic_brightness
 .text.display_set_animation_mode
                0x08006a90       0x34 obj\wc24h-stm32f103-debug\~#\src\display\display.o
                0x08006a90                display_set_animation_mode
 .text.display_increment_animation_mode
                0x08006ac4       0x40 obj\wc24h-stm32f103-debug\~#\src\display\display.o
                0x08006ac4                display_increment_animation_mode
 .text.display_decrement_animation_mode
                0x08006b04       0x40 obj\wc24h-stm32f103-debug\~#\src\display\display.o
                0x08006b04                display_decrement_animation_mode
 .text.display_set_color_animation_mode
                0x08006b44       0x44 obj\wc24h-stm32f103-debug\~#\src\display\display.o
                0x08006b44                display_set_color_animation_mode
 .text.display_seconds
                0x08006b88      0x538 obj\wc24h-stm32f103-debug\~#\src\display\display.o
                0x08006b88                display_seconds
 .text.display_show_ticker_char
                0x080070c0      0x248 obj\wc24h-stm32f103-debug\~#\src\display\display.o
 .text.display_ticker_with_offset
                0x08007308       0x8a obj\wc24h-stm32f103-debug\~#\src\display\display.o
 *fill*         0x08007392        0x2 
 .text.display_ticker
                0x08007394       0x44 obj\wc24h-stm32f103-debug\~#\src\display\display.o
 .text.display_set_ticker
                0x080073d8       0x84 obj\wc24h-stm32f103-debug\~#\src\display\display.o
                0x080073d8                display_set_ticker
 .text.display_icon
                0x0800745c      0x348 obj\wc24h-stm32f103-debug\~#\src\display\display.o
 .text.display_animation
                0x080077a4      0x4fc obj\wc24h-stm32f103-debug\~#\src\display\display.o
                0x080077a4                display_animation
 .text.display_increment_display_color_red
                0x08007ca0       0x58 obj\wc24h-stm32f103-debug\~#\src\display\display.o
                0x08007ca0                display_increment_display_color_red
 .text.display_decrement_display_color_red
                0x08007cf8       0x58 obj\wc24h-stm32f103-debug\~#\src\display\display.o
                0x08007cf8                display_decrement_display_color_red
 .text.display_increment_display_color_green
                0x08007d50       0x58 obj\wc24h-stm32f103-debug\~#\src\display\display.o
                0x08007d50                display_increment_display_color_green
 .text.display_decrement_display_color_green
                0x08007da8       0x58 obj\wc24h-stm32f103-debug\~#\src\display\display.o
                0x08007da8                display_decrement_display_color_green
 .text.display_increment_display_color_blue
                0x08007e00       0x58 obj\wc24h-stm32f103-debug\~#\src\display\display.o
                0x08007e00                display_increment_display_color_blue
 .text.display_decrement_display_color_blue
                0x08007e58       0x58 obj\wc24h-stm32f103-debug\~#\src\display\display.o
                0x08007e58                display_decrement_display_color_blue
 .text.display_set_display_colors
                0x08007eb0       0x64 obj\wc24h-stm32f103-debug\~#\src\display\display.o
                0x08007eb0                display_set_display_colors
 .text.display_set_display_brightness
                0x08007f14       0x50 obj\wc24h-stm32f103-debug\~#\src\display\display.o
                0x08007f14                display_set_display_brightness
 .text.display_decrement_display_brightness
                0x08007f64       0x34 obj\wc24h-stm32f103-debug\~#\src\display\display.o
                0x08007f64                display_decrement_display_brightness
 .text.display_increment_display_brightness
                0x08007f98       0x34 obj\wc24h-stm32f103-debug\~#\src\display\display.o
                0x08007f98                display_increment_display_brightness
 .text.display_set_ambilight_brightness
                0x08007fcc       0x58 obj\wc24h-stm32f103-debug\~#\src\display\display.o
                0x08007fcc                display_set_ambilight_brightness
 .text.display_set_ambilight_colors
                0x08008024       0x94 obj\wc24h-stm32f103-debug\~#\src\display\display.o
                0x08008024                display_set_ambilight_colors
 .text.display_set_ambilight_marker_colors
                0x080080b8       0x64 obj\wc24h-stm32f103-debug\~#\src\display\display.o
                0x080080b8                display_set_ambilight_marker_colors
 .text.display_set_animation_deceleration
                0x0800811c       0x30 obj\wc24h-stm32f103-debug\~#\src\display\display.o
                0x0800811c                display_set_animation_deceleration
 .text.display_set_animation_flags
                0x0800814c       0x30 obj\wc24h-stm32f103-debug\~#\src\display\display.o
                0x0800814c                display_set_animation_flags
 .text.display_set_color_animation_deceleration
                0x0800817c       0x2c obj\wc24h-stm32f103-debug\~#\src\display\display.o
                0x0800817c                display_set_color_animation_deceleration
 .text.display_set_ambilight_mode_deceleration
                0x080081a8       0x2c obj\wc24h-stm32f103-debug\~#\src\display\display.o
                0x080081a8                display_set_ambilight_mode_deceleration
 .text.display_set_ambilight_mode_flags
                0x080081d4       0x2c obj\wc24h-stm32f103-debug\~#\src\display\display.o
                0x080081d4                display_set_ambilight_mode_flags
 .text.display_test
                0x08008200       0xac obj\wc24h-stm32f103-debug\~#\src\display\display.o
                0x08008200                display_test
 .text.display_temperature
                0x080082ac       0x9c obj\wc24h-stm32f103-debug\~#\src\display\display.o
                0x080082ac                display_temperature
 .text.display_temperature_digits
                0x08008348       0x90 obj\wc24h-stm32f103-debug\~#\src\display\display.o
                0x08008348                display_temperature_digits
 .text.display_init
                0x080083d8      0x4d0 obj\wc24h-stm32f103-debug\~#\src\display\display.o
                0x080083d8                display_init
 .text.ds1822B20_set_resolution
                0x080088a8       0x60 obj\wc24h-stm32f103-debug\~#\src\ds18xx\ds18xx.o
 .text.ds1822B20_write_resolution
                0x08008908       0x78 obj\wc24h-stm32f103-debug\~#\src\ds18xx\ds18xx.o
 .text.ds18xx_start_conversion
                0x08008980       0x74 obj\wc24h-stm32f103-debug\~#\src\ds18xx\ds18xx.o
                0x08008980                ds18xx_start_conversion
 .text.ds18xx_read_raw_temp
                0x080089f4       0xe4 obj\wc24h-stm32f103-debug\~#\src\ds18xx\ds18xx.o
                0x080089f4                ds18xx_read_raw_temp
 .text.ds18xx_init
                0x08008ad8       0xb4 obj\wc24h-stm32f103-debug\~#\src\ds18xx\ds18xx.o
                0x08008ad8                ds18xx_init
 .text.eeprom_waitstates
                0x08008b8c       0x38 obj\wc24h-stm32f103-debug\~#\src\eeprom\eeprom.o
 .text.eeprom_init
                0x08008bc4       0x64 obj\wc24h-stm32f103-debug\~#\src\eeprom\eeprom.o
                0x08008bc4                eeprom_init
 .text.eeprom_read
                0x08008c28       0x50 obj\wc24h-stm32f103-debug\~#\src\eeprom\eeprom.o
                0x08008c28                eeprom_read
 .text.eeprom_write
                0x08008c78       0x6c obj\wc24h-stm32f103-debug\~#\src\eeprom\eeprom.o
                0x08008c78                eeprom_write
 .text.esp_diffs_get_icon
                0x08008ce4       0x40 obj\wc24h-stm32f103-debug\~#\src\esp-spiffs\esp-spiffs.o
                0x08008ce4                esp_diffs_get_icon
 .text.esp_diffs_read_icon
                0x08008d24      0x278 obj\wc24h-stm32f103-debug\~#\src\esp-spiffs\esp-spiffs.o
                0x08008d24                esp_diffs_read_icon
 .text.esp8266_uart_init
                0x08008f9c       0xe8 obj\wc24h-stm32f103-debug\~#\src\esp8266\esp8266-uart.o
                0x08008f9c                esp8266_uart_init
 .text.esp8266_uart_putc
                0x08009084       0x68 obj\wc24h-stm32f103-debug\~#\src\esp8266\esp8266-uart.o
                0x08009084                esp8266_uart_putc
 .text.esp8266_uart_puts
                0x080090ec       0x2c obj\wc24h-stm32f103-debug\~#\src\esp8266\esp8266-uart.o
                0x080090ec                esp8266_uart_puts
 .text.esp8266_uart_char_available
                0x08009118       0x28 obj\wc24h-stm32f103-debug\~#\src\esp8266\esp8266-uart.o
                0x08009118                esp8266_uart_char_available
 .text.esp8266_uart_poll
                0x08009140       0x68 obj\wc24h-stm32f103-debug\~#\src\esp8266\esp8266-uart.o
                0x08009140                esp8266_uart_poll
 .text.esp8266_uart_flush
                0x080091a8       0x1c obj\wc24h-stm32f103-debug\~#\src\esp8266\esp8266-uart.o
                0x080091a8                esp8266_uart_flush
 .text.USART2_IRQHandler
                0x080091c4       0xec obj\wc24h-stm32f103-debug\~#\src\esp8266\esp8266-uart.o
                0x080091c4                USART2_IRQHandler
 .text.esp8266_gpio_init
                0x080092b0       0xa0 obj\wc24h-stm32f103-debug\~#\src\esp8266\esp8266.o
 .text.esp8266_poll
                0x08009350       0x54 obj\wc24h-stm32f103-debug\~#\src\esp8266\esp8266.o
 .text.esp8266_get_message
                0x080093a4      0x518 obj\wc24h-stm32f103-debug\~#\src\esp8266\esp8266.o
                0x080093a4                esp8266_get_message
 .text.esp8266_send_cmd
                0x080098bc      0x124 obj\wc24h-stm32f103-debug\~#\src\esp8266\esp8266.o
                0x080098bc                esp8266_send_cmd
 .text.esp8266_reset
                0x080099e0       0x38 obj\wc24h-stm32f103-debug\~#\src\esp8266\esp8266.o
                0x080099e0                esp8266_reset
 .text.esp8266_accesspoint
                0x08009a18       0x44 obj\wc24h-stm32f103-debug\~#\src\esp8266\esp8266.o
                0x08009a18                esp8266_accesspoint
 .text.esp8266_wps
                0x08009a5c       0x28 obj\wc24h-stm32f103-debug\~#\src\esp8266\esp8266.o
                0x08009a5c                esp8266_wps
 .text.esp8266_flash
                0x08009a84       0x74 obj\wc24h-stm32f103-debug\~#\src\esp8266\esp8266.o
                0x08009a84                esp8266_flash
 .text.esp8266_init
                0x08009af8       0x40 obj\wc24h-stm32f103-debug\~#\src\esp8266\esp8266.o
                0x08009af8                esp8266_init
 .text.i2c_init_i2c
                0x08009b38       0x58 obj\wc24h-stm32f103-debug\~#\src\i2c\i2c.o
 .text.i2c_handle_timeout
                0x08009b90       0x30 obj\wc24h-stm32f103-debug\~#\src\i2c\i2c.o
 .text.i2c_wait_for_flags
                0x08009bc0       0x88 obj\wc24h-stm32f103-debug\~#\src\i2c\i2c.o
 .text.i2c_send_address
                0x08009c48       0xc8 obj\wc24h-stm32f103-debug\~#\src\i2c\i2c.o
 .text.i2c_reset_bus
                0x08009d10       0xe0 obj\wc24h-stm32f103-debug\~#\src\i2c\i2c.o
 .text.i2c_init
                0x08009df0       0x90 obj\wc24h-stm32f103-debug\~#\src\i2c\i2c.o
                0x08009df0                i2c_init
 .text.i2c_read
                0x08009e80      0x114 obj\wc24h-stm32f103-debug\~#\src\i2c\i2c.o
                0x08009e80                i2c_read
 .text.i2c_write
                0x08009f94       0xa8 obj\wc24h-stm32f103-debug\~#\src\i2c\i2c.o
                0x08009f94                i2c_write
 .text.irmp_init
                0x0800a03c       0x38 obj\wc24h-stm32f103-debug\~#\src\irmp\irmp.o
                0x0800a03c                irmp_init
 .text.irmp_get_data
                0x0800a074      0x11c obj\wc24h-stm32f103-debug\~#\src\irmp\irmp.o
                0x0800a074                irmp_get_data
 .text.irmp_store_bit
                0x0800a190      0x1bc obj\wc24h-stm32f103-debug\~#\src\irmp\irmp.o
 .text.irmp_ISR
                0x0800a34c      0x6f4 obj\wc24h-stm32f103-debug\~#\src\irmp\irmp.o
                0x0800a34c                irmp_ISR
 .text.ldr_start_conversion
                0x0800aa40        0xc obj\wc24h-stm32f103-debug\~#\src\ldr\ldr.o
                0x0800aa40                ldr_start_conversion
 .text.ldr_poll_brightness
                0x0800aa4c       0xc0 obj\wc24h-stm32f103-debug\~#\src\ldr\ldr.o
                0x0800aa4c                ldr_poll_brightness
 .text.ldr_read_config_from_eep
                0x0800ab0c       0xa0 obj\wc24h-stm32f103-debug\~#\src\ldr\ldr.o
                0x0800ab0c                ldr_read_config_from_eep
 .text.ldr_write_config_to_eep
                0x0800abac       0x4c obj\wc24h-stm32f103-debug\~#\src\ldr\ldr.o
                0x0800abac                ldr_write_config_to_eep
 .text.ldr_set_min_value
                0x0800abf8       0x54 obj\wc24h-stm32f103-debug\~#\src\ldr\ldr.o
                0x0800abf8                ldr_set_min_value
 .text.ldr_set_max_value
                0x0800ac4c       0x54 obj\wc24h-stm32f103-debug\~#\src\ldr\ldr.o
                0x0800ac4c                ldr_set_max_value
 .text.ldr_init
                0x0800aca0        0xc obj\wc24h-stm32f103-debug\~#\src\ldr\ldr.o
                0x0800aca0                ldr_init
 .text.log_uart_init
                0x0800acac       0xec obj\wc24h-stm32f103-debug\~#\src\log\log-uart.o
                0x0800acac                log_uart_init
 .text.log_uart_putc
                0x0800ad98       0x68 obj\wc24h-stm32f103-debug\~#\src\log\log-uart.o
                0x0800ad98                log_uart_putc
 .text.log_uart_puts
                0x0800ae00       0x2c obj\wc24h-stm32f103-debug\~#\src\log\log-uart.o
                0x0800ae00                log_uart_puts
 .text.log_uart_poll
                0x0800ae2c       0x68 obj\wc24h-stm32f103-debug\~#\src\log\log-uart.o
                0x0800ae2c                log_uart_poll
 .text.log_uart_flush
                0x0800ae94       0x1c obj\wc24h-stm32f103-debug\~#\src\log\log-uart.o
                0x0800ae94                log_uart_flush
 .text.USART1_IRQHandler
                0x0800aeb0       0xec obj\wc24h-stm32f103-debug\~#\src\log\log-uart.o
                0x0800aeb0                USART1_IRQHandler
 .text.log_vprintf
                0x0800af9c       0x2c obj\wc24h-stm32f103-debug\~#\src\log\log.o
                0x0800af9c                log_vprintf
 .text.log_printf
                0x0800afc8       0x24 obj\wc24h-stm32f103-debug\~#\src\log\log.o
                0x0800afc8                log_printf
 .text.log_init
                0x0800afec       0x16 obj\wc24h-stm32f103-debug\~#\src\log\log.o
                0x0800afec                log_init
 .text.timer2_init
                0x0800b002       0x6a obj\wc24h-stm32f103-debug\~#\src\main.o
 .text.main_set_ambilight_clock_wait_cycles
                0x0800b06c       0x6c obj\wc24h-stm32f103-debug\~#\src\main.o
                0x0800b06c                main_set_ambilight_clock_wait_cycles
 .text.TIM2_IRQHandler
                0x0800b0d8      0x344 obj\wc24h-stm32f103-debug\~#\src\main.o
                0x0800b0d8                TIM2_IRQHandler
 .text.read_version_from_eep
                0x0800b41c       0x30 obj\wc24h-stm32f103-debug\~#\src\main.o
 .text.write_version_to_eep
                0x0800b44c       0x30 obj\wc24h-stm32f103-debug\~#\src\main.o
 .text.read_update_host_from_eep
                0x0800b47c       0x34 obj\wc24h-stm32f103-debug\~#\src\main.o
 .text.write_update_host_to_eep
                0x0800b4b0       0x34 obj\wc24h-stm32f103-debug\~#\src\main.o
 .text.read_update_path_from_eep
                0x0800b4e4       0x34 obj\wc24h-stm32f103-debug\~#\src\main.o
 .text.write_update_path_to_eep
                0x0800b518       0x34 obj\wc24h-stm32f103-debug\~#\src\main.o
 .text.read_main_parameters_from_eep
                0x0800b54c       0x78 obj\wc24h-stm32f103-debug\~#\src\main.o
 .text.write_main_parameters_to_eep
                0x0800b5c4       0x38 obj\wc24h-stm32f103-debug\~#\src\main.o
 .text.log_eep_error
                0x0800b5fc       0x1c obj\wc24h-stm32f103-debug\~#\src\main.o
 .text.read_configuration_from_eep
                0x0800b618      0x238 obj\wc24h-stm32f103-debug\~#\src\main.o
 .text.upgrade_eep_version
                0x0800b850      0x1fc obj\wc24h-stm32f103-debug\~#\src\main.o
 .text.set_display_power
                0x0800ba4c       0x80 obj\wc24h-stm32f103-debug\~#\src\main.o
 .text.speak    0x0800bacc       0xa4 obj\wc24h-stm32f103-debug\~#\src\main.o
 .text.schedule_esp8266_remote_procedure
                0x0800bb70      0x178 obj\wc24h-stm32f103-debug\~#\src\main.o
 .text.schedule_esp8266_numeric_variable
                0x0800bce8      0x4d8 obj\wc24h-stm32f103-debug\~#\src\main.o
 .text.schedule_esp8266_numeric_array
                0x0800c1c0       0xd0 obj\wc24h-stm32f103-debug\~#\src\main.o
 .text.schedule_esp8266_string_variable
                0x0800c290      0x164 obj\wc24h-stm32f103-debug\~#\src\main.o
 .text.schedule_esp8266_time_variable
                0x0800c3f4      0x214 obj\wc24h-stm32f103-debug\~#\src\main.o
 .text.schedule_esp8266_display_variable
                0x0800c608      0x130 obj\wc24h-stm32f103-debug\~#\src\main.o
 .text.schedule_esp8266_animation_variable
                0x0800c738       0xe4 obj\wc24h-stm32f103-debug\~#\src\main.o
 .text.schedule_esp8266_color_animation_variable
                0x0800c81c       0xcc obj\wc24h-stm32f103-debug\~#\src\main.o
 .text.schedule_esp8266_ambilight_mode
                0x0800c8e8       0xe4 obj\wc24h-stm32f103-debug\~#\src\main.o
 .text.schedule_esp8266_overlay
                0x0800c9cc      0x1e4 obj\wc24h-stm32f103-debug\~#\src\main.o
 .text.schedule_esp8266_night_tables
                0x0800cbb0       0x88 obj\wc24h-stm32f103-debug\~#\src\main.o
 .text.schedule_esp8266_ambilight_night_tables
                0x0800cc38       0x88 obj\wc24h-stm32f103-debug\~#\src\main.o
 .text.schedule_esp8266_alarm_tables
                0x0800ccc0       0x88 obj\wc24h-stm32f103-debug\~#\src\main.o
 .text.schedule_esp8266_games
                0x0800cd48       0x54 obj\wc24h-stm32f103-debug\~#\src\main.o
 .text.schedule_esp8266_cmd
                0x0800cd9c      0x170 obj\wc24h-stm32f103-debug\~#\src\main.o
 .text.schedule_esp8266_messages
                0x0800cf0c      0x388 obj\wc24h-stm32f103-debug\~#\src\main.o
                0x0800cf0c                schedule_esp8266_messages
 .text.do_play_dfplayer
                0x0800d294       0x6c obj\wc24h-stm32f103-debug\~#\src\main.o
 .text.main     0x0800d300     0x1ad0 obj\wc24h-stm32f103-debug\~#\src\main.o
                0x0800d300                main
 .text.night_read_data_from_eep
                0x0800edd0      0x1d4 obj\wc24h-stm32f103-debug\~#\src\night\night.o
                0x0800edd0                night_read_data_from_eep
 .text.night_write_data_to_eep
                0x0800efa4      0x15c obj\wc24h-stm32f103-debug\~#\src\night\night.o
                0x0800efa4                night_write_data_to_eep
 .text.night_check_night_times
                0x0800f100       0xfc obj\wc24h-stm32f103-debug\~#\src\night\night.o
                0x0800f100                night_check_night_times
 .text.night_init
                0x0800f1fc        0xc obj\wc24h-stm32f103-debug\~#\src\night\night.o
                0x0800f1fc                night_init
 .text.onewire_get_time_of_low_pulse
                0x0800f208       0x88 obj\wc24h-stm32f103-debug\~#\src\onewire\onewire.o
 .text.onewire_reset
                0x0800f290       0x78 obj\wc24h-stm32f103-debug\~#\src\onewire\onewire.o
                0x0800f290                onewire_reset
 .text.onewire_read_bit
                0x0800f308       0x48 obj\wc24h-stm32f103-debug\~#\src\onewire\onewire.o
                0x0800f308                onewire_read_bit
 .text.onewire_read_byte
                0x0800f350       0x42 obj\wc24h-stm32f103-debug\~#\src\onewire\onewire.o
                0x0800f350                onewire_read_byte
 .text.onewire_read
                0x0800f392       0x34 obj\wc24h-stm32f103-debug\~#\src\onewire\onewire.o
                0x0800f392                onewire_read
 *fill*         0x0800f3c6        0x2 
 .text.onewire_write_byte
                0x0800f3c8       0x74 obj\wc24h-stm32f103-debug\~#\src\onewire\onewire.o
                0x0800f3c8                onewire_write_byte
 .text.onewire_write
                0x0800f43c       0x32 obj\wc24h-stm32f103-debug\~#\src\onewire\onewire.o
                0x0800f43c                onewire_write
 .text.onewire_get_rom_code
                0x0800f46e       0x42 obj\wc24h-stm32f103-debug\~#\src\onewire\onewire.o
                0x0800f46e                onewire_get_rom_code
 .text.onewire_init
                0x0800f4b0       0x58 obj\wc24h-stm32f103-debug\~#\src\onewire\onewire.o
                0x0800f4b0                onewire_init
 .text.overlay_read_config_from_eep
                0x0800f508      0x1e8 obj\wc24h-stm32f103-debug\~#\src\overlay\overlay.o
                0x0800f508                overlay_read_config_from_eep
 .text.overlay_save_n_overlays
                0x0800f6f0       0x28 obj\wc24h-stm32f103-debug\~#\src\overlay\overlay.o
 .text.overlay_save_overlay
                0x0800f718      0x188 obj\wc24h-stm32f103-debug\~#\src\overlay\overlay.o
 .text.overlay_save_overlays
                0x0800f8a0       0x30 obj\wc24h-stm32f103-debug\~#\src\overlay\overlay.o
 .text.overlay_write_config_to_eep
                0x0800f8d0       0x2c obj\wc24h-stm32f103-debug\~#\src\overlay\overlay.o
                0x0800f8d0                overlay_write_config_to_eep
 .text.overlay_set_type
                0x0800f8fc       0x38 obj\wc24h-stm32f103-debug\~#\src\overlay\overlay.o
                0x0800f8fc                overlay_set_type
 .text.overlay_set_interval
                0x0800f934       0x38 obj\wc24h-stm32f103-debug\~#\src\overlay\overlay.o
                0x0800f934                overlay_set_interval
 .text.overlay_set_duration
                0x0800f96c       0x38 obj\wc24h-stm32f103-debug\~#\src\overlay\overlay.o
                0x0800f96c                overlay_set_duration
 .text.overlay_set_date_code
                0x0800f9a4       0x38 obj\wc24h-stm32f103-debug\~#\src\overlay\overlay.o
                0x0800f9a4                overlay_set_date_code
 .text.overlay_set_date_start
                0x0800f9dc       0x38 obj\wc24h-stm32f103-debug\~#\src\overlay\overlay.o
                0x0800f9dc                overlay_set_date_start
 .text.overlay_set_days
                0x0800fa14       0x40 obj\wc24h-stm32f103-debug\~#\src\overlay\overlay.o
                0x0800fa14                overlay_set_days
 .text.overlay_set_text
                0x0800fa54       0x50 obj\wc24h-stm32f103-debug\~#\src\overlay\overlay.o
                0x0800fa54                overlay_set_text
 .text.overlay_set_flags
                0x0800faa4       0x3c obj\wc24h-stm32f103-debug\~#\src\overlay\overlay.o
                0x0800faa4                overlay_set_flags
 .text.overlay_calc_dates
                0x0800fae0      0x180 obj\wc24h-stm32f103-debug\~#\src\overlay\overlay.o
                0x0800fae0                overlay_calc_dates
 .text.overlay_set_n_overlays
                0x0800fc60       0x20 obj\wc24h-stm32f103-debug\~#\src\overlay\overlay.o
                0x0800fc60                overlay_set_n_overlays
 .text.overlay_init
                0x0800fc80       0x18 obj\wc24h-stm32f103-debug\~#\src\overlay\overlay.o
                0x0800fc80                overlay_init
 .text.power_init
                0x0800fc98       0x4c obj\wc24h-stm32f103-debug\~#\src\power\power.o
                0x0800fc98                power_init
 .text.power_on
                0x0800fce4       0x38 obj\wc24h-stm32f103-debug\~#\src\power\power.o
                0x0800fce4                power_on
 .text.power_off
                0x0800fd1c       0x38 obj\wc24h-stm32f103-debug\~#\src\power\power.o
                0x0800fd1c                power_off
 .text.search_cmd
                0x0800fd54       0x90 obj\wc24h-stm32f103-debug\~#\src\remote-ir\remote-ir.o
 .text.remote_ir_get_cmd
                0x0800fde4       0x68 obj\wc24h-stm32f103-debug\~#\src\remote-ir\remote-ir.o
                0x0800fde4                remote_ir_get_cmd
 .text.remote_ir_learn
                0x0800fe4c      0x1f0 obj\wc24h-stm32f103-debug\~#\src\remote-ir\remote-ir.o
                0x0800fe4c                remote_ir_learn
 .text.remote_ir_read_codes_from_eep
                0x0801003c       0xac obj\wc24h-stm32f103-debug\~#\src\remote-ir\remote-ir.o
                0x0801003c                remote_ir_read_codes_from_eep
 .text.remote_ir_write_codes_to_eep
                0x080100e8       0xc8 obj\wc24h-stm32f103-debug\~#\src\remote-ir\remote-ir.o
                0x080100e8                remote_ir_write_codes_to_eep
 .text.rtc_read
                0x080101b0       0x36 obj\wc24h-stm32f103-debug\~#\src\rtc\rtc.o
 .text.rtc_write
                0x080101e6       0x36 obj\wc24h-stm32f103-debug\~#\src\rtc\rtc.o
 .text.rtc_init
                0x0801021c       0xe4 obj\wc24h-stm32f103-debug\~#\src\rtc\rtc.o
                0x0801021c                rtc_init
 .text.rtc_set_date_time
                0x08010300      0x1a0 obj\wc24h-stm32f103-debug\~#\src\rtc\rtc.o
                0x08010300                rtc_set_date_time
 .text.rtc_get_date_time
                0x080104a0       0xfc obj\wc24h-stm32f103-debug\~#\src\rtc\rtc.o
                0x080104a0                rtc_get_date_time
 .text.rtc_read_config_from_eep
                0x0801059c       0x60 obj\wc24h-stm32f103-debug\~#\src\rtc\rtc.o
                0x0801059c                rtc_read_config_from_eep
 .text.rtc_write_config_to_eep
                0x080105fc       0x44 obj\wc24h-stm32f103-debug\~#\src\rtc\rtc.o
                0x080105fc                rtc_write_config_to_eep
 .text.rtc_set_temp_correction
                0x08010640       0x24 obj\wc24h-stm32f103-debug\~#\src\rtc\rtc.o
                0x08010640                rtc_set_temp_correction
 .text.rtc_get_temperature_index
                0x08010664       0x54 obj\wc24h-stm32f103-debug\~#\src\rtc\rtc.o
                0x08010664                rtc_get_temperature_index
 .text.sk6812_dma_init
                0x080106b8       0x6c obj\wc24h-stm32f103-debug\~#\src\sk6812\sk6812.o
 .text.sk6812_dma_start
                0x08010724       0x4c obj\wc24h-stm32f103-debug\~#\src\sk6812\sk6812.o
 .text.sk6812_clear_all
                0x08010770       0x30 obj\wc24h-stm32f103-debug\~#\src\sk6812\sk6812.o
 .text.sk6812_setup_dma_buf
                0x080107a0      0x18c obj\wc24h-stm32f103-debug\~#\src\sk6812\sk6812.o
 .text.DMA1_Channel2_IRQHandler
                0x0801092c       0x64 obj\wc24h-stm32f103-debug\~#\src\sk6812\sk6812.o
                0x0801092c                DMA1_Channel2_IRQHandler
 .text.sk6812_refresh
                0x08010990       0xc4 obj\wc24h-stm32f103-debug\~#\src\sk6812\sk6812.o
                0x08010990                sk6812_refresh
 .text.sk6812_set_led
                0x08010a54       0x9c obj\wc24h-stm32f103-debug\~#\src\sk6812\sk6812.o
                0x08010a54                sk6812_set_led
 .text.sk6812_set_all_leds
                0x08010af0       0xb4 obj\wc24h-stm32f103-debug\~#\src\sk6812\sk6812.o
                0x08010af0                sk6812_set_all_leds
 .text.sk6812_init
                0x08010ba4      0x174 obj\wc24h-stm32f103-debug\~#\src\sk6812\sk6812.o
                0x08010ba4                sk6812_init
 .text.tables_init
                0x08010d18       0x18 obj\wc24h-stm32f103-debug\~#\src\tables\tables.o
                0x08010d18                tables_init
 .text.tables_get
                0x08010d30       0x4c obj\wc24h-stm32f103-debug\~#\src\tables\tables.o
                0x08010d30                tables_get
 .text.tables_get_temperature_table
                0x08010d7c       0x38 obj\wc24h-stm32f103-debug\~#\src\tables\tables.o
 .text.tables_tabinfo
                0x08010db4      0x138 obj\wc24h-stm32f103-debug\~#\src\tables\tables.o
                0x08010db4                tables_tabinfo
 .text.tables_tabillu
                0x08010eec       0xf0 obj\wc24h-stm32f103-debug\~#\src\tables\tables.o
                0x08010eec                tables_tabillu
 .text.tables_tabt
                0x08010fdc       0xe4 obj\wc24h-stm32f103-debug\~#\src\tables\tables.o
                0x08010fdc                tables_tabt
 .text.tables_tabh
                0x080110c0      0x12c obj\wc24h-stm32f103-debug\~#\src\tables\tables.o
                0x080110c0                tables_tabh
 .text.tables_tabm
                0x080111ec      0x158 obj\wc24h-stm32f103-debug\~#\src\tables\tables.o
                0x080111ec                tables_tabm
 .text.tables_fill_words
                0x08011344      0x1e8 obj\wc24h-stm32f103-debug\~#\src\tables\tables.o
                0x08011344                tables_fill_words
 .text.temp_start_conversion
                0x0801152c       0x1a obj\wc24h-stm32f103-debug\~#\src\tempsensor\tempsensor.o
                0x0801152c                temp_start_conversion
 *fill*         0x08011546        0x2 
 .text.temp_read_temp_index
                0x08011548       0x48 obj\wc24h-stm32f103-debug\~#\src\tempsensor\tempsensor.o
                0x08011548                temp_read_temp_index
 .text.temp_read_config_from_eep
                0x08011590       0x60 obj\wc24h-stm32f103-debug\~#\src\tempsensor\tempsensor.o
                0x08011590                temp_read_config_from_eep
 .text.temp_write_config_to_eep
                0x080115f0       0x44 obj\wc24h-stm32f103-debug\~#\src\tempsensor\tempsensor.o
                0x080115f0                temp_write_config_to_eep
 .text.temp_set_temp_correction
                0x08011634       0x24 obj\wc24h-stm32f103-debug\~#\src\tempsensor\tempsensor.o
                0x08011634                temp_set_temp_correction
 .text.temp_init
                0x08011658       0x18 obj\wc24h-stm32f103-debug\~#\src\tempsensor\tempsensor.o
                0x08011658                temp_init
 .text.food_at_cell
                0x08011670       0x58 obj\wc24h-stm32f103-debug\~#\src\tetris\snake.o
 .text.add_new_food
                0x080116c8       0x98 obj\wc24h-stm32f103-debug\~#\src\tetris\snake.o
 .text.cutoff_snake
                0x08011760       0xd0 obj\wc24h-stm32f103-debug\~#\src\tetris\snake.o
 .text.move_snake
                0x08011830      0x18c obj\wc24h-stm32f103-debug\~#\src\tetris\snake.o
 .text.display_food
                0x080119bc       0x4c obj\wc24h-stm32f103-debug\~#\src\tetris\snake.o
 .text.display_snake
                0x08011a08       0xac obj\wc24h-stm32f103-debug\~#\src\tetris\snake.o
 .text.get_next_move
                0x08011ab4       0xfc obj\wc24h-stm32f103-debug\~#\src\tetris\snake.o
 .text.snake    0x08011bb0      0x250 obj\wc24h-stm32f103-debug\~#\src\tetris\snake.o
                0x08011bb0                snake
 .text.draw_tetromino
                0x08011e00       0xc4 obj\wc24h-stm32f103-debug\~#\src\tetris\tetris.o
 .text.set_field
                0x08011ec4       0x4c obj\wc24h-stm32f103-debug\~#\src\tetris\tetris.o
 .text.check_field
                0x08011f10       0x54 obj\wc24h-stm32f103-debug\~#\src\tetris\tetris.o
 .text.check_move
                0x08011f64       0xb4 obj\wc24h-stm32f103-debug\~#\src\tetris\tetris.o
 .text.fix_tetromino
                0x08012018       0x8c obj\wc24h-stm32f103-debug\~#\src\tetris\tetris.o
 .text.tetromino_down
                0x080120a4       0x4c obj\wc24h-stm32f103-debug\~#\src\tetris\tetris.o
 .text.tetromino_left
                0x080120f0       0x4c obj\wc24h-stm32f103-debug\~#\src\tetris\tetris.o
 .text.tetromino_right
                0x0801213c       0x4c obj\wc24h-stm32f103-debug\~#\src\tetris\tetris.o
 .text.tetromino_rotate
                0x08012188       0x5c obj\wc24h-stm32f103-debug\~#\src\tetris\tetris.o
 .text.delete_full_lines
                0x080121e4      0x144 obj\wc24h-stm32f103-debug\~#\src\tetris\tetris.o
 .text.tetris   0x08012328      0x490 obj\wc24h-stm32f103-debug\~#\src\tetris\tetris.o
                0x08012328                tetris
 .text.timeserver_read_data_from_eep
                0x080127b8       0xbc obj\wc24h-stm32f103-debug\~#\src\timeserver\timeserver.o
                0x080127b8                timeserver_read_data_from_eep
 .text.timeserver_save_timeserver
                0x08012874       0x38 obj\wc24h-stm32f103-debug\~#\src\timeserver\timeserver.o
 .text.timeserver_save_timezone
                0x080128ac       0x74 obj\wc24h-stm32f103-debug\~#\src\timeserver\timeserver.o
 .text.timeserver_write_data_to_eep
                0x08012920       0x2c obj\wc24h-stm32f103-debug\~#\src\timeserver\timeserver.o
                0x08012920                timeserver_write_data_to_eep
 .text.timeserver_set_timezone
                0x0801294c       0x60 obj\wc24h-stm32f103-debug\~#\src\timeserver\timeserver.o
                0x0801294c                timeserver_set_timezone
 .text.timeserver_set_timeserver
                0x080129ac       0x24 obj\wc24h-stm32f103-debug\~#\src\timeserver\timeserver.o
                0x080129ac                timeserver_set_timeserver
 .text.timeserver_start_timeserver_request
                0x080129d0       0x30 obj\wc24h-stm32f103-debug\~#\src\timeserver\timeserver.o
                0x080129d0                timeserver_start_timeserver_request
 .text.timeserver_convert_time
                0x08012a00      0x15c obj\wc24h-stm32f103-debug\~#\src\timeserver\timeserver.o
                0x08012a00                timeserver_convert_time
 .text.var_send_buf
                0x08012b5c       0x58 obj\wc24h-stm32f103-debug\~#\src\vars\vars.o
 .text.var_send_byte
                0x08012bb4       0x38 obj\wc24h-stm32f103-debug\~#\src\vars\vars.o
 .text.var_send_short
                0x08012bec       0x38 obj\wc24h-stm32f103-debug\~#\src\vars\vars.o
 .text.var_send_string
                0x08012c24       0x38 obj\wc24h-stm32f103-debug\~#\src\vars\vars.o
 .text.var_send_num_variable
                0x08012c5c       0x44 obj\wc24h-stm32f103-debug\~#\src\vars\vars.o
 .text.var_send_num8_array
                0x08012ca0       0x5c obj\wc24h-stm32f103-debug\~#\src\vars\vars.o
 .text.var_send_str_variable
                0x08012cfc       0x3c obj\wc24h-stm32f103-debug\~#\src\vars\vars.o
 .text.var_send_tm_variable
                0x08012d38       0x60 obj\wc24h-stm32f103-debug\~#\src\vars\vars.o
 .text.var_send_dsp_color_variable
                0x08012d98       0x4c obj\wc24h-stm32f103-debug\~#\src\vars\vars.o
 .text.var_send_display_animation_name
                0x08012de4       0x2c obj\wc24h-stm32f103-debug\~#\src\vars\vars.o
 .text.var_send_display_animation_deceleration
                0x08012e10       0x2c obj\wc24h-stm32f103-debug\~#\src\vars\vars.o
 .text.var_send_display_animation_default_deceleration
                0x08012e3c       0x2c obj\wc24h-stm32f103-debug\~#\src\vars\vars.o
 .text.var_send_display_animation_flags
                0x08012e68       0x2c obj\wc24h-stm32f103-debug\~#\src\vars\vars.o
 .text.var_send_color_animation_name
                0x08012e94       0x2c obj\wc24h-stm32f103-debug\~#\src\vars\vars.o
 .text.var_send_color_animation_deceleration
                0x08012ec0       0x2c obj\wc24h-stm32f103-debug\~#\src\vars\vars.o
 .text.var_send_color_animation_default_deceleration
                0x08012eec       0x2c obj\wc24h-stm32f103-debug\~#\src\vars\vars.o
 .text.var_send_color_animation_flags
                0x08012f18       0x2c obj\wc24h-stm32f103-debug\~#\src\vars\vars.o
 .text.var_send_ambilight_mode_name
                0x08012f44       0x2c obj\wc24h-stm32f103-debug\~#\src\vars\vars.o
 .text.var_send_ambilight_mode_deceleration
                0x08012f70       0x2c obj\wc24h-stm32f103-debug\~#\src\vars\vars.o
 .text.var_send_ambilight_mode_default_deceleration
                0x08012f9c       0x2c obj\wc24h-stm32f103-debug\~#\src\vars\vars.o
 .text.var_send_ambilight_mode_flags
                0x08012fc8       0x2c obj\wc24h-stm32f103-debug\~#\src\vars\vars.o
 .text.var_send_n_overlays
                0x08012ff4       0x18 obj\wc24h-stm32f103-debug\~#\src\vars\vars.o
 .text.var_send_overlay_type
                0x0801300c       0x30 obj\wc24h-stm32f103-debug\~#\src\vars\vars.o
 .text.var_send_overlay_interval
                0x0801303c       0x30 obj\wc24h-stm32f103-debug\~#\src\vars\vars.o
 .text.var_send_overlay_duration
                0x0801306c       0x30 obj\wc24h-stm32f103-debug\~#\src\vars\vars.o
 .text.var_send_overlay_date_code
                0x0801309c       0x30 obj\wc24h-stm32f103-debug\~#\src\vars\vars.o
 .text.var_send_overlay_date_start
                0x080130cc       0x30 obj\wc24h-stm32f103-debug\~#\src\vars\vars.o
 .text.var_send_overlay_days
                0x080130fc       0x30 obj\wc24h-stm32f103-debug\~#\src\vars\vars.o
 .text.var_send_overlay_text
                0x0801312c       0x30 obj\wc24h-stm32f103-debug\~#\src\vars\vars.o
 .text.var_send_overlay_flags
                0x0801315c       0x30 obj\wc24h-stm32f103-debug\~#\src\vars\vars.o
 .text.var_send_night_time
                0x0801318c       0x4c obj\wc24h-stm32f103-debug\~#\src\vars\vars.o
 .text.var_send_ambilight_night_time
                0x080131d8       0x4c obj\wc24h-stm32f103-debug\~#\src\vars\vars.o
 .text.var_send_alarm_time
                0x08013224       0x4c obj\wc24h-stm32f103-debug\~#\src\vars\vars.o
 .text.var_send_use_rgbw
                0x08013270       0x10 obj\wc24h-stm32f103-debug\~#\src\vars\vars.o
                0x08013270                var_send_use_rgbw
 .text.var_send_eep_is_up
                0x08013280       0x18 obj\wc24h-stm32f103-debug\~#\src\vars\vars.o
 .text.var_send_hardware_configuration
                0x08013298       0x18 obj\wc24h-stm32f103-debug\~#\src\vars\vars.o
 .text.var_send_rtc_is_up
                0x080132b0       0x18 obj\wc24h-stm32f103-debug\~#\src\vars\vars.o
 .text.var_send_display_power
                0x080132c8       0x18 obj\wc24h-stm32f103-debug\~#\src\vars\vars.o
                0x080132c8                var_send_display_power
 .text.var_send_display_ambilight_power
                0x080132e0       0x18 obj\wc24h-stm32f103-debug\~#\src\vars\vars.o
 .text.var_send_display_mode
                0x080132f8       0x18 obj\wc24h-stm32f103-debug\~#\src\vars\vars.o
                0x080132f8                var_send_display_mode
 .text.var_send_display_brightness
                0x08013310       0x18 obj\wc24h-stm32f103-debug\~#\src\vars\vars.o
                0x08013310                var_send_display_brightness
 .text.var_send_display_flags
                0x08013328       0x18 obj\wc24h-stm32f103-debug\~#\src\vars\vars.o
 .text.var_send_display_automatic_brightness_active
                0x08013340       0x18 obj\wc24h-stm32f103-debug\~#\src\vars\vars.o
                0x08013340                var_send_display_automatic_brightness_active
 .text.var_send_animation_mode
                0x08013358       0x18 obj\wc24h-stm32f103-debug\~#\src\vars\vars.o
                0x08013358                var_send_animation_mode
 .text.var_send_ambilight_mode
                0x08013370       0x18 obj\wc24h-stm32f103-debug\~#\src\vars\vars.o
                0x08013370                var_send_ambilight_mode
 .text.var_send_ambilight_leds
                0x08013388       0x18 obj\wc24h-stm32f103-debug\~#\src\vars\vars.o
 .text.var_send_ambilight_offset
                0x080133a0       0x18 obj\wc24h-stm32f103-debug\~#\src\vars\vars.o
 .text.var_send_ambilight_brightness
                0x080133b8       0x18 obj\wc24h-stm32f103-debug\~#\src\vars\vars.o
                0x080133b8                var_send_ambilight_brightness
 .text.var_send_color_animation_mode
                0x080133d0       0x18 obj\wc24h-stm32f103-debug\~#\src\vars\vars.o
                0x080133d0                var_send_color_animation_mode
 .text.var_send_ldr_raw_value
                0x080133e8       0x18 obj\wc24h-stm32f103-debug\~#\src\vars\vars.o
                0x080133e8                var_send_ldr_raw_value
 .text.var_send_ldr_min_value
                0x08013400       0x18 obj\wc24h-stm32f103-debug\~#\src\vars\vars.o
                0x08013400                var_send_ldr_min_value
 .text.var_send_ldr_max_value
                0x08013418       0x18 obj\wc24h-stm32f103-debug\~#\src\vars\vars.o
                0x08013418                var_send_ldr_max_value
 .text.var_send_timezone
                0x08013430       0x40 obj\wc24h-stm32f103-debug\~#\src\vars\vars.o
 .text.var_send_ds18xx_is_up
                0x08013470       0x18 obj\wc24h-stm32f103-debug\~#\src\vars\vars.o
 .text.var_send_rtc_temp_index
                0x08013488       0x18 obj\wc24h-stm32f103-debug\~#\src\vars\vars.o
                0x08013488                var_send_rtc_temp_index
 .text.var_send_rtc_temp_correction
                0x080134a0       0x18 obj\wc24h-stm32f103-debug\~#\src\vars\vars.o
 .text.var_send_ds18xx_temp_index
                0x080134b8       0x18 obj\wc24h-stm32f103-debug\~#\src\vars\vars.o
                0x080134b8                var_send_ds18xx_temp_index
 .text.var_send_ds18xx_temp_correction
                0x080134d0       0x18 obj\wc24h-stm32f103-debug\~#\src\vars\vars.o
 .text.var_send_ticker_deceleration
                0x080134e8       0x1c obj\wc24h-stm32f103-debug\~#\src\vars\vars.o
 .text.var_send_ticker_text
                0x08013504        0xc obj\wc24h-stm32f103-debug\~#\src\vars\vars.o
 .text.var_send_version
                0x08013510       0x14 obj\wc24h-stm32f103-debug\~#\src\vars\vars.o
                0x08013510                var_send_version
 .text.var_send_eep_version
                0x08013524       0x14 obj\wc24h-stm32f103-debug\~#\src\vars\vars.o
                0x08013524                var_send_eep_version
 .text.var_send_esp8266_version
                0x08013538        0xc obj\wc24h-stm32f103-debug\~#\src\vars\vars.o
 .text.var_send_timeserver
                0x08013544       0x14 obj\wc24h-stm32f103-debug\~#\src\vars\vars.o
                0x08013544                var_send_timeserver
 .text.var_send_weather_appid
                0x08013558       0x14 obj\wc24h-stm32f103-debug\~#\src\vars\vars.o
                0x08013558                var_send_weather_appid
 .text.var_send_weather_city
                0x0801356c       0x14 obj\wc24h-stm32f103-debug\~#\src\vars\vars.o
                0x0801356c                var_send_weather_city
 .text.var_send_weather_lon
                0x08013580       0x14 obj\wc24h-stm32f103-debug\~#\src\vars\vars.o
                0x08013580                var_send_weather_lon
 .text.var_send_weather_lat
                0x08013594       0x14 obj\wc24h-stm32f103-debug\~#\src\vars\vars.o
                0x08013594                var_send_weather_lat
 .text.var_send_update_host
                0x080135a8       0x14 obj\wc24h-stm32f103-debug\~#\src\vars\vars.o
 .text.var_send_update_path
                0x080135bc       0x14 obj\wc24h-stm32f103-debug\~#\src\vars\vars.o
 .text.var_send_date_ticker_format
                0x080135d0       0x14 obj\wc24h-stm32f103-debug\~#\src\vars\vars.o
 .text.var_send_tm
                0x080135e4       0x14 obj\wc24h-stm32f103-debug\~#\src\vars\vars.o
                0x080135e4                var_send_tm
 .text.var_send_display_colors
                0x080135f8       0x14 obj\wc24h-stm32f103-debug\~#\src\vars\vars.o
                0x080135f8                var_send_display_colors
 .text.var_send_ambilight_colors
                0x0801360c       0x14 obj\wc24h-stm32f103-debug\~#\src\vars\vars.o
                0x0801360c                var_send_ambilight_colors
 .text.var_send_ambilight_marker_colors
                0x08013620       0x14 obj\wc24h-stm32f103-debug\~#\src\vars\vars.o
                0x08013620                var_send_ambilight_marker_colors
 .text.var_send_display_animations
                0x08013634       0x98 obj\wc24h-stm32f103-debug\~#\src\vars\vars.o
                0x08013634                var_send_display_animations
 .text.var_send_color_animations
                0x080136cc       0x84 obj\wc24h-stm32f103-debug\~#\src\vars\vars.o
                0x080136cc                var_send_color_animations
 .text.var_send_ambilight_modes
                0x08013750       0x84 obj\wc24h-stm32f103-debug\~#\src\vars\vars.o
                0x08013750                var_send_ambilight_modes
 .text.var_send_overlays
                0x080137d4      0x104 obj\wc24h-stm32f103-debug\~#\src\vars\vars.o
                0x080137d4                var_send_overlays
 .text.var_send_night_times
                0x080138d8       0x40 obj\wc24h-stm32f103-debug\~#\src\vars\vars.o
 .text.var_send_ambilight_night_times
                0x08013918       0x40 obj\wc24h-stm32f103-debug\~#\src\vars\vars.o
 .text.var_send_alarm_times
                0x08013958       0x40 obj\wc24h-stm32f103-debug\~#\src\vars\vars.o
 .text.var_send_dimmed_display_colors
                0x08013998       0x18 obj\wc24h-stm32f103-debug\~#\src\vars\vars.o
 .text.var_send_dimmed_ambilight_colors
                0x080139b0       0x18 obj\wc24h-stm32f103-debug\~#\src\vars\vars.o
 .text.var_send_dfplayer_is_up
                0x080139c8       0x18 obj\wc24h-stm32f103-debug\~#\src\vars\vars.o
 .text.var_send_dfplayer_version
                0x080139e0       0x18 obj\wc24h-stm32f103-debug\~#\src\vars\vars.o
 .text.var_send_dfplayer_volume
                0x080139f8       0x18 obj\wc24h-stm32f103-debug\~#\src\vars\vars.o
 .text.var_send_dfplayer_silence_start
                0x08013a10       0x18 obj\wc24h-stm32f103-debug\~#\src\vars\vars.o
 .text.var_send_dfplayer_silence_stop
                0x08013a28       0x18 obj\wc24h-stm32f103-debug\~#\src\vars\vars.o
 .text.var_send_dfplayer_mode
                0x08013a40       0x18 obj\wc24h-stm32f103-debug\~#\src\vars\vars.o
 .text.var_send_dfplayer_bell_flags
                0x08013a58       0x18 obj\wc24h-stm32f103-debug\~#\src\vars\vars.o
 .text.var_send_dfplayer_speak_cycle
                0x08013a70       0x18 obj\wc24h-stm32f103-debug\~#\src\vars\vars.o
 .text.var_send_all_variables
                0x08013a88       0xf4 obj\wc24h-stm32f103-debug\~#\src\vars\vars.o
                0x08013a88                var_send_all_variables
 .text.weather_read_config_from_eep
                0x08013b7c       0xc0 obj\wc24h-stm32f103-debug\~#\src\weather\weather.o
                0x08013b7c                weather_read_config_from_eep
 .text.weather_save_appid
                0x08013c3c       0x24 obj\wc24h-stm32f103-debug\~#\src\weather\weather.o
 .text.weather_save_city
                0x08013c60       0x3c obj\wc24h-stm32f103-debug\~#\src\weather\weather.o
 .text.weather_save_lon
                0x08013c9c       0x3c obj\wc24h-stm32f103-debug\~#\src\weather\weather.o
 .text.weather_save_lat
                0x08013cd8       0x3c obj\wc24h-stm32f103-debug\~#\src\weather\weather.o
 .text.weather_write_config_to_eep
                0x08013d14       0x40 obj\wc24h-stm32f103-debug\~#\src\weather\weather.o
                0x08013d14                weather_write_config_to_eep
 .text.weather_set_appid
                0x08013d54       0x24 obj\wc24h-stm32f103-debug\~#\src\weather\weather.o
                0x08013d54                weather_set_appid
 .text.weather_set_city
                0x08013d78       0x24 obj\wc24h-stm32f103-debug\~#\src\weather\weather.o
                0x08013d78                weather_set_city
 .text.weather_set_lon
                0x08013d9c       0x2c obj\wc24h-stm32f103-debug\~#\src\weather\weather.o
                0x08013d9c                weather_set_lon
 .text.weather_set_lat
                0x08013dc8       0x2c obj\wc24h-stm32f103-debug\~#\src\weather\weather.o
                0x08013dc8                weather_set_lat
 .text.weather_query
                0x08013df4      0x1a8 obj\wc24h-stm32f103-debug\~#\src\weather\weather.o
                0x08013df4                weather_query
 .text.wpsbutton_init
                0x08013f9c       0x38 obj\wc24h-stm32f103-debug\~#\src\wpsbutton\wpsbutton.o
                0x08013f9c                wpsbutton_init
 .text.wpsbutton_pressed
                0x08013fd4       0x24 obj\wc24h-stm32f103-debug\~#\src\wpsbutton\wpsbutton.o
                0x08013fd4                wpsbutton_pressed
 .text.NVIC_Init
                0x08013ff8       0xc4 obj\wc24h-stm32f103-debug\spl\src\misc.o
                0x08013ff8                NVIC_Init
 .text.ADC_Init
                0x080140bc       0xa4 obj\wc24h-stm32f103-debug\spl\src\stm32f10x_adc.o
                0x080140bc                ADC_Init
 .text.ADC_StructInit
                0x08014160       0x36 obj\wc24h-stm32f103-debug\spl\src\stm32f10x_adc.o
                0x08014160                ADC_StructInit
 .text.ADC_Cmd  0x08014196       0x36 obj\wc24h-stm32f103-debug\spl\src\stm32f10x_adc.o
                0x08014196                ADC_Cmd
 .text.ADC_ResetCalibration
                0x080141cc       0x1e obj\wc24h-stm32f103-debug\spl\src\stm32f10x_adc.o
                0x080141cc                ADC_ResetCalibration
 .text.ADC_GetResetCalibrationStatus
                0x080141ea       0x2e obj\wc24h-stm32f103-debug\spl\src\stm32f10x_adc.o
                0x080141ea                ADC_GetResetCalibrationStatus
 .text.ADC_StartCalibration
                0x08014218       0x1e obj\wc24h-stm32f103-debug\spl\src\stm32f10x_adc.o
                0x08014218                ADC_StartCalibration
 .text.ADC_GetCalibrationStatus
                0x08014236       0x2e obj\wc24h-stm32f103-debug\spl\src\stm32f10x_adc.o
                0x08014236                ADC_GetCalibrationStatus
 .text.ADC_SoftwareStartConvCmd
                0x08014264       0x36 obj\wc24h-stm32f103-debug\spl\src\stm32f10x_adc.o
                0x08014264                ADC_SoftwareStartConvCmd
 .text.ADC_RegularChannelConfig
                0x0801429a      0x192 obj\wc24h-stm32f103-debug\spl\src\stm32f10x_adc.o
                0x0801429a                ADC_RegularChannelConfig
 .text.ADC_GetConversionValue
                0x0801442c       0x18 obj\wc24h-stm32f103-debug\spl\src\stm32f10x_adc.o
                0x0801442c                ADC_GetConversionValue
 .text.ADC_GetFlagStatus
                0x08014444       0x32 obj\wc24h-stm32f103-debug\spl\src\stm32f10x_adc.o
                0x08014444                ADC_GetFlagStatus
 *fill*         0x08014476        0x2 
 .text.DMA_DeInit
                0x08014478      0x178 obj\wc24h-stm32f103-debug\spl\src\stm32f10x_dma.o
                0x08014478                DMA_DeInit
 .text.DMA_Init
                0x080145f0       0x7c obj\wc24h-stm32f103-debug\spl\src\stm32f10x_dma.o
                0x080145f0                DMA_Init
 .text.DMA_StructInit
                0x0801466c       0x54 obj\wc24h-stm32f103-debug\spl\src\stm32f10x_dma.o
                0x0801466c                DMA_StructInit
 .text.DMA_Cmd  0x080146c0       0x38 obj\wc24h-stm32f103-debug\spl\src\stm32f10x_dma.o
                0x080146c0                DMA_Cmd
 .text.DMA_ITConfig
                0x080146f8       0x3a obj\wc24h-stm32f103-debug\spl\src\stm32f10x_dma.o
                0x080146f8                DMA_ITConfig
 .text.DMA_SetCurrDataCounter
                0x08014732       0x1c obj\wc24h-stm32f103-debug\spl\src\stm32f10x_dma.o
                0x08014732                DMA_SetCurrDataCounter
 *fill*         0x0801474e        0x2 
 .text.DMA_GetITStatus
                0x08014750       0x50 obj\wc24h-stm32f103-debug\spl\src\stm32f10x_dma.o
                0x08014750                DMA_GetITStatus
 .text.DMA_ClearITPendingBit
                0x080147a0       0x34 obj\wc24h-stm32f103-debug\spl\src\stm32f10x_dma.o
                0x080147a0                DMA_ClearITPendingBit
 .text.GPIO_Init
                0x080147d4      0x178 obj\wc24h-stm32f103-debug\spl\src\stm32f10x_gpio.o
                0x080147d4                GPIO_Init
 .text.GPIO_StructInit
                0x0801494c       0x26 obj\wc24h-stm32f103-debug\spl\src\stm32f10x_gpio.o
                0x0801494c                GPIO_StructInit
 .text.GPIO_ReadInputDataBit
                0x08014972       0x32 obj\wc24h-stm32f103-debug\spl\src\stm32f10x_gpio.o
                0x08014972                GPIO_ReadInputDataBit
 .text.GPIO_PinRemapConfig
                0x080149a4       0xe0 obj\wc24h-stm32f103-debug\spl\src\stm32f10x_gpio.o
                0x080149a4                GPIO_PinRemapConfig
 .text.I2C_DeInit
                0x08014a84       0x48 obj\wc24h-stm32f103-debug\spl\src\stm32f10x_i2c.o
                0x08014a84                I2C_DeInit
 .text.I2C_Init
                0x08014acc      0x184 obj\wc24h-stm32f103-debug\spl\src\stm32f10x_i2c.o
                0x08014acc                I2C_Init
 .text.I2C_StructInit
                0x08014c50       0x3c obj\wc24h-stm32f103-debug\spl\src\stm32f10x_i2c.o
                0x08014c50                I2C_StructInit
 .text.I2C_Cmd  0x08014c8c       0x3e obj\wc24h-stm32f103-debug\spl\src\stm32f10x_i2c.o
                0x08014c8c                I2C_Cmd
 .text.I2C_GenerateSTART
                0x08014cca       0x3e obj\wc24h-stm32f103-debug\spl\src\stm32f10x_i2c.o
                0x08014cca                I2C_GenerateSTART
 .text.I2C_GenerateSTOP
                0x08014d08       0x3e obj\wc24h-stm32f103-debug\spl\src\stm32f10x_i2c.o
                0x08014d08                I2C_GenerateSTOP
 .text.I2C_AcknowledgeConfig
                0x08014d46       0x3e obj\wc24h-stm32f103-debug\spl\src\stm32f10x_i2c.o
                0x08014d46                I2C_AcknowledgeConfig
 .text.I2C_SendData
                0x08014d84       0x1e obj\wc24h-stm32f103-debug\spl\src\stm32f10x_i2c.o
                0x08014d84                I2C_SendData
 .text.I2C_ReceiveData
                0x08014da2       0x1a obj\wc24h-stm32f103-debug\spl\src\stm32f10x_i2c.o
                0x08014da2                I2C_ReceiveData
 .text.I2C_Send7bitAddress
                0x08014dbc       0x3a obj\wc24h-stm32f103-debug\spl\src\stm32f10x_i2c.o
                0x08014dbc                I2C_Send7bitAddress
 .text.I2C_SoftwareResetCmd
                0x08014df6       0x42 obj\wc24h-stm32f103-debug\spl\src\stm32f10x_i2c.o
                0x08014df6                I2C_SoftwareResetCmd
 .text.I2C_GetFlagStatus
                0x08014e38       0x64 obj\wc24h-stm32f103-debug\spl\src\stm32f10x_i2c.o
                0x08014e38                I2C_GetFlagStatus
 .text.RCC_ADCCLKConfig
                0x08014e9c       0x38 obj\wc24h-stm32f103-debug\spl\src\stm32f10x_rcc.o
                0x08014e9c                RCC_ADCCLKConfig
 .text.RCC_GetClocksFreq
                0x08014ed4      0x16c obj\wc24h-stm32f103-debug\spl\src\stm32f10x_rcc.o
                0x08014ed4                RCC_GetClocksFreq
 .text.RCC_AHBPeriphClockCmd
                0x08015040       0x3c obj\wc24h-stm32f103-debug\spl\src\stm32f10x_rcc.o
                0x08015040                RCC_AHBPeriphClockCmd
 .text.RCC_APB2PeriphClockCmd
                0x0801507c       0x3c obj\wc24h-stm32f103-debug\spl\src\stm32f10x_rcc.o
                0x0801507c                RCC_APB2PeriphClockCmd
 .text.RCC_APB1PeriphClockCmd
                0x080150b8       0x3c obj\wc24h-stm32f103-debug\spl\src\stm32f10x_rcc.o
                0x080150b8                RCC_APB1PeriphClockCmd
 .text.RCC_APB1PeriphResetCmd
                0x080150f4       0x3c obj\wc24h-stm32f103-debug\spl\src\stm32f10x_rcc.o
                0x080150f4                RCC_APB1PeriphResetCmd
 .text.TIM_TimeBaseInit
                0x08015130       0xf8 obj\wc24h-stm32f103-debug\spl\src\stm32f10x_tim.o
                0x08015130                TIM_TimeBaseInit
 .text.TIM_OC1Init
                0x08015228      0x118 obj\wc24h-stm32f103-debug\spl\src\stm32f10x_tim.o
                0x08015228                TIM_OC1Init
 .text.TIM_TimeBaseStructInit
                0x08015340       0x32 obj\wc24h-stm32f103-debug\spl\src\stm32f10x_tim.o
                0x08015340                TIM_TimeBaseStructInit
 .text.TIM_OCStructInit
                0x08015372       0x42 obj\wc24h-stm32f103-debug\spl\src\stm32f10x_tim.o
                0x08015372                TIM_OCStructInit
 .text.TIM_Cmd  0x080153b4       0x3e obj\wc24h-stm32f103-debug\spl\src\stm32f10x_tim.o
                0x080153b4                TIM_Cmd
 .text.TIM_CtrlPWMOutputs
                0x080153f2       0x4a obj\wc24h-stm32f103-debug\spl\src\stm32f10x_tim.o
                0x080153f2                TIM_CtrlPWMOutputs
 .text.TIM_ITConfig
                0x0801543c       0x46 obj\wc24h-stm32f103-debug\spl\src\stm32f10x_tim.o
                0x0801543c                TIM_ITConfig
 .text.TIM_DMACmd
                0x08015482       0x46 obj\wc24h-stm32f103-debug\spl\src\stm32f10x_tim.o
                0x08015482                TIM_DMACmd
 .text.TIM_ARRPreloadConfig
                0x080154c8       0x3e obj\wc24h-stm32f103-debug\spl\src\stm32f10x_tim.o
                0x080154c8                TIM_ARRPreloadConfig
 .text.TIM_OC1PreloadConfig
                0x08015506       0x36 obj\wc24h-stm32f103-debug\spl\src\stm32f10x_tim.o
                0x08015506                TIM_OC1PreloadConfig
 .text.TIM_ClearITPendingBit
                0x0801553c       0x20 obj\wc24h-stm32f103-debug\spl\src\stm32f10x_tim.o
                0x0801553c                TIM_ClearITPendingBit
 .text.USART_Init
                0x0801555c      0x174 obj\wc24h-stm32f103-debug\spl\src\stm32f10x_usart.o
                0x0801555c                USART_Init
 .text.USART_StructInit
                0x080156d0       0x38 obj\wc24h-stm32f103-debug\spl\src\stm32f10x_usart.o
                0x080156d0                USART_StructInit
 .text.USART_Cmd
                0x08015708       0x3e obj\wc24h-stm32f103-debug\spl\src\stm32f10x_usart.o
                0x08015708                USART_Cmd
 .text.USART_ITConfig
                0x08015746       0x8e obj\wc24h-stm32f103-debug\spl\src\stm32f10x_usart.o
                0x08015746                USART_ITConfig
 .text.USART_SendData
                0x080157d4       0x22 obj\wc24h-stm32f103-debug\spl\src\stm32f10x_usart.o
                0x080157d4                USART_SendData
 .text.USART_ReceiveData
                0x080157f6       0x1e obj\wc24h-stm32f103-debug\spl\src\stm32f10x_usart.o
                0x080157f6                USART_ReceiveData
 .text.USART_OverSampling8Cmd
                0x08015814       0x42 obj\wc24h-stm32f103-debug\spl\src\stm32f10x_usart.o
                0x08015814                USART_OverSampling8Cmd
 .text.USART_GetITStatus
                0x08015856       0xb4 obj\wc24h-stm32f103-debug\spl\src\stm32f10x_usart.o
                0x08015856                USART_GetITStatus
 .text.USART_ClearITPendingBit
                0x0801590a       0x38 obj\wc24h-stm32f103-debug\spl\src\stm32f10x_usart.o
                0x0801590a                USART_ClearITPendingBit
 *fill*         0x08015942        0x2 
 .text.Reset_Handler
                0x08015944       0x44 obj\wc24h-stm32f103-debug\src\startup_stm32f103xb.o
                0x08015944                Reset_Handler
 .text.Default_Handler
                0x08015988        0x2 obj\wc24h-stm32f103-debug\src\startup_stm32f103xb.o
                0x08015988                RTC_Alarm_IRQHandler
                0x08015988                EXTI2_IRQHandler
                0x08015988                DebugMon_Handler
                0x08015988                TIM1_CC_IRQHandler
                0x08015988                HardFault_Handler
                0x08015988                PVD_IRQHandler
                0x08015988                PendSV_Handler
                0x08015988                NMI_Handler
                0x08015988                EXTI3_IRQHandler
                0x08015988                EXTI0_IRQHandler
                0x08015988                I2C2_EV_IRQHandler
                0x08015988                UsageFault_Handler
                0x08015988                ADC1_2_IRQHandler
                0x08015988                SPI1_IRQHandler
                0x08015988                TAMPER_IRQHandler
                0x08015988                DMA1_Channel4_IRQHandler
                0x08015988                RTC_IRQHandler
                0x08015988                DMA1_Channel7_IRQHandler
                0x08015988                CAN1_RX1_IRQHandler
                0x08015988                TIM4_IRQHandler
                0x08015988                I2C1_EV_IRQHandler
                0x08015988                DMA1_Channel6_IRQHandler
                0x08015988                TIM3_IRQHandler
                0x08015988                RCC_IRQHandler
                0x08015988                TIM1_TRG_COM_IRQHandler
                0x08015988                DMA1_Channel1_IRQHandler
                0x08015988                Default_Handler
                0x08015988                EXTI15_10_IRQHandler
                0x08015988                EXTI9_5_IRQHandler
                0x08015988                SPI2_IRQHandler
                0x08015988                MemManage_Handler
                0x08015988                SVC_Handler
                0x08015988                DMA1_Channel5_IRQHandler
                0x08015988                EXTI4_IRQHandler
                0x08015988                USB_LP_CAN1_RX0_IRQHandler
                0x08015988                USB_HP_CAN1_TX_IRQHandler
                0x08015988                DMA1_Channel3_IRQHandler
                0x08015988                TIM1_UP_IRQHandler
                0x08015988                WWDG_IRQHandler
                0x08015988                TIM1_BRK_IRQHandler
                0x08015988                EXTI1_IRQHandler
                0x08015988                I2C2_ER_IRQHandler
                0x08015988                CAN1_SCE_IRQHandler
                0x08015988                FLASH_IRQHandler
                0x08015988                BusFault_Handler
                0x08015988                I2C1_ER_IRQHandler
                0x08015988                USBWakeUp_IRQHandler
 *fill*         0x0801598a        0x2 
 .text.SystemInit
                0x0801598c       0x68 obj\wc24h-stm32f103-debug\src\system_stm32f10x.o
                0x0801598c                SystemInit
 .text.SystemCoreClockUpdate
                0x080159f4       0xe4 obj\wc24h-stm32f103-debug\src\system_stm32f10x.o
                0x080159f4                SystemCoreClockUpdate
 .text.SetSysClock
                0x08015ad8        0xc obj\wc24h-stm32f103-debug\src\system_stm32f10x.o
 .text.SetSysClockTo72
                0x08015ae4      0x100 obj\wc24h-stm32f103-debug\src\system_stm32f10x.o
 .text.atoi     0x08015be4        0x8 c:/program files (x86)/embitz2/share/armgcc/bin/../lib/gcc/arm-none-eabi/9.3.1/../../../../arm-none-eabi/lib/thumb/v7-m/nofp\libg_nano.a(lib_a-atoi.o)
                0x08015be4                atoi
 .text.memcpy   0x08015bec       0x1c c:/program files (x86)/embitz2/share/armgcc/bin/../lib/gcc/arm-none-eabi/9.3.1/../../../../arm-none-eabi/lib/thumb/v7-m/nofp\libg_nano.a(lib_a-memcpy-stub.o)
                0x08015bec                memcpy
 .text.memset   0x08015c08       0x10 c:/program files (x86)/embitz2/share/armgcc/bin/../lib/gcc/arm-none-eabi/9.3.1/../../../../arm-none-eabi/lib/thumb/v7-m/nofp\libg_nano.a(lib_a-memset.o)
                0x08015c08                memset
 .text.sprintf  0x08015c18       0x40 c:/program files (x86)/embitz2/share/armgcc/bin/../lib/gcc/arm-none-eabi/9.3.1/../../../../arm-none-eabi/lib/thumb/v7-m/nofp\libg_nano.a(lib_a-sprintf.o)
                0x08015c18                siprintf
                0x08015c18                sprintf
 .text.strcat   0x08015c58       0x1e c:/program files (x86)/embitz2/share/armgcc/bin/../lib/gcc/arm-none-eabi/9.3.1/../../../../arm-none-eabi/lib/thumb/v7-m/nofp\libg_nano.a(lib_a-strcat.o)
                0x08015c58                strcat
 .text.strchr   0x08015c76       0x1a c:/program files (x86)/embitz2/share/armgcc/bin/../lib/gcc/arm-none-eabi/9.3.1/../../../../arm-none-eabi/lib/thumb/v7-m/nofp\libg_nano.a(lib_a-strchr.o)
                0x08015c76                strchr
 .text.strcpy   0x08015c90       0x10 c:/program files (x86)/embitz2/share/armgcc/bin/../lib/gcc/arm-none-eabi/9.3.1/../../../../arm-none-eabi/lib/thumb/v7-m/nofp\libg_nano.a(lib_a-strcpy.o)
                0x08015c90                strcpy
 .text.strncmp  0x08015ca0       0x24 c:/program files (x86)/embitz2/share/armgcc/bin/../lib/gcc/arm-none-eabi/9.3.1/../../../../arm-none-eabi/lib/thumb/v7-m/nofp\libg_nano.a(lib_a-strncmp.o)
                0x08015ca0                strncmp
 .text.strncpy  0x08015cc4       0x26 c:/program files (x86)/embitz2/share/armgcc/bin/../lib/gcc/arm-none-eabi/9.3.1/../../../../arm-none-eabi/lib/thumb/v7-m/nofp\libg_nano.a(lib_a-strncpy.o)
                0x08015cc4                strncpy
 *fill*         0x08015cea        0x2 
 .text._strtol_l.isra.0
                0x08015cec      0x10c c:/program files (x86)/embitz2/share/armgcc/bin/../lib/gcc/arm-none-eabi/9.3.1/../../../../arm-none-eabi/lib/thumb/v7-m/nofp\libg_nano.a(lib_a-strtol.o)
 .text.strtol   0x08015df8       0x14 c:/program files (x86)/embitz2/share/armgcc/bin/../lib/gcc/arm-none-eabi/9.3.1/../../../../arm-none-eabi/lib/thumb/v7-m/nofp\libg_nano.a(lib_a-strtol.o)
                0x08015df8                strtol
 .text._strtoul_l.isra.0
                0x08015e0c       0xf8 c:/program files (x86)/embitz2/share/armgcc/bin/../lib/gcc/arm-none-eabi/9.3.1/../../../../arm-none-eabi/lib/thumb/v7-m/nofp\libg_nano.a(lib_a-strtoul.o)
 .text.strtoul  0x08015f04       0x14 c:/program files (x86)/embitz2/share/armgcc/bin/../lib/gcc/arm-none-eabi/9.3.1/../../../../arm-none-eabi/lib/thumb/v7-m/nofp\libg_nano.a(lib_a-strtoul.o)
                0x08015f04                strtoul
 .text._vsnprintf_r
                0x08015f18       0x58 c:/program files (x86)/embitz2/share/armgcc/bin/../lib/gcc/arm-none-eabi/9.3.1/../../../../arm-none-eabi/lib/thumb/v7-m/nofp\libg_nano.a(lib_a-vsnprintf.o)
                0x08015f18                _vsniprintf_r
                0x08015f18                _vsnprintf_r
 .text.vsnprintf
                0x08015f70       0x1c c:/program files (x86)/embitz2/share/armgcc/bin/../lib/gcc/arm-none-eabi/9.3.1/../../../../arm-none-eabi/lib/thumb/v7-m/nofp\libg_nano.a(lib_a-vsnprintf.o)
                0x08015f70                vsniprintf
                0x08015f70                vsnprintf
 .text.__errno  0x08015f8c        0xc c:/program files (x86)/embitz2/share/armgcc/bin/../lib/gcc/arm-none-eabi/9.3.1/../../../../arm-none-eabi/lib/thumb/v7-m/nofp\libg_nano.a(lib_a-errno.o)
                0x08015f8c                __errno
 .text.__ssputs_r
                0x08015f98       0xb6 c:/program files (x86)/embitz2/share/armgcc/bin/../lib/gcc/arm-none-eabi/9.3.1/../../../../arm-none-eabi/lib/thumb/v7-m/nofp\libg_nano.a(lib_a-nano-svfprintf.o)
                0x08015f98                __ssputs_r
 *fill*         0x0801604e        0x2 