Archive member included to satisfy reference by file (symbol)

c:/program files (x86)/embitz2/share/armgcc/bin/../lib/gcc/arm-none-eabi/9.3.1/thumb/v7-m/nofp\libgcc.a(_arm_addsubsf3.o)
                              obj\wc24h-stm32f103-release\~#\src\ds18xx\ds18xx.o (__aeabi_ui2f)
c:/program files (x86)/embitz2/share/armgcc/bin/../lib/gcc/arm-none-eabi/9.3.1/thumb/v7-m/nofp\libgcc.a(_arm_muldivsf3.o)
                              obj\wc24h-stm32f103-release\~#\src\ds18xx\ds18xx.o (__aeabi_fdiv)
c:/program files (x86)/embitz2/share/armgcc/bin/../lib/gcc/arm-none-eabi/9.3.1/thumb/v7-m/nofp\libgcc.a(_arm_cmpsf2.o)
                              obj\wc24h-stm32f103-release\~#\src\ds18xx\ds18xx.o (__aeabi_fcmpeq)
c:/program files (x86)/embitz2/share/armgcc/bin/../lib/gcc/arm-none-eabi/9.3.1/thumb/v7-m/nofp\libgcc.a(_arm_fixunssfsi.o)
                              obj\wc24h-stm32f103-release\~#\src\ds18xx\ds18xx.o (__aeabi_f2uiz)
c:/program files (x86)/embitz2/share/armgcc/bin/../lib/gcc/arm-none-eabi/9.3.1/thumb/v7-m/nofp\libgcc.a(_aeabi_ldivmod.o)
                              obj\wc24h-stm32f103-release\~#\src\base\base.o (__aeabi_ldivmod)
c:/program files (x86)/embitz2/share/armgcc/bin/../lib/gcc/arm-none-eabi/9.3.1/thumb/v7-m/nofp\libgcc.a(_udivmoddi4.o)
                              c:/program files (x86)/embitz2/share/armgcc/bin/../lib/gcc/arm-none-eabi/9.3.1/thumb/v7-m/nofp\libgcc.a(_aeabi_ldivmod.o) (__udivmoddi4)
c:/program files (x86)/embitz2/share/armgcc/bin/../lib/gcc/arm-none-eabi/9.3.1/thumb/v7-m/nofp\libgcc.a(_dvmd_tls.o)
                              c:/program files (x86)/embitz2/share/armgcc/bin/../lib/gcc/arm-none-eabi/9.3.1/thumb/v7-m/nofp\libgcc.a(_aeabi_ldivmod.o) (__aeabi_ldiv0)
c:/program files (x86)/embitz2/share/armgcc/bin/../lib/gcc/arm-none-eabi/9.3.1/../../../../arm-none-eabi/lib/thumb/v7-m/nofp\libg_nano.a(lib_a-atoi.o)
                              obj\wc24h-stm32f103-release\~#\src\main.o (atoi)
c:/program files (x86)/embitz2/share/armgcc/bin/../lib/gcc/arm-none-eabi/9.3.1/../../../../arm-none-eabi/lib/thumb/v7-m/nofp\libg_nano.a(lib_a-exit.o)
                              c:/program files (x86)/embitz2/share/armgcc/bin/../lib/gcc/arm-none-eabi/9.3.1/../../../../arm-none-eabi/lib/thumb/v7-m/nofp/crt0.o (exit)
c:/program files (x86)/embitz2/share/armgcc/bin/../lib/gcc/arm-none-eabi/9.3.1/../../../../arm-none-eabi/lib/thumb/v7-m/nofp\libg_nano.a(lib_a-impure.o)
                              c:/program files (x86)/embitz2/share/armgcc/bin/../lib/gcc/arm-none-eabi/9.3.1/../../../../arm-none-eabi/lib/thumb/v7-m/nofp\libg_nano.a(lib_a-exit.o) (_global_impure_ptr)
c:/program files (x86)/embitz2/share/armgcc/bin/../lib/gcc/arm-none-eabi/9.3.1/../../../../arm-none-eabi/lib/thumb/v7-m/nofp\libg_nano.a(lib_a-init.o)
                              c:/program files (x86)/embitz2/share/armgcc/bin/../lib/gcc/arm-none-eabi/9.3.1/../../../../arm-none-eabi/lib/thumb/v7-m/nofp/crt0.o (__libc_init_array)
c:/program files (x86)/embitz2/share/armgcc/bin/../lib/gcc/arm-none-eabi/9.3.1/../../../../arm-none-eabi/lib/thumb/v7-m/nofp\libg_nano.a(lib_a-memcpy-stub.o)
                              obj\wc24h-stm32f103-release\~#\src\irmp\irmp.o (memcpy)
c:/program files (x86)/embitz2/share/armgcc/bin/../lib/gcc/arm-none-eabi/9.3.1/../../../../arm-none-eabi/lib/thumb/v7-m/nofp\libg_nano.a(lib_a-memset.o)
                              c:/program files (x86)/embitz2/share/armgcc/bin/../lib/gcc/arm-none-eabi/9.3.1/../../../../arm-none-eabi/lib/thumb/v7-m/nofp/crt0.o (memset)
c:/program files (x86)/embitz2/share/armgcc/bin/../lib/gcc/arm-none-eabi/9.3.1/../../../../arm-none-eabi/lib/thumb/v7-m/nofp\libg_nano.a(lib_a-sprintf.o)
                              obj\wc24h-stm32f103-release\~#\src\display\display.o (sprintf)
c:/program files (x86)/embitz2/share/armgcc/bin/../lib/gcc/arm-none-eabi/9.3.1/../../../../arm-none-eabi/lib/thumb/v7-m/nofp\libg_nano.a(lib_a-strcat.o)
                              obj\wc24h-stm32f103-release\~#\src\weather\weather.o (strcat)
c:/program files (x86)/embitz2/share/armgcc/bin/../lib/gcc/arm-none-eabi/9.3.1/../../../../arm-none-eabi/lib/thumb/v7-m/nofp\libg_nano.a(lib_a-strchr.o)
                              obj\wc24h-stm32f103-release\~#\src\main.o (strchr)
c:/program files (x86)/embitz2/share/armgcc/bin/../lib/gcc/arm-none-eabi/9.3.1/../../../../arm-none-eabi/lib/thumb/v7-m/nofp\libg_nano.a(lib_a-strcmp.o)
                              obj\wc24h-stm32f103-release\~#\src\esp8266\esp8266.o (strcmp)
c:/program files (x86)/embitz2/share/armgcc/bin/../lib/gcc/arm-none-eabi/9.3.1/../../../../arm-none-eabi/lib/thumb/v7-m/nofp\libg_nano.a(lib_a-strcpy.o)
                              obj\wc24h-stm32f103-release\~#\src\display\display.o (strcpy)
c:/program files (x86)/embitz2/share/armgcc/bin/../lib/gcc/arm-none-eabi/9.3.1/../../../../arm-none-eabi/lib/thumb/v7-m/nofp\libg_nano.a(lib_a-strlen.o)
                              obj\wc24h-stm32f103-release\~#\src\display\display.o (strlen)
[...]
Memory Configuration

Name             Origin             Length             Attributes
FLASH            0x08000000         0x00010000         xr
RAM              0x20000000         0x00005000         xrw
*default*        0x00000000         0xffffffff

Linker script and memory map

LOAD c:/program files (x86)/embitz2/share/armgcc/bin/../lib/gcc/arm-none-eabi/9.3.1/thumb/v7-m/nofp/crti.o
LOAD c:/program files (x86)/embitz2/share/armgcc/bin/../lib/gcc/arm-none-eabi/9.3.1/thumb/v7-m/nofp/crtbegin.o
LOAD c:/program files (x86)/embitz2/share/armgcc/bin/../lib/gcc/arm-none-eabi/9.3.1/../../../../arm-none-eabi/lib/thumb/v7-m/nofp/crt0.o
                0x00000000                __HEAP_SIZE = 0x0
                0x00000100                __STACK_SIZE = 0x100
                0x00000000                _Min_Heap_Size = __HEAP_SIZE
                0x00000100                _Min_Stack_Size = __STACK_SIZE
                0x20005000                _estack = (ORIGIN (RAM) + LENGTH (RAM))

.isr_vector     0x08000000      0x10c
                0x08000000                . = ALIGN (0x4)
 *(.isr_vector)
 .isr_vector    0x08000000      0x10c obj\wc24h-stm32f103-release\src\startup_stm32f103xb.o
                0x08000000                g_pfnVectors
                0x0800010c                . = ALIGN (0x4)

.text           0x0800010c     0xcbcc
                0x0800010c                . = ALIGN (0x4)
 *(.text)
 .text          0x0800010c       0x40 c:/program files (x86)/embitz2/share/armgcc/bin/../lib/gcc/arm-none-eabi/9.3.1/thumb/v7-m/nofp/crtbegin.o
 .text          0x0800014c       0xa0 c:/program files (x86)/embitz2/share/armgcc/bin/../lib/gcc/arm-none-eabi/9.3.1/thumb/v7-m/nofp\libgcc.a(_aeabi_ldivmod.o)
                0x0800014c                __aeabi_ldivmod
 .text          0x080001ec      0x2c4 c:/program files (x86)/embitz2/share/armgcc/bin/../lib/gcc/arm-none-eabi/9.3.1/thumb/v7-m/nofp\libgcc.a(_udivmoddi4.o)
                0x080001ec                __udivmoddi4
 .text          0x080004b0        0x4 c:/program files (x86)/embitz2/share/armgcc/bin/../lib/gcc/arm-none-eabi/9.3.1/thumb/v7-m/nofp\libgcc.a(_dvmd_tls.o)
                0x080004b0                __aeabi_idiv0
                0x080004b0                __aeabi_ldiv0
 .text          0x080004b4       0x14 c:/program files (x86)/embitz2/share/armgcc/bin/../lib/gcc/arm-none-eabi/9.3.1/../../../../arm-none-eabi/lib/thumb/v7-m/nofp\libg_nano.a(lib_a-strcmp.o)
                0x080004b4                strcmp
 .text          0x080004c8       0x10 c:/program files (x86)/embitz2/share/armgcc/bin/../lib/gcc/arm-none-eabi/9.3.1/../../../../arm-none-eabi/lib/thumb/v7-m/nofp\libg_nano.a(lib_a-strlen.o)
                0x080004c8                strlen
 *(.text*)
 .text.adc_init
                0x080004d8       0xb8 obj\wc24h-stm32f103-release\~#\src\adc\adc.o
                0x080004d8                adc_init
 .text.adc_start_single_conversion
                0x08000590       0x1c obj\wc24h-stm32f103-release\~#\src\adc\adc.o
                0x08000590                adc_start_single_conversion
 .text.adc_poll_conversion_value
                0x080005ac       0x34 obj\wc24h-stm32f103-release\~#\src\adc\adc.o
                0x080005ac                adc_poll_conversion_value
 .text.alarm_write_data_to_eep
                0x080005e0       0x50 obj\wc24h-stm32f103-release\~#\src\alarm\alarm.o
                0x080005e0                alarm_write_data_to_eep
 .text.alarm_read_data_from_eep
                0x08000630       0x74 obj\wc24h-stm32f103-release\~#\src\alarm\alarm.o
                0x08000630                alarm_read_data_from_eep
 .text.alarm_check_alarm_times
                0x080006a4       0x64 obj\wc24h-stm32f103-release\~#\src\alarm\alarm.o
                0x080006a4                alarm_check_alarm_times
 .text.alarm_init
                0x08000708        0x2 obj\wc24h-stm32f103-release\~#\src\alarm\alarm.o
                0x08000708                alarm_init
 *fill*         0x0800070a        0x2 
 .text.add_days
                0x0800070c       0xac obj\wc24h-stm32f103-release\~#\src\base\base.o
                0x0800070c                add_days
 .text.dayofweek
                0x080007b8       0x54 obj\wc24h-stm32f103-release\~#\src\base\base.o
                0x080007b8                dayofweek
 .text.days_of_month
                0x0800080c       0x34 obj\wc24h-stm32f103-release\~#\src\base\base.o
                0x0800080c                days_of_month
 .text.init_date_codes
                0x08000840      0x1a8 obj\wc24h-stm32f103-release\~#\src\base\base.o
                0x08000840                init_date_codes
 .text.get_date_by_date_code
                0x080009e8       0x1c obj\wc24h-stm32f103-release\~#\src\base\base.o
                0x080009e8                get_date_by_date_code
 .text.htoi     0x08000a04       0x46 obj\wc24h-stm32f103-release\~#\src\base\base.o
                0x08000a04                htoi
 .text.strsubst
                0x08000a4a       0x12 obj\wc24h-stm32f103-release\~#\src\base\base.o
                0x08000a4a                strsubst
 .text.my_srand
                0x08000a5c       0x24 obj\wc24h-stm32f103-release\~#\src\base\base.o
                0x08000a5c                my_srand
 .text.my_rand  0x08000a80       0x7c obj\wc24h-stm32f103-release\~#\src\base\base.o
                0x08000a80                my_rand
 .text.my_gmtime
                0x08000afc      0x120 obj\wc24h-stm32f103-release\~#\src\base\base.o
                0x08000afc                my_gmtime
 .text.board_led_init
                0x08000c1c       0x30 obj\wc24h-stm32f103-release\~#\src\board-led\board-led.o
                0x08000c1c                board_led_init
 .text.board_led_on
                0x08000c4c       0x10 obj\wc24h-stm32f103-release\~#\src\board-led\board-led.o
                0x08000c4c                board_led_on
 .text.board_led_off
                0x08000c5c       0x10 obj\wc24h-stm32f103-release\~#\src\board-led\board-led.o
                0x08000c5c                board_led_off
 .text.button_init
                0x08000c6c       0x2c obj\wc24h-stm32f103-release\~#\src\button\button.o
                0x08000c6c                button_init
 .text.button_pressed
                0x08000c98       0x14 obj\wc24h-stm32f103-release\~#\src\button\button.o
                0x08000c98                button_pressed
 .text.dcf77_time
                0x08000cac       0x64 obj\wc24h-stm32f103-release\~#\src\dcf77\dcf77.o
                0x08000cac                dcf77_time
 .text.dcf77_init
                0x08000d10       0x50 obj\wc24h-stm32f103-release\~#\src\dcf77\dcf77.o
                0x08000d10                dcf77_init
 .text.dcf77_tick
                0x08000d60      0x3fc obj\wc24h-stm32f103-release\~#\src\dcf77\dcf77.o
                0x08000d60                dcf77_tick
 .text.SysTick_Handler
                0x0800115c       0x14 obj\wc24h-stm32f103-release\~#\src\delay\delay.o
                0x0800115c                SysTick_Handler
 .text.delay_usec
                0x08001170       0x24 obj\wc24h-stm32f103-release\~#\src\delay\delay.o
                0x08001170                delay_usec
 .text.delay_msec
                0x08001194       0x1c obj\wc24h-stm32f103-release\~#\src\delay\delay.o
                0x08001194                delay_msec
 .text.delay_sec
                0x080011b0       0x14 obj\wc24h-stm32f103-release\~#\src\delay\delay.o
                0x080011b0                delay_sec
 .text.delay_init
                0x080011c4       0x5c obj\wc24h-stm32f103-release\~#\src\delay\delay.o
                0x080011c4                delay_init
 .text.dfplayer_uart_init
                0x08001220       0xa8 obj\wc24h-stm32f103-release\~#\src\dfplayer\dfplayer-uart.o
                0x08001220                dfplayer_uart_init
 .text.dfplayer_uart_putc
                0x080012c8       0x4c obj\wc24h-stm32f103-release\~#\src\dfplayer\dfplayer-uart.o
                0x080012c8                dfplayer_uart_putc
 .text.dfplayer_uart_getc
                0x08001314       0x3c obj\wc24h-stm32f103-release\~#\src\dfplayer\dfplayer-uart.o
                0x08001314                dfplayer_uart_getc
 .text.dfplayer_uart_rsize
                0x08001350        0xc obj\wc24h-stm32f103-release\~#\src\dfplayer\dfplayer-uart.o
                0x08001350                dfplayer_uart_rsize
 .text.USART3_IRQHandler
                0x0800135c       0xb4 obj\wc24h-stm32f103-release\~#\src\dfplayer\dfplayer-uart.o
                0x0800135c                USART3_IRQHandler
 .text.dfplayer_save_volume
                0x08001410       0x20 obj\wc24h-stm32f103-release\~#\src\dfplayer\dfplayer.o
 .text.dfplayer_save_silence_start
                0x08001430       0x20 obj\wc24h-stm32f103-release\~#\src\dfplayer\dfplayer.o
 .text.dfplayer_save_silence_stop
                0x08001450       0x20 obj\wc24h-stm32f103-release\~#\src\dfplayer\dfplayer.o
 .text.dfplayer_save_mode
                0x08001470       0x20 obj\wc24h-stm32f103-release\~#\src\dfplayer\dfplayer.o
 .text.dfplayer_save_bell_flags
                0x08001490       0x20 obj\wc24h-stm32f103-release\~#\src\dfplayer\dfplayer.o
 .text.dfplayer_save_speak_cycle
                0x080014b0       0x20 obj\wc24h-stm32f103-release\~#\src\dfplayer\dfplayer.o
 .text.dfplayer_send_cmd
                0x080014d0       0x5a obj\wc24h-stm32f103-release\~#\src\dfplayer\dfplayer.o
 *fill*         0x0800152a        0x2 
 .text.dfplayer_set_volume
                0x0800152c       0x1c obj\wc24h-stm32f103-release\~#\src\dfplayer\dfplayer.o
                0x0800152c                dfplayer_set_volume
 .text.dfplayer_set_eq
                0x08001548       0x1c obj\wc24h-stm32f103-release\~#\src\dfplayer\dfplayer.o
                0x08001548                dfplayer_set_eq
 .text.dfplayer_source_device
                0x08001564       0x1c obj\wc24h-stm32f103-release\~#\src\dfplayer\dfplayer.o
                0x08001564                dfplayer_source_device
 .text.dfplayer_reset
                0x08001580        0x8 obj\wc24h-stm32f103-release\~#\src\dfplayer\dfplayer.o
                0x08001580                dfplayer_reset
 .text.dfplayer_play_folder
                0x08001588        0xc obj\wc24h-stm32f103-release\~#\src\dfplayer\dfplayer.o
                0x08001588                dfplayer_play_folder
 .text.dfplayer_query_software_version
                0x08001594       0x24 obj\wc24h-stm32f103-release\~#\src\dfplayer\dfplayer.o
                0x08001594                dfplayer_query_software_version
 .text.dfplayer_read_message
                0x080015b8      0x380 obj\wc24h-stm32f103-release\~#\src\dfplayer\dfplayer.o
                0x080015b8                dfplayer_read_message
 .text.dfplayer_read_config_from_eep
                0x08001938       0xa8 obj\wc24h-stm32f103-release\~#\src\dfplayer\dfplayer.o
                0x08001938                dfplayer_read_config_from_eep
 .text.dfplayer_write_config_to_eep
                0x080019e0       0x28 obj\wc24h-stm32f103-release\~#\src\dfplayer\dfplayer.o
                0x080019e0                dfplayer_write_config_to_eep
 .text.dfplayer_set_new_volume
                0x08001a08       0x18 obj\wc24h-stm32f103-release\~#\src\dfplayer\dfplayer.o
                0x08001a08                dfplayer_set_new_volume
 .text.dfplayer_set_silence_start
                0x08001a20        0xc obj\wc24h-stm32f103-release\~#\src\dfplayer\dfplayer.o
                0x08001a20                dfplayer_set_silence_start
 .text.dfplayer_set_silence_stop
                0x08001a2c        0xc obj\wc24h-stm32f103-release\~#\src\dfplayer\dfplayer.o
                0x08001a2c                dfplayer_set_silence_stop
 .text.dfplayer_set_mode
                0x08001a38        0xc obj\wc24h-stm32f103-release\~#\src\dfplayer\dfplayer.o
                0x08001a38                dfplayer_set_mode
 .text.dfplayer_set_bell_flags
                0x08001a44        0xc obj\wc24h-stm32f103-release\~#\src\dfplayer\dfplayer.o
                0x08001a44                dfplayer_set_bell_flags
 .text.dfplayer_set_speak_cycle
                0x08001a50        0xc obj\wc24h-stm32f103-release\~#\src\dfplayer\dfplayer.o
                0x08001a50                dfplayer_set_speak_cycle
 .text.dfplayer_enqueue
                0x08001a5c       0x1c obj\wc24h-stm32f103-release\~#\src\dfplayer\dfplayer.o
                0x08001a5c                dfplayer_enqueue
 .text.dfplayer_flush_queue
                0x08001a78       0x14 obj\wc24h-stm32f103-release\~#\src\dfplayer\dfplayer.o
                0x08001a78                dfplayer_flush_queue
 .text.dfplayer_start_queue
                0x08001a8c       0x2c obj\wc24h-stm32f103-release\~#\src\dfplayer\dfplayer.o
                0x08001a8c                dfplayer_start_queue
 .text.dfplayer_init
                0x08001ab8       0x1c obj\wc24h-stm32f103-release\~#\src\dfplayer\dfplayer.o
                0x08001ab8                dfplayer_init
 .text.display_word_on
                0x08001ad4       0x54 obj\wc24h-stm32f103-release\~#\src\display\display.o
 .text.dim_dsp_colors
                0x08001b28       0x64 obj\wc24h-stm32f103-release\~#\src\display\display.o
 .text.display_set_new_states
                0x08001b8c       0x24 obj\wc24h-stm32f103-release\~#\src\display\display.o
 .text.sync_colors
                0x08001bb0       0x2c obj\wc24h-stm32f103-release\~#\src\display\display.o
 .text.display_refresh_ambilight_leds
                0x08001bdc       0x14 obj\wc24h-stm32f103-release\~#\src\display\display.o
 .text.display_set_ambilight_leds
                0x08001bf0       0x24 obj\wc24h-stm32f103-release\~#\src\display\display.o
 .text.display_show_ambilight_off
                0x08001c14       0x14 obj\wc24h-stm32f103-release\~#\src\display\display.o
 .text.display_show_ambilight_normal_mode
                0x08001c28       0x44 obj\wc24h-stm32f103-release\~#\src\display\display.o
 .text.display_save_dimmed_display_colors
                0x08001c6c       0x28 obj\wc24h-stm32f103-release\~#\src\display\display.o
 .text.display_save_dimmed_ambilight_colors
                0x08001c94       0x28 obj\wc24h-stm32f103-release\~#\src\display\display.o
 .text.display_save_display_colors
                0x08001cbc       0x3c obj\wc24h-stm32f103-release\~#\src\display\display.o
 .text.display_save_display_flags
                0x08001cf8       0x20 obj\wc24h-stm32f103-release\~#\src\display\display.o
 .text.display_save_animation_mode
                0x08001d18       0x20 obj\wc24h-stm32f103-release\~#\src\display\display.o
 .text.display_save_color_animation_mode
                0x08001d38       0x20 obj\wc24h-stm32f103-release\~#\src\display\display.o
 .text.display_save_brightness
                0x08001d58       0x20 obj\wc24h-stm32f103-release\~#\src\display\display.o
 .text.display_save_automatic_brightness
                0x08001d78       0x20 obj\wc24h-stm32f103-release\~#\src\display\display.o
 .text.display_save_ambilight_colors
                0x08001d98       0x3c obj\wc24h-stm32f103-release\~#\src\display\display.o
 .text.display_save_ambilight_marker_colors
                0x08001dd4       0x40 obj\wc24h-stm32f103-release\~#\src\display\display.o
 .text.display_save_ambilight_brightness
                0x08001e14       0x20 obj\wc24h-stm32f103-release\~#\src\display\display.o
 .text.display_save_ambilight_mode
                0x08001e34       0x20 obj\wc24h-stm32f103-release\~#\src\display\display.o
 .text.display_save_number_of_ambilight_leds
                0x08001e54       0x20 obj\wc24h-stm32f103-release\~#\src\display\display.o
 .text.display_save_ambilight_led_offset
                0x08001e74       0x20 obj\wc24h-stm32f103-release\~#\src\display\display.o
 .text.display_save_animation
                0x08001e94       0x40 obj\wc24h-stm32f103-release\~#\src\display\display.o
 .text.display_save_color_animation
                0x08001ed4       0x3c obj\wc24h-stm32f103-release\~#\src\display\display.o
 .text.display_save_ambilight_mode_deceleration
                0x08001f10       0x48 obj\wc24h-stm32f103-release\~#\src\display\display.o
 .text.display_save_ticker_deceleration
                0x08001f58       0x24 obj\wc24h-stm32f103-release\~#\src\display\display.o
 .text.display_animation_random
                0x08001f7c       0x98 obj\wc24h-stm32f103-release\~#\src\display\display.o
 .text.display_show_ticker_char.constprop.0
                0x08002014       0xe8 obj\wc24h-stm32f103-release\~#\src\display\display.o
 .text.display_set_ambilight_led.constprop.0
                0x080020fc       0x20 obj\wc24h-stm32f103-release\~#\src\display\display.o
 .text.display_refresh_display_leds
                0x0800211c        0x6 obj\wc24h-stm32f103-release\~#\src\display\display.o
                0x0800211c                display_refresh_display_leds
 .text.display_set_status_led
                0x08002122        0x2 obj\wc24h-stm32f103-release\~#\src\display\display.o
                0x08002122                display_set_status_led
 .text.display_set_status_or_minute_leds
                0x08002124        0x2 obj\wc24h-stm32f103-release\~#\src\display\display.o
                0x08002124                display_set_status_or_minute_leds
 .text.display_set_display_led
                0x08002126       0x20 obj\wc24h-stm32f103-release\~#\src\display\display.o
                0x08002126                display_set_display_led
 *fill*         0x08002146        0x2 
 .text.display_animation_flush
                0x08002148       0xa8 obj\wc24h-stm32f103-release\~#\src\display\display.o
 .text.display_animation_none
                0x080021f0       0x1c obj\wc24h-stm32f103-release\~#\src\display\display.o
 .text.display_show_new_display
                0x0800220c       0x64 obj\wc24h-stm32f103-release\~#\src\display\display.o
 .text.display_ticker
                0x08002270       0x68 obj\wc24h-stm32f103-release\~#\src\display\display.o
 .text.display_animation_flicker
                0x080022d8       0x74 obj\wc24h-stm32f103-release\~#\src\display\display.o
 .text.display_animation_squeeze
                0x0800234c       0xe4 obj\wc24h-stm32f103-release\~#\src\display\display.o
 .text.display_animation_drop
                0x08002430      0x1bc obj\wc24h-stm32f103-release\~#\src\display\display.o
 .text.display_animation_cube
                0x080025ec      0x120 obj\wc24h-stm32f103-release\~#\src\display\display.o
 .text.display_animation_teletype
                0x0800270c       0x98 obj\wc24h-stm32f103-release\~#\src\display\display.o
 .text.display_animation_explode
                0x080027a4      0x1e0 obj\wc24h-stm32f103-release\~#\src\display\display.o
 .text.display_animation_roll
                0x08002984      0x200 obj\wc24h-stm32f103-release\~#\src\display\display.o
 .text.display_animation_fade
                0x08002b84      0x270 obj\wc24h-stm32f103-release\~#\src\display\display.o
 .text.display_reset_led_states
                0x08002df4       0x1c obj\wc24h-stm32f103-release\~#\src\display\display.o
                0x08002df4                display_reset_led_states
 .text.display_dim_display_dsp_colors
                0x08002e10       0x18 obj\wc24h-stm32f103-release\~#\src\display\display.o
                0x08002e10                display_dim_display_dsp_colors
 .text.display_calc_dimmed_display_colors
                0x08002e28       0x3c obj\wc24h-stm32f103-release\~#\src\display\display.o
 .text.display_init_color_animation_daylight
                0x08002e64       0x4c obj\wc24h-stm32f103-release\~#\src\display\display.o
 .text.display_init_color_animation
                0x08002eb0       0x20 obj\wc24h-stm32f103-release\~#\src\display\display.o
 .text.display_animation_generic_matrix
                0x08002ed0      0x2a4 obj\wc24h-stm32f103-release\~#\src\display\display.o
 .text.display_animation_matrix
                0x08003174        0x6 obj\wc24h-stm32f103-release\~#\src\display\display.o
 .text.display_animation_green_matrix
                0x0800317a        0x6 obj\wc24h-stm32f103-release\~#\src\display\display.o
 .text.display_animation_snake
                0x08003180      0x284 obj\wc24h-stm32f103-release\~#\src\display\display.o
 .text.display_dim_ambilight_dsp_colors
                0x08003404       0x18 obj\wc24h-stm32f103-release\~#\src\display\display.o
                0x08003404                display_dim_ambilight_dsp_colors
 .text.display_calc_dimmed_ambilight_colors
                0x0800341c       0x58 obj\wc24h-stm32f103-release\~#\src\display\display.o
 .text.display_init_ambilight_mode_daylight
                0x08003474       0x4c obj\wc24h-stm32f103-release\~#\src\display\display.o
 .text.display_init_ambilight_mode
                0x080034c0       0x30 obj\wc24h-stm32f103-release\~#\src\display\display.o
 .text.desync_colors
                0x080034f0       0x14 obj\wc24h-stm32f103-release\~#\src\display\display.o
 .text.display_calc_dimmed_ambilight_marker_colors
                0x08003504       0x18 obj\wc24h-stm32f103-release\~#\src\display\display.o
 .text.display_set_ambilight_power
                0x0800351c       0x24 obj\wc24h-stm32f103-release\~#\src\display\display.o
                0x0800351c                display_set_ambilight_power
 .text.display_clock
                0x08003540       0x9c obj\wc24h-stm32f103-release\~#\src\display\display.o
                0x08003540                display_clock
 .text.display_get_icon
                0x080035dc       0x1c obj\wc24h-stm32f103-release\~#\src\display\display.o
                0x080035dc                display_get_icon
 .text.display_get_weather_icon
                0x080035f8       0x18 obj\wc24h-stm32f103-release\~#\src\display\display.o
                0x080035f8                display_get_weather_icon
 .text.display_read_icon
                0x08003610       0x28 obj\wc24h-stm32f103-release\~#\src\display\display.o
                0x08003610                display_read_icon
 .text.display_read_config_from_eep
                0x08003638      0x47c obj\wc24h-stm32f103-release\~#\src\display\display.o
                0x08003638                display_read_config_from_eep
 .text.display_save_display_mode
                0x08003ab4       0x20 obj\wc24h-stm32f103-release\~#\src\display\display.o
                0x08003ab4                display_save_display_mode
 .text.display_set_dimmed_display_color
                0x08003ad4       0x24 obj\wc24h-stm32f103-release\~#\src\display\display.o
                0x08003ad4                display_set_dimmed_display_color
 .text.display_set_dimmed_ambilight_color
                0x08003af8       0x24 obj\wc24h-stm32f103-release\~#\src\display\display.o
                0x08003af8                display_set_dimmed_ambilight_color
 .text.display_write_config_to_eep
                0x08003b1c       0x8c obj\wc24h-stm32f103-release\~#\src\display\display.o
                0x08003b1c                display_write_config_to_eep
 .text.display_set_ticker_deceleration
                0x08003ba8       0x1c obj\wc24h-stm32f103-release\~#\src\display\display.o
                0x08003ba8                display_set_ticker_deceleration
 .text.display_set_date_ticker_format
                0x08003bc4       0x28 obj\wc24h-stm32f103-release\~#\src\display\display.o
                0x08003bc4                display_set_date_ticker_format
 .text.display_set_display_flags
                0x08003bec       0x3c obj\wc24h-stm32f103-release\~#\src\display\display.o
                0x08003bec                display_set_display_flags
 .text.display_set_ambilight_mode
                0x08003c28       0x34 obj\wc24h-stm32f103-release\~#\src\display\display.o
                0x08003c28                display_set_ambilight_mode
 .text.display_set_number_of_ambilight_leds
                0x08003c5c       0x1c obj\wc24h-stm32f103-release\~#\src\display\display.o
                0x08003c5c                display_set_number_of_ambilight_leds
 .text.display_set_ambilight_led_offset
                0x08003c78       0x18 obj\wc24h-stm32f103-release\~#\src\display\display.o
                0x08003c78                display_set_ambilight_led_offset
 .text.display_set_display_mode
                0x08003c90       0x44 obj\wc24h-stm32f103-release\~#\src\display\display.o
                0x08003c90                display_set_display_mode
 .text.display_increment_display_mode
                0x08003cd4       0x20 obj\wc24h-stm32f103-release\~#\src\display\display.o
                0x08003cd4                display_increment_display_mode
 .text.display_decrement_display_mode
                0x08003cf4       0x1c obj\wc24h-stm32f103-release\~#\src\display\display.o
                0x08003cf4                display_decrement_display_mode
 .text.display_set_animation_mode
                0x08003d10       0x1c obj\wc24h-stm32f103-release\~#\src\display\display.o
                0x08003d10                display_set_animation_mode
 .text.display_increment_animation_mode
                0x08003d2c       0x24 obj\wc24h-stm32f103-release\~#\src\display\display.o
                0x08003d2c                display_increment_animation_mode
 .text.display_decrement_animation_mode
                0x08003d50       0x24 obj\wc24h-stm32f103-release\~#\src\display\display.o
                0x08003d50                display_decrement_animation_mode
 .text.display_set_color_animation_mode
                0x08003d74       0x28 obj\wc24h-stm32f103-release\~#\src\display\display.o
                0x08003d74                display_set_color_animation_mode
 .text.display_seconds
                0x08003d9c      0x27c obj\wc24h-stm32f103-release\~#\src\display\display.o
                0x08003d9c                display_seconds
 .text.display_set_ticker
                0x08004018       0x5c obj\wc24h-stm32f103-release\~#\src\display\display.o
                0x08004018                display_set_ticker
 .text.display_animation
                0x08004074      0x4b8 obj\wc24h-stm32f103-release\~#\src\display\display.o
                0x08004074                display_animation
 .text.display_increment_display_color_red
                0x0800452c       0x2c obj\wc24h-stm32f103-release\~#\src\display\display.o
                0x0800452c                display_increment_display_color_red
 .text.display_decrement_display_color_red
                0x08004558       0x2c obj\wc24h-stm32f103-release\~#\src\display\display.o
                0x08004558                display_decrement_display_color_red
 .text.display_increment_display_color_green
                0x08004584       0x2c obj\wc24h-stm32f103-release\~#\src\display\display.o
                0x08004584                display_increment_display_color_green
 .text.display_decrement_display_color_green
                0x080045b0       0x2c obj\wc24h-stm32f103-release\~#\src\display\display.o
                0x080045b0                display_decrement_display_color_green
 .text.display_increment_display_color_blue
                0x080045dc       0x2c obj\wc24h-stm32f103-release\~#\src\display\display.o
                0x080045dc                display_increment_display_color_blue
 .text.display_decrement_display_color_blue
                0x08004608       0x2c obj\wc24h-stm32f103-release\~#\src\display\display.o
                0x08004608                display_decrement_display_color_blue
 .text.display_set_display_colors
                0x08004634       0x44 obj\wc24h-stm32f103-release\~#\src\display\display.o
                0x08004634                display_set_display_colors
 .text.display_set_display_brightness
                0x08004678       0x30 obj\wc24h-stm32f103-release\~#\src\display\display.o
                0x08004678                display_set_display_brightness
 .text.display_decrement_display_brightness
                0x080046a8       0x24 obj\wc24h-stm32f103-release\~#\src\display\display.o
                0x080046a8                display_decrement_display_brightness
 .text.display_increment_display_brightness
                0x080046cc       0x24 obj\wc24h-stm32f103-release\~#\src\display\display.o
                0x080046cc                display_increment_display_brightness
 .text.display_set_ambilight_brightness
                0x080046f0       0x34 obj\wc24h-stm32f103-release\~#\src\display\display.o
                0x080046f0                display_set_ambilight_brightness
 .text.display_set_automatic_brightness
                0x08004724       0x34 obj\wc24h-stm32f103-release\~#\src\display\display.o
                0x08004724                display_set_automatic_brightness
 .text.display_set_ambilight_colors
                0x08004758       0x54 obj\wc24h-stm32f103-release\~#\src\display\display.o
                0x08004758                display_set_ambilight_colors
 .text.display_set_ambilight_marker_colors
                0x080047ac       0x44 obj\wc24h-stm32f103-release\~#\src\display\display.o
                0x080047ac                display_set_ambilight_marker_colors
 .text.display_set_animation_deceleration
                0x080047f0       0x14 obj\wc24h-stm32f103-release\~#\src\display\display.o
                0x080047f0                display_set_animation_deceleration
 .text.display_set_animation_flags
                0x08004804       0x14 obj\wc24h-stm32f103-release\~#\src\display\display.o
                0x08004804                display_set_animation_flags
 .text.display_set_color_animation_deceleration
                0x08004818       0x14 obj\wc24h-stm32f103-release\~#\src\display\display.o
                0x08004818                display_set_color_animation_deceleration
 .text.display_set_ambilight_mode_deceleration
                0x0800482c       0x14 obj\wc24h-stm32f103-release\~#\src\display\display.o
                0x0800482c                display_set_ambilight_mode_deceleration
 .text.display_set_ambilight_mode_flags
                0x08004840       0x14 obj\wc24h-stm32f103-release\~#\src\display\display.o
                0x08004840                display_set_ambilight_mode_flags
 .text.display_test
                0x08004854       0x6c obj\wc24h-stm32f103-release\~#\src\display\display.o
                0x08004854                display_test
 .text.display_temperature
                0x080048c0       0x58 obj\wc24h-stm32f103-release\~#\src\display\display.o
                0x080048c0                display_temperature
 .text.display_temperature_digits
                0x08004918       0x54 obj\wc24h-stm32f103-release\~#\src\display\display.o
                0x08004918                display_temperature_digits
 .text.display_init
                0x0800496c      0x264 obj\wc24h-stm32f103-release\~#\src\display\display.o
                0x0800496c                display_init
 .text.ds18xx_start_conversion
                0x08004bd0       0x4c obj\wc24h-stm32f103-release\~#\src\ds18xx\ds18xx.o
                0x08004bd0                ds18xx_start_conversion
 .text.ds18xx_read_raw_temp
                0x08004c1c       0x84 obj\wc24h-stm32f103-release\~#\src\ds18xx\ds18xx.o
                0x08004c1c                ds18xx_read_raw_temp
 .text.ds18xx_init
                0x08004ca0       0xe4 obj\wc24h-stm32f103-release\~#\src\ds18xx\ds18xx.o
                0x08004ca0                ds18xx_init
 .text.eeprom_init
                0x08004d84       0x40 obj\wc24h-stm32f103-release\~#\src\eeprom\eeprom.o
                0x08004d84                eeprom_init
 .text.eeprom_read
                0x08004dc4       0x2c obj\wc24h-stm32f103-release\~#\src\eeprom\eeprom.o
                0x08004dc4                eeprom_read
 .text.eeprom_write
                0x08004df0       0x5c obj\wc24h-stm32f103-release\~#\src\eeprom\eeprom.o
                0x08004df0                eeprom_write
 .text.esp_diffs_get_icon
                0x08004e4c       0x34 obj\wc24h-stm32f103-release\~#\src\esp-spiffs\esp-spiffs.o
                0x08004e4c                esp_diffs_get_icon
 .text.esp_diffs_read_icon
                0x08004e80      0x200 obj\wc24h-stm32f103-release\~#\src\esp-spiffs\esp-spiffs.o
                0x08004e80                esp_diffs_read_icon
 .text.esp8266_uart_init
                0x08005080       0xa8 obj\wc24h-stm32f103-release\~#\src\esp8266\esp8266-uart.o
                0x08005080                esp8266_uart_init
 .text.esp8266_uart_putc
                0x08005128       0x4c obj\wc24h-stm32f103-release\~#\src\esp8266\esp8266-uart.o
                0x08005128                esp8266_uart_putc
 .text.esp8266_uart_puts
                0x08005174       0x12 obj\wc24h-stm32f103-release\~#\src\esp8266\esp8266-uart.o
                0x08005174                esp8266_uart_puts
 *fill*         0x08005186        0x2 
 .text.esp8266_uart_char_available
                0x08005188       0x10 obj\wc24h-stm32f103-release\~#\src\esp8266\esp8266-uart.o
                0x08005188                esp8266_uart_char_available
 .text.esp8266_uart_poll
                0x08005198       0x40 obj\wc24h-stm32f103-release\~#\src\esp8266\esp8266-uart.o
                0x08005198                esp8266_uart_poll
 .text.esp8266_uart_flush
                0x080051d8       0x10 obj\wc24h-stm32f103-release\~#\src\esp8266\esp8266-uart.o
                0x080051d8                esp8266_uart_flush
 .text.USART2_IRQHandler
                0x080051e8       0xb4 obj\wc24h-stm32f103-release\~#\src\esp8266\esp8266-uart.o
                0x080051e8                USART2_IRQHandler
 .text.esp8266_gpio_init
                0x0800529c       0x74 obj\wc24h-stm32f103-release\~#\src\esp8266\esp8266.o
 .text.esp8266_get_message
                0x08005310      0x3ec obj\wc24h-stm32f103-release\~#\src\esp8266\esp8266.o
                0x08005310                esp8266_get_message
 .text.esp8266_send_cmd
                0x080056fc       0xdc obj\wc24h-stm32f103-release\~#\src\esp8266\esp8266.o
                0x080056fc                esp8266_send_cmd
 .text.esp8266_reset
                0x080057d8       0x3c obj\wc24h-stm32f103-release\~#\src\esp8266\esp8266.o
                0x080057d8                esp8266_reset
 .text.esp8266_accesspoint
                0x08005814       0x30 obj\wc24h-stm32f103-release\~#\src\esp8266\esp8266.o
                0x08005814                esp8266_accesspoint
 .text.esp8266_wps
                0x08005844       0x1c obj\wc24h-stm32f103-release\~#\src\esp8266\esp8266.o
                0x08005844                esp8266_wps
 .text.esp8266_flash
                0x08005860       0x58 obj\wc24h-stm32f103-release\~#\src\esp8266\esp8266.o
                0x08005860                esp8266_flash
 .text.esp8266_init
                0x080058b8       0x38 obj\wc24h-stm32f103-release\~#\src\esp8266\esp8266.o
                0x080058b8                esp8266_init
 .text.i2c_init_i2c
                0x080058f0       0x48 obj\wc24h-stm32f103-release\~#\src\i2c\i2c.o
 .text.i2c_handle_timeout
                0x08005938       0x30 obj\wc24h-stm32f103-release\~#\src\i2c\i2c.o
 .text.i2c_wait_for_flags.part.0
                0x08005968       0x3c obj\wc24h-stm32f103-release\~#\src\i2c\i2c.o
 .text.i2c_wait_for_flags.constprop.0
                0x080059a4       0x30 obj\wc24h-stm32f103-release\~#\src\i2c\i2c.o
 .text.i2c_send_address
                0x080059d4       0x8c obj\wc24h-stm32f103-release\~#\src\i2c\i2c.o
 .text.i2c_init
                0x08005a60      0x10c obj\wc24h-stm32f103-release\~#\src\i2c\i2c.o
                0x08005a60                i2c_init
 .text.i2c_read
                0x08005b6c       0xd4 obj\wc24h-stm32f103-release\~#\src\i2c\i2c.o
                0x08005b6c                i2c_read
 .text.i2c_write
                0x08005c40       0x78 obj\wc24h-stm32f103-release\~#\src\i2c\i2c.o
                0x08005c40                i2c_write
 .text.irmp_store_bit
                0x08005cb8       0xc4 obj\wc24h-stm32f103-release\~#\src\irmp\irmp.o
 .text.irmp_init
                0x08005d7c       0x2c obj\wc24h-stm32f103-release\~#\src\irmp\irmp.o
                0x08005d7c                irmp_init
 .text.irmp_get_data
                0x08005da8       0xac obj\wc24h-stm32f103-release\~#\src\irmp\irmp.o
                0x08005da8                irmp_get_data
 .text.irmp_ISR
                0x08005e54      0x464 obj\wc24h-stm32f103-release\~#\src\irmp\irmp.o
                0x08005e54                irmp_ISR
 .text.ldr_start_conversion
                0x080062b8        0x4 obj\wc24h-stm32f103-release\~#\src\ldr\ldr.o
                0x080062b8                ldr_start_conversion
 .text.ldr_poll_brightness
                0x080062bc       0x54 obj\wc24h-stm32f103-release\~#\src\ldr\ldr.o
                0x080062bc                ldr_poll_brightness
 .text.ldr_write_config_to_eep
                0x08006310       0x38 obj\wc24h-stm32f103-release\~#\src\ldr\ldr.o
                0x08006310                ldr_write_config_to_eep
 .text.ldr_read_config_from_eep
                0x08006348       0x70 obj\wc24h-stm32f103-release\~#\src\ldr\ldr.o
                0x08006348                ldr_read_config_from_eep
 .text.ldr_set_min_value
                0x080063b8       0x38 obj\wc24h-stm32f103-release\~#\src\ldr\ldr.o
                0x080063b8                ldr_set_min_value
 .text.ldr_set_max_value
                0x080063f0       0x38 obj\wc24h-stm32f103-release\~#\src\ldr\ldr.o
                0x080063f0                ldr_set_max_value
 .text.ldr_init
                0x08006428        0x4 obj\wc24h-stm32f103-release\~#\src\ldr\ldr.o
                0x08006428                ldr_init
 .text.log_uart_init
                0x0800642c       0xa8 obj\wc24h-stm32f103-release\~#\src\log\log-uart.o
                0x0800642c                log_uart_init
 .text.log_uart_putc
                0x080064d4       0x4c obj\wc24h-stm32f103-release\~#\src\log\log-uart.o
                0x080064d4                log_uart_putc
 .text.log_uart_puts
                0x08006520       0x12 obj\wc24h-stm32f103-release\~#\src\log\log-uart.o
                0x08006520                log_uart_puts
 *fill*         0x08006532        0x2 
 .text.log_uart_poll
                0x08006534       0x40 obj\wc24h-stm32f103-release\~#\src\log\log-uart.o
                0x08006534                log_uart_poll
 .text.log_uart_flush
                0x08006574       0x10 obj\wc24h-stm32f103-release\~#\src\log\log-uart.o
                0x08006574                log_uart_flush
 .text.USART1_IRQHandler
                0x08006584       0xb4 obj\wc24h-stm32f103-release\~#\src\log\log-uart.o
                0x08006584                USART1_IRQHandler
 .text.log_vprintf
                0x08006638       0x20 obj\wc24h-stm32f103-release\~#\src\log\log.o
                0x08006638                log_vprintf
 .text.log_printf
                0x08006658       0x1a obj\wc24h-stm32f103-release\~#\src\log\log.o
                0x08006658                log_printf
 .text.log_init
                0x08006672        0x4 obj\wc24h-stm32f103-release\~#\src\log\log.o
                0x08006672                log_init
 *fill*         0x08006676        0x2 
 .text.do_play_dfplayer
                0x08006678       0x34 obj\wc24h-stm32f103-release\~#\src\main.o
 .text.log_eep_error
                0x080066ac        0xc obj\wc24h-stm32f103-release\~#\src\main.o
 .text.set_display_power
                0x080066b8       0x44 obj\wc24h-stm32f103-release\~#\src\main.o
 .text.write_version_to_eep
                0x080066fc       0x1c obj\wc24h-stm32f103-release\~#\src\main.o
 .text.write_update_host_to_eep
                0x08006718       0x1c obj\wc24h-stm32f103-release\~#\src\main.o
 .text.speak.part.0
                0x08006734       0x64 obj\wc24h-stm32f103-release\~#\src\main.o
 .text.write_main_parameters_to_eep
                0x08006798       0x38 obj\wc24h-stm32f103-release\~#\src\main.o
 .text.main_set_ambilight_clock_wait_cycles
                0x080067d0       0x44 obj\wc24h-stm32f103-release\~#\src\main.o
                0x080067d0                main_set_ambilight_clock_wait_cycles
 .text.TIM2_IRQHandler
                0x08006814      0x27c obj\wc24h-stm32f103-release\~#\src\main.o
                0x08006814                TIM2_IRQHandler
 .text.schedule_esp8266_messages
                0x08006a90      0xb74 obj\wc24h-stm32f103-release\~#\src\main.o
                0x08006a90                schedule_esp8266_messages
 .text.startup.main
                0x08007604     0x1468 obj\wc24h-stm32f103-release\~#\src\main.o
                0x08007604                main
 .text.night_write_data_to_eep
                0x08008a6c       0x8c obj\wc24h-stm32f103-release\~#\src\night\night.o
                0x08008a6c                night_write_data_to_eep
 .text.night_read_data_from_eep
                0x08008af8       0xd4 obj\wc24h-stm32f103-release\~#\src\night\night.o
                0x08008af8                night_read_data_from_eep
 .text.night_check_night_times
                0x08008bcc       0x80 obj\wc24h-stm32f103-release\~#\src\night\night.o
                0x08008bcc                night_check_night_times
 .text.night_init
                0x08008c4c        0x2 obj\wc24h-stm32f103-release\~#\src\night\night.o
                0x08008c4c                night_init
 *fill*         0x08008c4e        0x2 
 .text.onewire_reset
                0x08008c50       0x78 obj\wc24h-stm32f103-release\~#\src\onewire\onewire.o
                0x08008c50                onewire_reset
 .text.onewire_read_bit
                0x08008cc8       0x28 obj\wc24h-stm32f103-release\~#\src\onewire\onewire.o
                0x08008cc8                onewire_read_bit
 .text.onewire_read_byte
                0x08008cf0       0x1c obj\wc24h-stm32f103-release\~#\src\onewire\onewire.o
                0x08008cf0                onewire_read_byte
 .text.onewire_read
                0x08008d0c       0x16 obj\wc24h-stm32f103-release\~#\src\onewire\onewire.o
                0x08008d0c                onewire_read
 *fill*         0x08008d22        0x2 
 .text.onewire_write_byte
                0x08008d24       0x40 obj\wc24h-stm32f103-release\~#\src\onewire\onewire.o
                0x08008d24                onewire_write_byte
 .text.onewire_write
                0x08008d64       0x16 obj\wc24h-stm32f103-release\~#\src\onewire\onewire.o
                0x08008d64                onewire_write
 .text.onewire_get_rom_code
                0x08008d7a       0x26 obj\wc24h-stm32f103-release\~#\src\onewire\onewire.o
                0x08008d7a                onewire_get_rom_code
 .text.onewire_init
                0x08008da0       0x44 obj\wc24h-stm32f103-release\~#\src\onewire\onewire.o
                0x08008da0                onewire_init
 .text.overlay_save_n_overlays
                0x08008de4       0x24 obj\wc24h-stm32f103-release\~#\src\overlay\overlay.o
 .text.overlay_save_overlay
                0x08008e08       0x74 obj\wc24h-stm32f103-release\~#\src\overlay\overlay.o
 .text.overlay_read_config_from_eep
                0x08008e7c       0xc8 obj\wc24h-stm32f103-release\~#\src\overlay\overlay.o
                0x08008e7c                overlay_read_config_from_eep
 .text.overlay_write_config_to_eep
                0x08008f44       0x2c obj\wc24h-stm32f103-release\~#\src\overlay\overlay.o
                0x08008f44                overlay_write_config_to_eep
 .text.overlay_set_type
                0x08008f70       0x18 obj\wc24h-stm32f103-release\~#\src\overlay\overlay.o
                0x08008f70                overlay_set_type
 .text.overlay_set_interval
                0x08008f88       0x18 obj\wc24h-stm32f103-release\~#\src\overlay\overlay.o
                0x08008f88                overlay_set_interval
 .text.overlay_set_duration
                0x08008fa0       0x18 obj\wc24h-stm32f103-release\~#\src\overlay\overlay.o
                0x08008fa0                overlay_set_duration
 .text.overlay_set_date_code
                0x08008fb8       0x18 obj\wc24h-stm32f103-release\~#\src\overlay\overlay.o
                0x08008fb8                overlay_set_date_code
 .text.overlay_set_date_start
                0x08008fd0       0x18 obj\wc24h-stm32f103-release\~#\src\overlay\overlay.o
                0x08008fd0                overlay_set_date_start
 .text.overlay_set_days
                0x08008fe8       0x1c obj\wc24h-stm32f103-release\~#\src\overlay\overlay.o
                0x08008fe8                overlay_set_days
 .text.overlay_set_text
                0x08009004       0x28 obj\wc24h-stm32f103-release\~#\src\overlay\overlay.o
                0x08009004                overlay_set_text
 .text.overlay_set_flags
                0x0800902c       0x20 obj\wc24h-stm32f103-release\~#\src\overlay\overlay.o
                0x0800902c                overlay_set_flags
 .text.overlay_calc_dates
                0x0800904c       0x7c obj\wc24h-stm32f103-release\~#\src\overlay\overlay.o
                0x0800904c                overlay_calc_dates
 .text.overlay_set_n_overlays
                0x080090c8        0xc obj\wc24h-stm32f103-release\~#\src\overlay\overlay.o
                0x080090c8                overlay_set_n_overlays
 .text.overlay_init
                0x080090d4        0xc obj\wc24h-stm32f103-release\~#\src\overlay\overlay.o
                0x080090d4                overlay_init
 .text.power_init
                0x080090e0       0x40 obj\wc24h-stm32f103-release\~#\src\power\power.o
                0x080090e0                power_init
 .text.power_on
                0x08009120       0x30 obj\wc24h-stm32f103-release\~#\src\power\power.o
                0x08009120                power_on
 .text.power_off
                0x08009150       0x30 obj\wc24h-stm32f103-release\~#\src\power\power.o
                0x08009150                power_off
 .text.search_cmd
                0x08009180       0x40 obj\wc24h-stm32f103-release\~#\src\remote-ir\remote-ir.o
 .text.remote_ir_get_cmd
                0x080091c0       0x44 obj\wc24h-stm32f103-release\~#\src\remote-ir\remote-ir.o
                0x080091c0                remote_ir_get_cmd
 .text.remote_ir_learn
                0x08009204       0x8c obj\wc24h-stm32f103-release\~#\src\remote-ir\remote-ir.o
                0x08009204                remote_ir_learn
 .text.remote_ir_read_codes_from_eep
                0x08009290       0x58 obj\wc24h-stm32f103-release\~#\src\remote-ir\remote-ir.o
                0x08009290                remote_ir_read_codes_from_eep
 .text.remote_ir_write_codes_to_eep
                0x080092e8       0x58 obj\wc24h-stm32f103-release\~#\src\remote-ir\remote-ir.o
                0x080092e8                remote_ir_write_codes_to_eep
 .text.rtc_read
                0x08009340       0x1c obj\wc24h-stm32f103-release\~#\src\rtc\rtc.o
 .text.rtc_write
                0x0800935c       0x1c obj\wc24h-stm32f103-release\~#\src\rtc\rtc.o
 .text.rtc_init
                0x08009378       0xa4 obj\wc24h-stm32f103-release\~#\src\rtc\rtc.o
                0x08009378                rtc_init
 .text.rtc_set_date_time
                0x0800941c       0x9c obj\wc24h-stm32f103-release\~#\src\rtc\rtc.o
                0x0800941c                rtc_set_date_time
 .text.rtc_get_date_time
                0x080094b8       0x90 obj\wc24h-stm32f103-release\~#\src\rtc\rtc.o
                0x080094b8                rtc_get_date_time
 .text.rtc_read_config_from_eep
                0x08009548       0x50 obj\wc24h-stm32f103-release\~#\src\rtc\rtc.o
                0x08009548                rtc_read_config_from_eep
 .text.rtc_write_config_to_eep
                0x08009598       0x30 obj\wc24h-stm32f103-release\~#\src\rtc\rtc.o
                0x08009598                rtc_write_config_to_eep
 .text.rtc_set_temp_correction
                0x080095c8       0x14 obj\wc24h-stm32f103-release\~#\src\rtc\rtc.o
                0x080095c8                rtc_set_temp_correction
 .text.rtc_get_temperature_index
                0x080095dc       0x38 obj\wc24h-stm32f103-release\~#\src\rtc\rtc.o
                0x080095dc                rtc_get_temperature_index
 .text.sk6812_setup_dma_buf
                0x08009614      0x118 obj\wc24h-stm32f103-release\~#\src\sk6812\sk6812.o
 .text.DMA1_Channel2_IRQHandler
                0x0800972c       0x5c obj\wc24h-stm32f103-release\~#\src\sk6812\sk6812.o
                0x0800972c                DMA1_Channel2_IRQHandler
 .text.sk6812_refresh
                0x08009788       0xc8 obj\wc24h-stm32f103-release\~#\src\sk6812\sk6812.o
                0x08009788                sk6812_refresh
 .text.sk6812_set_led
                0x08009850       0x38 obj\wc24h-stm32f103-release\~#\src\sk6812\sk6812.o
                0x08009850                sk6812_set_led
 .text.sk6812_set_all_leds
                0x08009888       0x4c obj\wc24h-stm32f103-release\~#\src\sk6812\sk6812.o
                0x08009888                sk6812_set_all_leds
 .text.sk6812_init
                0x080098d4      0x170 obj\wc24h-stm32f103-release\~#\src\sk6812\sk6812.o
                0x080098d4                sk6812_init
 .text.tables_init
                0x08009a44       0x10 obj\wc24h-stm32f103-release\~#\src\tables\tables.o
                0x08009a44                tables_init
 .text.tables_get
                0x08009a54       0x38 obj\wc24h-stm32f103-release\~#\src\tables\tables.o
                0x08009a54                tables_get
 .text.tables_tabinfo
                0x08009a8c       0xc0 obj\wc24h-stm32f103-release\~#\src\tables\tables.o
                0x08009a8c                tables_tabinfo
 .text.tables_tabillu
                0x08009b4c       0x9c obj\wc24h-stm32f103-release\~#\src\tables\tables.o
                0x08009b4c                tables_tabillu
 .text.tables_tabt
                0x08009be8       0x88 obj\wc24h-stm32f103-release\~#\src\tables\tables.o
                0x08009be8                tables_tabt
 .text.tables_tabh
                0x08009c70       0xac obj\wc24h-stm32f103-release\~#\src\tables\tables.o
                0x08009c70                tables_tabh
 .text.tables_tabm
                0x08009d1c       0xc4 obj\wc24h-stm32f103-release\~#\src\tables\tables.o
                0x08009d1c                tables_tabm
 .text.tables_fill_words
                0x08009de0       0xec obj\wc24h-stm32f103-release\~#\src\tables\tables.o
                0x08009de0                tables_fill_words
 .text.temp_start_conversion
                0x08009ecc        0x4 obj\wc24h-stm32f103-release\~#\src\tempsensor\tempsensor.o
                0x08009ecc                temp_start_conversion
 .text.temp_read_temp_index
                0x08009ed0       0x30 obj\wc24h-stm32f103-release\~#\src\tempsensor\tempsensor.o
                0x08009ed0                temp_read_temp_index
 .text.temp_read_config_from_eep
                0x08009f00       0x50 obj\wc24h-stm32f103-release\~#\src\tempsensor\tempsensor.o
                0x08009f00                temp_read_config_from_eep
 .text.temp_write_config_to_eep
                0x08009f50       0x30 obj\wc24h-stm32f103-release\~#\src\tempsensor\tempsensor.o
                0x08009f50                temp_write_config_to_eep
 .text.temp_set_temp_correction
                0x08009f80       0x14 obj\wc24h-stm32f103-release\~#\src\tempsensor\tempsensor.o
                0x08009f80                temp_set_temp_correction
 .text.temp_init
                0x08009f94        0x6 obj\wc24h-stm32f103-release\~#\src\tempsensor\tempsensor.o
                0x08009f94                temp_init
 *fill*         0x08009f9a        0x2 
 .text.add_new_food
                0x08009f9c       0x64 obj\wc24h-stm32f103-release\~#\src\tetris\snake.o
 .text.snake    0x0800a000      0x380 obj\wc24h-stm32f103-release\~#\src\tetris\snake.o
                0x0800a000                snake
 .text.draw_tetromino
                0x0800a380       0x80 obj\wc24h-stm32f103-release\~#\src\tetris\tetris.o
 .text.check_field
                0x0800a400       0x24 obj\wc24h-stm32f103-release\~#\src\tetris\tetris.o
 .text.check_move
                0x0800a424       0x68 obj\wc24h-stm32f103-release\~#\src\tetris\tetris.o
 .text.tetromino_down
                0x0800a48c       0x2c obj\wc24h-stm32f103-release\~#\src\tetris\tetris.o
 .text.tetris   0x0800a4b8      0x434 obj\wc24h-stm32f103-release\~#\src\tetris\tetris.o
                0x0800a4b8                tetris
 .text.timeserver_save_timezone
                0x0800a8ec       0x54 obj\wc24h-stm32f103-release\~#\src\timeserver\timeserver.o
 .text.timeserver_read_data_from_eep
                0x0800a940       0x7c obj\wc24h-stm32f103-release\~#\src\timeserver\timeserver.o
                0x0800a940                timeserver_read_data_from_eep
 .text.timeserver_write_data_to_eep
                0x0800a9bc       0x30 obj\wc24h-stm32f103-release\~#\src\timeserver\timeserver.o
                0x0800a9bc                timeserver_write_data_to_eep
 .text.timeserver_set_timezone
                0x0800a9ec       0x40 obj\wc24h-stm32f103-release\~#\src\timeserver\timeserver.o
                0x0800a9ec                timeserver_set_timezone
 .text.timeserver_set_timeserver
                0x0800aa2c       0x2c obj\wc24h-stm32f103-release\~#\src\timeserver\timeserver.o
                0x0800aa2c                timeserver_set_timeserver
 .text.timeserver_start_timeserver_request
                0x0800aa58       0x1c obj\wc24h-stm32f103-release\~#\src\timeserver\timeserver.o
                0x0800aa58                timeserver_start_timeserver_request
 .text.timeserver_convert_time
                0x0800aa74       0xb4 obj\wc24h-stm32f103-release\~#\src\timeserver\timeserver.o
                0x0800aa74                timeserver_convert_time
 .text.var_send_buf
                0x0800ab28       0x38 obj\wc24h-stm32f103-release\~#\src\vars\vars.o
 .text.var_send_dsp_color_variable
                0x0800ab60       0x2c obj\wc24h-stm32f103-release\~#\src\vars\vars.o
 .text.var_send_string
                0x0800ab8c       0x24 obj\wc24h-stm32f103-release\~#\src\vars\vars.o
 .text.var_send_byte
                0x0800abb0       0x24 obj\wc24h-stm32f103-release\~#\src\vars\vars.o
 .text.var_send_num_variable.part.0
                0x0800abd4       0x28 obj\wc24h-stm32f103-release\~#\src\vars\vars.o
 .text.var_send_str_variable.part.0
                0x0800abfc       0x20 obj\wc24h-stm32f103-release\~#\src\vars\vars.o
 .text.var_send_num8_array.part.0.constprop.0
                0x0800ac1c       0x34 obj\wc24h-stm32f103-release\~#\src\vars\vars.o
 .text.var_send_use_rgbw
                0x0800ac50        0x8 obj\wc24h-stm32f103-release\~#\src\vars\vars.o
                0x0800ac50                var_send_use_rgbw
 .text.var_send_display_power
                0x0800ac58       0x10 obj\wc24h-stm32f103-release\~#\src\vars\vars.o
                0x0800ac58                var_send_display_power
 .text.var_send_display_mode
                0x0800ac68       0x10 obj\wc24h-stm32f103-release\~#\src\vars\vars.o
                0x0800ac68                var_send_display_mode
 .text.var_send_display_brightness
                0x0800ac78       0x10 obj\wc24h-stm32f103-release\~#\src\vars\vars.o
                0x0800ac78                var_send_display_brightness
 .text.var_send_display_automatic_brightness_active
                0x0800ac88       0x10 obj\wc24h-stm32f103-release\~#\src\vars\vars.o
                0x0800ac88                var_send_display_automatic_brightness_active
 .text.var_send_animation_mode
                0x0800ac98       0x10 obj\wc24h-stm32f103-release\~#\src\vars\vars.o
                0x0800ac98                var_send_animation_mode
 .text.var_send_ambilight_mode
                0x0800aca8       0x10 obj\wc24h-stm32f103-release\~#\src\vars\vars.o
                0x0800aca8                var_send_ambilight_mode
 .text.var_send_ambilight_brightness
                0x0800acb8       0x10 obj\wc24h-stm32f103-release\~#\src\vars\vars.o
                0x0800acb8                var_send_ambilight_brightness
 .text.var_send_color_animation_mode
                0x0800acc8       0x10 obj\wc24h-stm32f103-release\~#\src\vars\vars.o
                0x0800acc8                var_send_color_animation_mode
 .text.var_send_ldr_raw_value
                0x0800acd8       0x10 obj\wc24h-stm32f103-release\~#\src\vars\vars.o
                0x0800acd8                var_send_ldr_raw_value
 .text.var_send_ldr_min_value
                0x0800ace8       0x10 obj\wc24h-stm32f103-release\~#\src\vars\vars.o
                0x0800ace8                var_send_ldr_min_value
 .text.var_send_ldr_max_value
                0x0800acf8       0x10 obj\wc24h-stm32f103-release\~#\src\vars\vars.o
                0x0800acf8                var_send_ldr_max_value
 .text.var_send_rtc_temp_index
                0x0800ad08       0x10 obj\wc24h-stm32f103-release\~#\src\vars\vars.o
                0x0800ad08                var_send_rtc_temp_index
 .text.var_send_ds18xx_temp_index
                0x0800ad18       0x10 obj\wc24h-stm32f103-release\~#\src\vars\vars.o
                0x0800ad18                var_send_ds18xx_temp_index
 .text.var_send_version
                0x0800ad28        0xc obj\wc24h-stm32f103-release\~#\src\vars\vars.o
                0x0800ad28                var_send_version
 .text.var_send_eep_version
                0x0800ad34        0xc obj\wc24h-stm32f103-release\~#\src\vars\vars.o
                0x0800ad34                var_send_eep_version
 .text.var_send_timeserver
                0x0800ad40        0xc obj\wc24h-stm32f103-release\~#\src\vars\vars.o
                0x0800ad40                var_send_timeserver
 .text.var_send_weather_appid
                0x0800ad4c        0xc obj\wc24h-stm32f103-release\~#\src\vars\vars.o
                0x0800ad4c                var_send_weather_appid
 .text.var_send_weather_city
                0x0800ad58        0xc obj\wc24h-stm32f103-release\~#\src\vars\vars.o
                0x0800ad58                var_send_weather_city
 .text.var_send_weather_lon
                0x0800ad64        0xc obj\wc24h-stm32f103-release\~#\src\vars\vars.o
                0x0800ad64                var_send_weather_lon
 .text.var_send_weather_lat
                0x0800ad70        0xc obj\wc24h-stm32f103-release\~#\src\vars\vars.o
                0x0800ad70                var_send_weather_lat
 .text.var_send_tm
                0x0800ad7c       0x3c obj\wc24h-stm32f103-release\~#\src\vars\vars.o
                0x0800ad7c                var_send_tm
 .text.var_send_display_colors
                0x0800adb8        0xc obj\wc24h-stm32f103-release\~#\src\vars\vars.o
                0x0800adb8                var_send_display_colors
 .text.var_send_ambilight_colors
                0x0800adc4        0xc obj\wc24h-stm32f103-release\~#\src\vars\vars.o
                0x0800adc4                var_send_ambilight_colors
 .text.var_send_ambilight_marker_colors
                0x0800add0        0xc obj\wc24h-stm32f103-release\~#\src\vars\vars.o
                0x0800add0                var_send_ambilight_marker_colors
 .text.var_send_display_animations
                0x0800addc       0x5c obj\wc24h-stm32f103-release\~#\src\vars\vars.o
                0x0800addc                var_send_display_animations
 .text.var_send_color_animations
                0x0800ae38       0x64 obj\wc24h-stm32f103-release\~#\src\vars\vars.o
                0x0800ae38                var_send_color_animations
 .text.var_send_ambilight_modes
                0x0800ae9c       0x64 obj\wc24h-stm32f103-release\~#\src\vars\vars.o
                0x0800ae9c                var_send_ambilight_modes
 .text.var_send_overlays
                0x0800af00       0xe0 obj\wc24h-stm32f103-release\~#\src\vars\vars.o
                0x0800af00                var_send_overlays
 .text.var_send_all_variables
                0x0800afe0      0x234 obj\wc24h-stm32f103-release\~#\src\vars\vars.o
                0x0800afe0                var_send_all_variables
 .text.weather_write_config_to_eep
                0x0800b214       0x70 obj\wc24h-stm32f103-release\~#\src\weather\weather.o
                0x0800b214                weather_write_config_to_eep
 .text.weather_read_config_from_eep
                0x0800b284       0x94 obj\wc24h-stm32f103-release\~#\src\weather\weather.o
                0x0800b284                weather_read_config_from_eep
 .text.weather_set_appid
                0x0800b318       0x24 obj\wc24h-stm32f103-release\~#\src\weather\weather.o
                0x0800b318                weather_set_appid
 .text.weather_set_city
                0x0800b33c       0x2c obj\wc24h-stm32f103-release\~#\src\weather\weather.o
                0x0800b33c                weather_set_city
 .text.weather_set_lon
                0x0800b368       0x38 obj\wc24h-stm32f103-release\~#\src\weather\weather.o
                0x0800b368                weather_set_lon
 .text.weather_set_lat
                0x0800b3a0       0x38 obj\wc24h-stm32f103-release\~#\src\weather\weather.o
                0x0800b3a0                weather_set_lat
 .text.weather_query
                0x0800b3d8       0xb0 obj\wc24h-stm32f103-release\~#\src\weather\weather.o
                0x0800b3d8                weather_query
 .text.wpsbutton_init
                0x0800b488       0x2c obj\wc24h-stm32f103-release\~#\src\wpsbutton\wpsbutton.o
                0x0800b488                wpsbutton_init
 .text.wpsbutton_pressed
                0x0800b4b4       0x14 obj\wc24h-stm32f103-release\~#\src\wpsbutton\wpsbutton.o
                0x0800b4b4                wpsbutton_pressed
 .text.NVIC_Init
                0x0800b4c8       0x68 obj\wc24h-stm32f103-release\spl\src\misc.o
                0x0800b4c8                NVIC_Init
 .text.ADC_Init
                0x0800b530       0x48 obj\wc24h-stm32f103-release\spl\src\stm32f10x_adc.o
                0x0800b530                ADC_Init
 .text.ADC_StructInit
                0x0800b578       0x10 obj\wc24h-stm32f103-release\spl\src\stm32f10x_adc.o
                0x0800b578                ADC_StructInit
 .text.ADC_Cmd  0x0800b588       0x12 obj\wc24h-stm32f103-release\spl\src\stm32f10x_adc.o
                0x0800b588                ADC_Cmd
 .text.ADC_ResetCalibration
                0x0800b59a        0xa obj\wc24h-stm32f103-release\spl\src\stm32f10x_adc.o
                0x0800b59a                ADC_ResetCalibration
 .text.ADC_GetResetCalibrationStatus
                0x0800b5a4        0x8 obj\wc24h-stm32f103-release\spl\src\stm32f10x_adc.o
                0x0800b5a4                ADC_GetResetCalibrationStatus
 .text.ADC_StartCalibration
                0x0800b5ac        0xa obj\wc24h-stm32f103-release\spl\src\stm32f10x_adc.o
                0x0800b5ac                ADC_StartCalibration
 .text.ADC_GetCalibrationStatus
                0x0800b5b6        0x8 obj\wc24h-stm32f103-release\spl\src\stm32f10x_adc.o
                0x0800b5b6                ADC_GetCalibrationStatus
 .text.ADC_SoftwareStartConvCmd
                0x0800b5be       0x12 obj\wc24h-stm32f103-release\spl\src\stm32f10x_adc.o
                0x0800b5be                ADC_SoftwareStartConvCmd
 .text.ADC_RegularChannelConfig
                0x0800b5d0       0x8e obj\wc24h-stm32f103-release\spl\src\stm32f10x_adc.o
                0x0800b5d0                ADC_RegularChannelConfig
 .text.ADC_GetConversionValue
                0x0800b65e        0x6 obj\wc24h-stm32f103-release\spl\src\stm32f10x_adc.o
                0x0800b65e                ADC_GetConversionValue
 .text.ADC_GetFlagStatus
                0x0800b664        0xc obj\wc24h-stm32f103-release\spl\src\stm32f10x_adc.o
                0x0800b664                ADC_GetFlagStatus
 .text.DMA_DeInit
                0x0800b670       0xf4 obj\wc24h-stm32f103-release\spl\src\stm32f10x_dma.o
                0x0800b670                DMA_DeInit
 .text.DMA_Init
                0x0800b764       0x3c obj\wc24h-stm32f103-release\spl\src\stm32f10x_dma.o
                0x0800b764                DMA_Init
 .text.DMA_StructInit
                0x0800b7a0       0x1a obj\wc24h-stm32f103-release\spl\src\stm32f10x_dma.o
                0x0800b7a0                DMA_StructInit
 .text.DMA_Cmd  0x0800b7ba       0x16 obj\wc24h-stm32f103-release\spl\src\stm32f10x_dma.o
                0x0800b7ba                DMA_Cmd
 .text.DMA_ITConfig
                0x0800b7d0       0x10 obj\wc24h-stm32f103-release\spl\src\stm32f10x_dma.o
                0x0800b7d0                DMA_ITConfig
 .text.DMA_SetCurrDataCounter
                0x0800b7e0        0x4 obj\wc24h-stm32f103-release\spl\src\stm32f10x_dma.o
                0x0800b7e0                DMA_SetCurrDataCounter
 .text.DMA_GetFlagStatus
                0x0800b7e4       0x1c obj\wc24h-stm32f103-release\spl\src\stm32f10x_dma.o
                0x0800b7e4                DMA_GetFlagStatus
 .text.DMA_ClearFlag
                0x0800b800       0x14 obj\wc24h-stm32f103-release\spl\src\stm32f10x_dma.o
                0x0800b800                DMA_ClearFlag
 .text.DMA_GetITStatus
                0x0800b814        0x4 obj\wc24h-stm32f103-release\spl\src\stm32f10x_dma.o
                0x0800b814                DMA_GetITStatus
 .text.DMA_ClearITPendingBit
                0x0800b818        0x4 obj\wc24h-stm32f103-release\spl\src\stm32f10x_dma.o
                0x0800b818                DMA_ClearITPendingBit
 .text.GPIO_Init
                0x0800b81c       0x9a obj\wc24h-stm32f103-release\spl\src\stm32f10x_gpio.o
                0x0800b81c                GPIO_Init
 .text.GPIO_StructInit
                0x0800b8b6        0xe obj\wc24h-stm32f103-release\spl\src\stm32f10x_gpio.o
                0x0800b8b6                GPIO_StructInit
 .text.GPIO_ReadInputDataBit
                0x0800b8c4        0xc obj\wc24h-stm32f103-release\spl\src\stm32f10x_gpio.o
                0x0800b8c4                GPIO_ReadInputDataBit
 .text.GPIO_PinRemapConfig
                0x0800b8d0       0x60 obj\wc24h-stm32f103-release\spl\src\stm32f10x_gpio.o
                0x0800b8d0                GPIO_PinRemapConfig
 .text.I2C_DeInit
                0x0800b930       0x34 obj\wc24h-stm32f103-release\spl\src\stm32f10x_i2c.o
                0x0800b930                I2C_DeInit
 .text.I2C_Init
                0x0800b964       0xd4 obj\wc24h-stm32f103-release\spl\src\stm32f10x_i2c.o
                0x0800b964                I2C_Init
 .text.I2C_StructInit
                0x0800ba38       0x1c obj\wc24h-stm32f103-release\spl\src\stm32f10x_i2c.o
                0x0800ba38                I2C_StructInit
 .text.I2C_Cmd  0x0800ba54       0x18 obj\wc24h-stm32f103-release\spl\src\stm32f10x_i2c.o
                0x0800ba54                I2C_Cmd
 .text.I2C_GenerateSTART
                0x0800ba6c       0x18 obj\wc24h-stm32f103-release\spl\src\stm32f10x_i2c.o
                0x0800ba6c                I2C_GenerateSTART
 .text.I2C_GenerateSTOP
                0x0800ba84       0x18 obj\wc24h-stm32f103-release\spl\src\stm32f10x_i2c.o
                0x0800ba84                I2C_GenerateSTOP
 .text.I2C_AcknowledgeConfig
                0x0800ba9c       0x18 obj\wc24h-stm32f103-release\spl\src\stm32f10x_i2c.o
                0x0800ba9c                I2C_AcknowledgeConfig
 .text.I2C_SendData
                0x0800bab4        0x4 obj\wc24h-stm32f103-release\spl\src\stm32f10x_i2c.o
                0x0800bab4                I2C_SendData
 .text.I2C_ReceiveData
                0x0800bab8        0x6 obj\wc24h-stm32f103-release\spl\src\stm32f10x_i2c.o
                0x0800bab8                I2C_ReceiveData
 .text.I2C_Send7bitAddress
                0x0800babe       0x12 obj\wc24h-stm32f103-release\spl\src\stm32f10x_i2c.o
                0x0800babe                I2C_Send7bitAddress
 .text.I2C_SoftwareResetCmd
                0x0800bad0       0x18 obj\wc24h-stm32f103-release\spl\src\stm32f10x_i2c.o
                0x0800bad0                I2C_SoftwareResetCmd
 .text.I2C_GetFlagStatus
                0x0800bae8       0x34 obj\wc24h-stm32f103-release\spl\src\stm32f10x_i2c.o
                0x0800bae8                I2C_GetFlagStatus
 .text.RCC_ADCCLKConfig
                0x0800bb1c       0x14 obj\wc24h-stm32f103-release\spl\src\stm32f10x_rcc.o
                0x0800bb1c                RCC_ADCCLKConfig
 .text.RCC_GetClocksFreq
                0x0800bb30       0x84 obj\wc24h-stm32f103-release\spl\src\stm32f10x_rcc.o
                0x0800bb30                RCC_GetClocksFreq
 .text.RCC_AHBPeriphClockCmd
                0x0800bbb4       0x18 obj\wc24h-stm32f103-release\spl\src\stm32f10x_rcc.o
                0x0800bbb4                RCC_AHBPeriphClockCmd
 .text.RCC_APB2PeriphClockCmd
                0x0800bbcc       0x18 obj\wc24h-stm32f103-release\spl\src\stm32f10x_rcc.o
                0x0800bbcc                RCC_APB2PeriphClockCmd
 .text.RCC_APB1PeriphClockCmd
                0x0800bbe4       0x18 obj\wc24h-stm32f103-release\spl\src\stm32f10x_rcc.o
                0x0800bbe4                RCC_APB1PeriphClockCmd
 .text.RCC_APB1PeriphResetCmd
                0x0800bbfc       0x18 obj\wc24h-stm32f103-release\spl\src\stm32f10x_rcc.o
                0x0800bbfc                RCC_APB1PeriphResetCmd
 .text.TIM_TimeBaseInit
                0x0800bc14       0x94 obj\wc24h-stm32f103-release\spl\src\stm32f10x_tim.o
                0x0800bc14                TIM_TimeBaseInit
 .text.TIM_OC1Init
                0x0800bca8       0x88 obj\wc24h-stm32f103-release\spl\src\stm32f10x_tim.o
                0x0800bca8                TIM_OC1Init
 .text.TIM_TimeBaseStructInit
                0x0800bd30       0x12 obj\wc24h-stm32f103-release\spl\src\stm32f10x_tim.o
                0x0800bd30                TIM_TimeBaseStructInit
 .text.TIM_OCStructInit
                0x0800bd42       0x14 obj\wc24h-stm32f103-release\spl\src\stm32f10x_tim.o
                0x0800bd42                TIM_OCStructInit
 .text.TIM_Cmd  0x0800bd56       0x18 obj\wc24h-stm32f103-release\spl\src\stm32f10x_tim.o
                0x0800bd56                TIM_Cmd
 .text.TIM_CtrlPWMOutputs
                0x0800bd6e       0x1c obj\wc24h-stm32f103-release\spl\src\stm32f10x_tim.o
                0x0800bd6e                TIM_CtrlPWMOutputs
 .text.TIM_ITConfig
                0x0800bd8a       0x12 obj\wc24h-stm32f103-release\spl\src\stm32f10x_tim.o
                0x0800bd8a                TIM_ITConfig
 .text.TIM_DMACmd
                0x0800bd9c        0x4 obj\wc24h-stm32f103-release\spl\src\stm32f10x_tim.o
                0x0800bd9c                TIM_DMACmd
 .text.TIM_ARRPreloadConfig
                0x0800bda0       0x18 obj\wc24h-stm32f103-release\spl\src\stm32f10x_tim.o
                0x0800bda0                TIM_ARRPreloadConfig
 .text.TIM_OC1PreloadConfig
                0x0800bdb8       0x10 obj\wc24h-stm32f103-release\spl\src\stm32f10x_tim.o
                0x0800bdb8                TIM_OC1PreloadConfig
 .text.TIM_ClearITPendingBit
                0x0800bdc8        0x8 obj\wc24h-stm32f103-release\spl\src\stm32f10x_tim.o
                0x0800bdc8                TIM_ClearITPendingBit
 .text.USART_Init
                0x0800bdd0       0xa8 obj\wc24h-stm32f103-release\spl\src\stm32f10x_usart.o
                0x0800bdd0                USART_Init
 .text.USART_StructInit
                0x0800be78       0x14 obj\wc24h-stm32f103-release\spl\src\stm32f10x_usart.o
                0x0800be78                USART_StructInit
 .text.USART_Cmd
                0x0800be8c       0x18 obj\wc24h-stm32f103-release\spl\src\stm32f10x_usart.o
                0x0800be8c                USART_Cmd
 .text.USART_ITConfig
                0x0800bea4       0x30 obj\wc24h-stm32f103-release\spl\src\stm32f10x_usart.o
                0x0800bea4                USART_ITConfig
 .text.USART_SendData
                0x0800bed4        0x8 obj\wc24h-stm32f103-release\spl\src\stm32f10x_usart.o
                0x0800bed4                USART_SendData
 .text.USART_ReceiveData
                0x0800bedc        0x8 obj\wc24h-stm32f103-release\spl\src\stm32f10x_usart.o
                0x0800bedc                USART_ReceiveData
 .text.USART_OverSampling8Cmd
                0x0800bee4       0x18 obj\wc24h-stm32f103-release\spl\src\stm32f10x_usart.o
                0x0800bee4                USART_OverSampling8Cmd
 .text.USART_GetITStatus
                0x0800befc       0x3e obj\wc24h-stm32f103-release\spl\src\stm32f10x_usart.o
                0x0800befc                USART_GetITStatus
 .text.USART_ClearITPendingBit
                0x0800bf3a        0xe obj\wc24h-stm32f103-release\spl\src\stm32f10x_usart.o
                0x0800bf3a                USART_ClearITPendingBit
 .text.Reset_Handler
                0x0800bf48       0x44 obj\wc24h-stm32f103-release\src\startup_stm32f103xb.o
                0x0800bf48                Reset_Handler
 .text.Default_Handler
                0x0800bf8c        0x2 obj\wc24h-stm32f103-release\src\startup_stm32f103xb.o
                0x0800bf8c                RTC_Alarm_IRQHandler
                0x0800bf8c                EXTI2_IRQHandler
                0x0800bf8c                DebugMon_Handler
                0x0800bf8c                TIM1_CC_IRQHandler
                0x0800bf8c                HardFault_Handler
                0x0800bf8c                PVD_IRQHandler
                0x0800bf8c                PendSV_Handler
                0x0800bf8c                NMI_Handler
                0x0800bf8c                EXTI3_IRQHandler
                0x0800bf8c                EXTI0_IRQHandler
                0x0800bf8c                I2C2_EV_IRQHandler
                0x0800bf8c                UsageFault_Handler
                0x0800bf8c                ADC1_2_IRQHandler
                0x0800bf8c                SPI1_IRQHandler
                0x0800bf8c                TAMPER_IRQHandler
                0x0800bf8c                DMA1_Channel4_IRQHandler
                0x0800bf8c                RTC_IRQHandler
                0x0800bf8c                DMA1_Channel7_IRQHandler
                0x0800bf8c                CAN1_RX1_IRQHandler
                0x0800bf8c                TIM4_IRQHandler
                0x0800bf8c                I2C1_EV_IRQHandler
                0x0800bf8c                DMA1_Channel6_IRQHandler
                0x0800bf8c                TIM3_IRQHandler
                0x0800bf8c                RCC_IRQHandler
                0x0800bf8c                TIM1_TRG_COM_IRQHandler
                0x0800bf8c                DMA1_Channel1_IRQHandler
                0x0800bf8c                Default_Handler
                0x0800bf8c                EXTI15_10_IRQHandler
                0x0800bf8c                EXTI9_5_IRQHandler
                0x0800bf8c                SPI2_IRQHandler
                0x0800bf8c                MemManage_Handler
                0x0800bf8c                SVC_Handler
                0x0800bf8c                DMA1_Channel5_IRQHandler
                0x0800bf8c                EXTI4_IRQHandler
                0x0800bf8c                USB_LP_CAN1_RX0_IRQHandler
                0x0800bf8c                USB_HP_CAN1_TX_IRQHandler
                0x0800bf8c                DMA1_Channel3_IRQHandler
                0x0800bf8c                TIM1_UP_IRQHandler
                0x0800bf8c                WWDG_IRQHandler
                0x0800bf8c                TIM1_BRK_IRQHandler
                0x0800bf8c                EXTI1_IRQHandler
                0x0800bf8c                I2C2_ER_IRQHandler
                0x0800bf8c                CAN1_SCE_IRQHandler
                0x0800bf8c                FLASH_IRQHandler
                0x0800bf8c                BusFault_Handler
                0x0800bf8c                I2C1_ER_IRQHandler
                0x0800bf8c                USBWakeUp_IRQHandler
 *fill*         0x0800bf8e        0x2 
 .text.SystemInit
                0x0800bf90       0xf0 obj\wc24h-stm32f103-release\src\system_stm32f10x.o
                0x0800bf90                SystemInit
 .text.SystemCoreClockUpdate
                0x0800c080       0x58 obj\wc24h-stm32f103-release\src\system_stm32f10x.o
                0x0800c080                SystemCoreClockUpdate
 .text.atoi     0x0800c0d8        0x8 c:/program files (x86)/embitz2/share/armgcc/bin/../lib/gcc/arm-none-eabi/9.3.1/../../../../arm-none-eabi/lib/thumb/v7-m/nofp\libg_nano.a(lib_a-atoi.o)
                0x0800c0d8                atoi
 .text.memcpy   0x0800c0e0       0x1c c:/program files (x86)/embitz2/share/armgcc/bin/../lib/gcc/arm-none-eabi/9.3.1/../../../../arm-none-eabi/lib/thumb/v7-m/nofp\libg_nano.a(lib_a-memcpy-stub.o)
                0x0800c0e0                memcpy
 .text.memset   0x0800c0fc       0x10 c:/program files (x86)/embitz2/share/armgcc/bin/../lib/gcc/arm-none-eabi/9.3.1/../../../../arm-none-eabi/lib/thumb/v7-m/nofp\libg_nano.a(lib_a-memset.o)
                0x0800c0fc                memset
 .text.sprintf  0x0800c10c       0x40 c:/program files (x86)/embitz2/share/armgcc/bin/../lib/gcc/arm-none-eabi/9.3.1/../../../../arm-none-eabi/lib/thumb/v7-m/nofp\libg_nano.a(lib_a-sprintf.o)
                0x0800c10c                siprintf
                0x0800c10c                sprintf
 .text.strcat   0x0800c14c       0x1e c:/program files (x86)/embitz2/share/armgcc/bin/../lib/gcc/arm-none-eabi/9.3.1/../../../../arm-none-eabi/lib/thumb/v7-m/nofp\libg_nano.a(lib_a-strcat.o)
                0x0800c14c                strcat
 .text.strchr   0x0800c16a       0x1a c:/program files (x86)/embitz2/share/armgcc/bin/../lib/gcc/arm-none-eabi/9.3.1/../../../../arm-none-eabi/lib/thumb/v7-m/nofp\libg_nano.a(lib_a-strchr.o)
                0x0800c16a                strchr
 .text.strcpy   0x0800c184       0x10 c:/program files (x86)/embitz2/share/armgcc/bin/../lib/gcc/arm-none-eabi/9.3.1/../../../../arm-none-eabi/lib/thumb/v7-m/nofp\libg_nano.a(lib_a-strcpy.o)
                0x0800c184                strcpy
 .text.strncmp  0x0800c194       0x24 c:/program files (x86)/embitz2/share/armgcc/bin/../lib/gcc/arm-none-eabi/9.3.1/../../../../arm-none-eabi/lib/thumb/v7-m/nofp\libg_nano.a(lib_a-strncmp.o)
                0x0800c194                strncmp
 .text.strncpy  0x0800c1b8       0x26 c:/program files (x86)/embitz2/share/armgcc/bin/../lib/gcc/arm-none-eabi/9.3.1/../../../../arm-none-eabi/lib/thumb/v7-m/nofp\libg_nano.a(lib_a-strncpy.o)
                0x0800c1b8                strncpy
 *fill*         0x0800c1de        0x2 
 .text._strtol_l.isra.0
                0x0800c1e0      0x10c c:/program files (x86)/embitz2/share/armgcc/bin/../lib/gcc/arm-none-eabi/9.3.1/../../../../arm-none-eabi/lib/thumb/v7-m/nofp\libg_nano.a(lib_a-strtol.o)
 .text.strtol   0x0800c2ec       0x14 c:/program files (x86)/embitz2/share/armgcc/bin/../lib/gcc/arm-none-eabi/9.3.1/../../../../arm-none-eabi/lib/thumb/v7-m/nofp\libg_nano.a(lib_a-strtol.o)
                0x0800c2ec                strtol
 .text._strtoul_l.isra.0
                0x0800c300       0xf8 c:/program files (x86)/embitz2/share/armgcc/bin/../lib/gcc/arm-none-eabi/9.3.1/../../../../arm-none-eabi/lib/thumb/v7-m/nofp\libg_nano.a(lib_a-strtoul.o)
 .text.strtoul  0x0800c3f8       0x14 c:/program files (x86)/embitz2/share/armgcc/bin/../lib/gcc/arm-none-eabi/9.3.1/../../../../arm-none-eabi/lib/thumb/v7-m/nofp\libg_nano.a(lib_a-strtoul.o)
                0x0800c3f8                strtoul
 .text._vsnprintf_r
                0x0800c40c       0x58 c:/program files (x86)/embitz2/share/armgcc/bin/../lib/gcc/arm-none-eabi/9.3.1/../../../../arm-none-eabi/lib/thumb/v7-m/nofp\libg_nano.a(lib_a-vsnprintf.o)
                0x0800c40c                _vsniprintf_r
                0x0800c40c                _vsnprintf_r
 .text.vsnprintf
                0x0800c464       0x1c c:/program files (x86)/embitz2/share/armgcc/bin/../lib/gcc/arm-none-eabi/9.3.1/../../../../arm-none-eabi/lib/thumb/v7-m/nofp\libg_nano.a(lib_a-vsnprintf.o)
                0x0800c464                vsniprintf
                0x0800c464                vsnprintf
 .text.__errno  0x0800c480        0xc c:/program files (x86)/embitz2/share/armgcc/bin/../lib/gcc/arm-none-eabi/9.3.1/../../../../arm-none-eabi/lib/thumb/v7-m/nofp\libg_nano.a(lib_a-errno.o)
                0x0800c480                __errno
 .text.__ssputs_r
                0x0800c48c       0xb6 c:/program files (x86)/embitz2/share/armgcc/bin/../lib/gcc/arm-none-eabi/9.3.1/../../../../arm-none-eabi/lib/thumb/v7-m/nofp\libg_nano.a(lib_a-nano-svfprintf.o)
                0x0800c48c                __ssputs_r
 *fill*         0x0800c542        0x2 
 .text._svfprintf_r
                0x0800c544      0x200 c:/program files (x86)/embitz2/share/armgcc/bin/../lib/gcc/arm-none-eabi/9.3.1/../../../../arm-none-eabi/lib/thumb/v7-m/nofp\libg_nano.a(lib_a-nano-svfprintf.o)
                0x0800c544                _svfiprintf_r
                0x0800c544                _svfprintf_r
 .text._printf_common
                0x0800c744       0xde c:/program files (x86)/embitz2/share/armgcc/bin/../lib/gcc/arm-none-eabi/9.3.1/../../../../arm-none-eabi/lib/thumb/v7-m/nofp\libg_nano.a(lib_a-nano-vfprintf_i.o)
                0x0800c744                _printf_common
 *fill*         0x0800c822        0x2 
 .text._printf_i
                0x0800c824      0x24c c:/program files (x86)/embitz2/share/armgcc/bin/../lib/gcc/arm-none-eabi/9.3.1/../../../../arm-none-eabi/lib/thumb/v7-m/nofp\libg_nano.a(lib_a-nano-vfprintf_i.o)
                0x0800c824                _printf_i
 .text.memchr   0x0800ca70       0x1c c:/program files (x86)/embitz2/share/armgcc/bin/../lib/gcc/arm-none-eabi/9.3.1/../../../../arm-none-eabi/lib/thumb/v7-m/nofp\libg_nano.a(lib_a-memchr-stub.o)
                0x0800ca70                memchr
 .text.memmove  0x0800ca8c       0x34 c:/program files (x86)/embitz2/share/armgcc/bin/../lib/gcc/arm-none-eabi/9.3.1/../../../../arm-none-eabi/lib/thumb/v7-m/nofp\libg_nano.a(lib_a-memmove.o)
                0x0800ca8c                memmove
 .text._free_r  0x0800cac0       0x98 c:/program files (x86)/embitz2/share/armgcc/bin/../lib/gcc/arm-none-eabi/9.3.1/../../../../arm-none-eabi/lib/thumb/v7-m/nofp\libg_nano.a(lib_a-nano-freer.o)
                0x0800cac0                _free_r
 .text._malloc_r
                0x0800cb58       0xb4 c:/program files (x86)/embitz2/share/armgcc/bin/../lib/gcc/arm-none-eabi/9.3.1/../../../../arm-none-eabi/lib/thumb/v7-m/nofp\libg_nano.a(lib_a-nano-mallocr.o)
                0x0800cb58                _malloc_r
 .text._realloc_r
                0x0800cc0c       0x4c c:/program files (x86)/embitz2/share/armgcc/bin/../lib/gcc/arm-none-eabi/9.3.1/../../../../arm-none-eabi/lib/thumb/v7-m/nofp\libg_nano.a(lib_a-nano-reallocr.o)
                0x0800cc0c                _realloc_r
 .text._sbrk_r  0x0800cc58       0x20 c:/program files (x86)/embitz2/share/armgcc/bin/../lib/gcc/arm-none-eabi/9.3.1/../../../../arm-none-eabi/lib/thumb/v7-m/nofp\libg_nano.a(lib_a-sbrkr.o)
                0x0800cc58                _sbrk_r
 .text.__malloc_lock
                0x0800cc78        0xc c:/program files (x86)/embitz2/share/armgcc/bin/../lib/gcc/arm-none-eabi/9.3.1/../../../../arm-none-eabi/lib/thumb/v7-m/nofp\libg_nano.a(lib_a-mlock.o)
                0x0800cc78                __malloc_lock
 .text.__malloc_unlock
                0x0800cc84        0xc c:/program files (x86)/embitz2/share/armgcc/bin/../lib/gcc/arm-none-eabi/9.3.1/../../../../arm-none-eabi/lib/thumb/v7-m/nofp\libg_nano.a(lib_a-mlock.o)
                0x0800cc84                __malloc_unlock
 .text._malloc_usable_size_r
                0x0800cc90       0x10 c:/program files (x86)/embitz2/share/armgcc/bin/../lib/gcc/arm-none-eabi/9.3.1/../../../../arm-none-eabi/lib/thumb/v7-m/nofp\libg_nano.a(lib_a-nano-msizer.o)
                0x0800cc90                _malloc_usable_size_r
 .text.__retarget_lock_acquire_recursive
                0x0800cca0        0x2 c:/program files (x86)/embitz2/share/armgcc/bin/../lib/gcc/arm-none-eabi/9.3.1/../../../../arm-none-eabi/lib/thumb/v7-m/nofp\libg_nano.a(lib_a-lock.o)
                0x0800cca0                __retarget_lock_acquire_recursive
 .text.__retarget_lock_release_recursive
                0x0800cca2        0x2 c:/program files (x86)/embitz2/share/armgcc/bin/../lib/gcc/arm-none-eabi/9.3.1/../../../../arm-none-eabi/lib/thumb/v7-m/nofp\libg_nano.a(lib_a-lock.o)
                0x0800cca2                __retarget_lock_release_recursive
 .text._sbrk    0x0800cca4       0x1c c:/program files (x86)/embitz2/share/armgcc/bin/../lib/gcc/arm-none-eabi/9.3.1/../../../../arm-none-eabi/lib/thumb/v7-m/nofp\libnosys.a(sbrk.o)
                0x0800cca4                _sbrk
 *(.glue_7)
 .glue_7        0x0800ccc0        0x0 linker stubs
 *(.glue_7t)
 .glue_7t       0x0800ccc0        0x0 linker stubs
 *(.eh_frame)
 .eh_frame      0x0800ccc0        0x0 c:/program files (x86)/embitz2/share/armgcc/bin/../lib/gcc/arm-none-eabi/9.3.1/thumb/v7-m/nofp/crtbegin.o
 *(.init)
 .init          0x0800ccc0        0x4 c:/program files (x86)/embitz2/share/armgcc/bin/../lib/gcc/arm-none-eabi/9.3.1/thumb/v7-m/nofp/crti.o
                0x0800ccc0                _init
 .init          0x0800ccc4        0x8 c:/program files (x86)/embitz2/share/armgcc/bin/../lib/gcc/arm-none-eabi/9.3.1/thumb/v7-m/nofp/crtn.o
 *(.fini)
 .fini          0x0800cccc        0x4 c:/program files (x86)/embitz2/share/armgcc/bin/../lib/gcc/arm-none-eabi/9.3.1/thumb/v7-m/nofp/crti.o
                0x0800cccc                _fini
 .fini          0x0800ccd0        0x8 c:/program files (x86)/embitz2/share/armgcc/bin/../lib/gcc/arm-none-eabi/9.3.1/thumb/v7-m/nofp/crtn.o
                0x0800ccd8                . = ALIGN (0x4)
                0x0800ccd8                _etext = .

.vfp11_veneer   0x0800ccd8        0x0
 .vfp11_veneer  0x0800ccd8        0x0 linker stubs

.v4_bx          0x0800ccd8        0x0
 .v4_bx         0x0800ccd8        0x0 linker stubs

.iplt           0x0800ccd8        0x0
 .iplt          0x0800ccd8        0x0 c:/program files (x86)/embitz2/share/armgcc/bin/../lib/gcc/arm-none-eabi/9.3.1/thumb/v7-m/nofp/crtbegin.o

.rodata         0x0800ccd8     0x1b68
                0x0800ccd8                . = ALIGN (0x4)
 *(.rodata)
 .rodata        0x0800ccd8        0x6 obj\wc24h-stm32f103-release\~#\src\display\display.o
 *(.rodata*)
 .rodata.str1.1
                0x0800ccde       0x21 obj\wc24h-stm32f103-release\~#\src\base\base.o
 *fill*         0x0800ccff        0x1 
 .rodata.g_days_per_month
                0x0800cd00       0x30 obj\wc24h-stm32f103-release\~#\src\base\base.o
 .rodata.dcf77_tick.str1.1
                0x0800cd30       0x9e obj\wc24h-stm32f103-release\~#\src\dcf77\dcf77.o
                                 0xa1 (size before relaxing)
 .rodata.dfplayer_set_volume.str1.1
                0x0800cdce       0x1a obj\wc24h-stm32f103-release\~#\src\dfplayer\dfplayer.o
 .rodata.dfplayer_set_eq.str1.1
                0x0800cde8       0x16 obj\wc24h-stm32f103-release\~#\src\dfplayer\dfplayer.o
 .rodata.dfplayer_source_device.str1.1
                0x0800cdfe       0x22 obj\wc24h-stm32f103-release\~#\src\dfplayer\dfplayer.o
 .rodata.dfplayer_query_software_version.str1.1
                0x0800ce20       0x21 obj\wc24h-stm32f103-release\~#\src\dfplayer\dfplayer.o
                                 0x24 (size before relaxing)
 .rodata.dfplayer_read_message.str1.1
                0x0800ce41      0x4bd obj\wc24h-stm32f103-release\~#\src\dfplayer\dfplayer.o
 .rodata.dfplayer_init.str1.1
                0x0800d2fe       0x12 obj\wc24h-stm32f103-release\~#\src\dfplayer\dfplayer.o
 .rodata.display_get_icon.str1.1
                0x0800d310        0xf obj\wc24h-stm32f103-release\~#\src\display\display.o
 .rodata.display_get_weather_icon.str1.1
                0x0800d31f       0x12 obj\wc24h-stm32f103-release\~#\src\display\display.o
 .rodata.display_read_icon.str1.1
                0x0800d331       0x13 obj\wc24h-stm32f103-release\~#\src\display\display.o
                                 0x16 (size before relaxing)
 .rodata.display_temperature_digits.str1.1
                0x0800d344        0x5 obj\wc24h-stm32f103-release\~#\src\display\display.o
 .rodata.display_init.str1.1
                0x0800d349       0x70 obj\wc24h-stm32f103-release\~#\src\display\display.o
                                 0x85 (size before relaxing)
 .rodata.icon_colors
                0x0800d3b9       0x28 obj\wc24h-stm32f103-release\~#\src\display\display.o
 *fill*         0x0800d3e1        0x1 
 .rodata.pwmtable8
                0x0800d3e2       0x80 obj\wc24h-stm32f103-release\~#\src\display\display.o
                0x0800d3e2                pwmtable8
 .rodata.ticker_font
                0x0800d462      0x400 obj\wc24h-stm32f103-release\~#\src\display\display.o
 .rodata.esp_diffs_get_icon.str1.1
                0x0800d862        0x8 obj\wc24h-stm32f103-release\~#\src\esp-spiffs\esp-spiffs.o
                                  0xd (size before relaxing)
 .rodata.esp8266_get_message.str1.1
                0x0800d86a       0x9d obj\wc24h-stm32f103-release\~#\src\esp8266\esp8266.o
                                 0xa3 (size before relaxing)
 .rodata.esp8266_send_cmd.str1.1
                0x0800d907       0x17 obj\wc24h-stm32f103-release\~#\src\esp8266\esp8266.o
                                 0x1a (size before relaxing)
 .rodata.esp8266_accesspoint.str1.1
                0x0800d91e        0xd obj\wc24h-stm32f103-release\~#\src\esp8266\esp8266.o
 .rodata.esp8266_wps.str1.1
                0x0800d92b        0x4 obj\wc24h-stm32f103-release\~#\src\esp8266\esp8266.o
 .rodata.esp8266_init.str1.1
                0x0800d92f       0x11 obj\wc24h-stm32f103-release\~#\src\esp8266\esp8266.o
 .rodata.i2c_init.str1.1
                0x0800d940       0x1c obj\wc24h-stm32f103-release\~#\src\i2c\i2c.o
                                 0x1f (size before relaxing)
 .rodata.kaseikyo_param
                0x0800d95c       0x44 obj\wc24h-stm32f103-release\~#\src\irmp\irmp.o
 .rodata.nec_param
                0x0800d9a0       0x44 obj\wc24h-stm32f103-release\~#\src\irmp\irmp.o
 .rodata.nec_rep_param
                0x0800d9e4       0x44 obj\wc24h-stm32f103-release\~#\src\irmp\irmp.o
 .rodata.samsung_param
                0x0800da28       0x44 obj\wc24h-stm32f103-release\~#\src\irmp\irmp.o
 .rodata.sircs_param
                0x0800da6c       0x44 obj\wc24h-stm32f103-release\~#\src\irmp\irmp.o
 .rodata.log_eep_error.str1.1
                0x0800dab0       0x1e obj\wc24h-stm32f103-release\~#\src\main.o
 .rodata.schedule_esp8266_messages.str1.1
                0x0800dace       0xb0 obj\wc24h-stm32f103-release\~#\src\main.o
 .rodata.main.str1.1
                0x0800db7e      0x66e obj\wc24h-stm32f103-release\~#\src\main.o
                                0x698 (size before relaxing)
 .rodata.overlay_calc_dates.str1.1
                0x0800e1ec       0x34 obj\wc24h-stm32f103-release\~#\src\overlay\overlay.o
 .rodata.power_init.str1.1
                0x0800e220       0x14 obj\wc24h-stm32f103-release\~#\src\power\power.o
                                 0x17 (size before relaxing)
 .rodata.power_on.str1.1
                0x0800e234       0x13 obj\wc24h-stm32f103-release\~#\src\power\power.o
 .rodata.power_off.str1.1
                0x0800e247       0x14 obj\wc24h-stm32f103-release\~#\src\power\power.o
 .rodata.remote_ir_learn.str1.1
                0x0800e25b       0x1a obj\wc24h-stm32f103-release\~#\src\remote-ir\remote-ir.o
                                 0x1d (size before relaxing)
 .rodata.str1.1
                0x0800e275      0x19e obj\wc24h-stm32f103-release\~#\src\remote-ir\remote-ir.o
 *fill*         0x0800e413        0x1 
 .rodata.CSWTCH.7
                0x0800e414       0x4c obj\wc24h-stm32f103-release\~#\src\remote-ir\remote-ir.o
 .rodata.sk6812_init.str1.1
                0x0800e460       0x45 obj\wc24h-stm32f103-release\~#\src\sk6812\sk6812.o
                                 0x48 (size before relaxing)
 .rodata.tables_init.str1.1
                0x0800e4a5        0x8 obj\wc24h-stm32f103-release\~#\src\tables\tables.o
 .rodata.tables_get.str1.1
                0x0800e4ad        0xc obj\wc24h-stm32f103-release\~#\src\tables\tables.o
 .rodata.tables_tabinfo.str1.1
                0x0800e4b9       0x4b obj\wc24h-stm32f103-release\~#\src\tables\tables.o
                                 0x4d (size before relaxing)
 .rodata.tables_tabillu.str1.1
                0x0800e504        0x5 obj\wc24h-stm32f103-release\~#\src\tables\tables.o
                                  0x8 (size before relaxing)
 .rodata.tables_tabt.str1.1
                0x0800e509        0x8 obj\wc24h-stm32f103-release\~#\src\tables\tables.o
 .rodata.tables_tabh.str1.1
                0x0800e511        0x5 obj\wc24h-stm32f103-release\~#\src\tables\tables.o
 .rodata.tables_tabm.str1.1
                0x0800e516       0x10 obj\wc24h-stm32f103-release\~#\src\tables\tables.o
                                 0x13 (size before relaxing)
 .rodata.snake.str1.1
                0x0800e526        0xb obj\wc24h-stm32f103-release\~#\src\tetris\snake.o
 .rodata.food_color
                0x0800e531        0x4 obj\wc24h-stm32f103-release\~#\src\tetris\snake.o
 .rodata.snake_color
                0x0800e535        0x4 obj\wc24h-stm32f103-release\~#\src\tetris\snake.o
 .rodata.tetris.str1.1
                0x0800e539        0xc obj\wc24h-stm32f103-release\~#\src\tetris\tetris.o
 .rodata.dsp_color1
                0x0800e545        0x4 obj\wc24h-stm32f103-release\~#\src\tetris\tetris.o
 .rodata.tetromino_colors
                0x0800e549       0x1c obj\wc24h-stm32f103-release\~#\src\tetris\tetris.o
 .rodata.tetrominos
                0x0800e565       0x70 obj\wc24h-stm32f103-release\~#\src\tetris\tetris.o
 .rodata.timeserver_read_data_from_eep.str1.1
                0x0800e5d5        0xf obj\wc24h-stm32f103-release\~#\src\timeserver\timeserver.o
 .rodata.timeserver_set_timezone.str1.1
                0x0800e5e4       0x13 obj\wc24h-stm32f103-release\~#\src\timeserver\timeserver.o
 .rodata.timeserver_start_timeserver_request.str1.1
                0x0800e5f7        0x5 obj\wc24h-stm32f103-release\~#\src\timeserver\timeserver.o
 .rodata.var_send_buf.str1.1
                0x0800e5fc        0x5 obj\wc24h-stm32f103-release\~#\src\vars\vars.o
                                  0x8 (size before relaxing)
 .rodata.var_send_dsp_color_variable.str1.1
                0x0800e601       0x17 obj\wc24h-stm32f103-release\~#\src\vars\vars.o
 .rodata.var_send_string.str1.1
                0x0800e618        0x9 obj\wc24h-stm32f103-release\~#\src\vars\vars.o
 .rodata.var_send_byte.str1.1
                0x0800e621        0xb obj\wc24h-stm32f103-release\~#\src\vars\vars.o
 .rodata.var_send_num_variable.part.0.str1.1
                0x0800e62c        0xe obj\wc24h-stm32f103-release\~#\src\vars\vars.o
 .rodata.var_send_str_variable.part.0.str1.1